
> tecassistiva-site@0.1.0 build
> node scripts/build-search-data.js && node scripts/generate-sitemap.mjs && next build

Iniciando a geraÔö£┬║Ôö£├║o de dados de busca abrangente...
Buscando produtos...
Buscando produtos com documentos...
Buscando atas...
Buscando softwares...
Dados de busca gerados com sucesso em: E:\DEV\novo-site-teca\tecassistiva-site\public\search-data.json
110 itens foram indexados.
- 41 Produtos
- 47 Documentos
- 2 Atas
- 7 Softwares/Drivers
- 13 PÔö£├¡ginas
Gerando sitemap...
Sitemap gerado com sucesso em public/sitemap.xml
  Ôû▓ Next.js 14.2.32
  - Environments: .env.local

   Creating an optimized production build ...
 Ô£ô Compiled successfully
   Linting and checking validity of types ...
   Collecting page data ...
­ƒöî Fetching API: https://innovative-friendship-159ff40007.strapiapp.com/api/categorias?fields[0]=slug&populate[subcategorias][fields][0]=slug&pagination[limit]=200
­ƒöî Fetching API: https://innovative-friendship-159ff40007.strapiapp.com/api/categorias?fields[0]=slug&populate[subcategorias][fields][0]=slug&pagination[limit]=200
Generating 14 manufacturer pages...
Generating 41 product pages...
   Generating static pages (0/153) ...
­ƒöî Fetching API: https://innovative-friendship-159ff40007.strapiapp.com/api/categorias?sort=nome:asc&fields[0]=nome&fields[1]=slug&fields[2]=ordem&populate[subcategorias][fields][0]=nome&populate[subcategorias][fields][1]=slug&populate[subcategorias][fields][2]=ordem&pagination[limit]=100
­ƒöî Fetching API: https://innovative-friendship-159ff40007.strapiapp.com/api/categorias?sort=nome:asc&fields[0]=nome&fields[1]=slug&fields[2]=ordem&populate[subcategorias][fields][0]=nome&populate[subcategorias][fields][1]=slug&populate[subcategorias][fields][2]=ordem&pagination[limit]=100
­ƒöî Fetching API: https://innovative-friendship-159ff40007.strapiapp.com/api/categorias?sort=nome:asc&fields[0]=nome&fields[1]=slug&fields[2]=ordem&populate[subcategorias][fields][0]=nome&populate[subcategorias][fields][1]=slug&populate[subcategorias][fields][2]=ordem&pagination[limit]=100
­ƒöî Fetching API: https://innovative-friendship-159ff40007.strapiapp.com/api/categorias?sort=nome:asc&fields[0]=nome&fields[1]=slug&fields[2]=ordem&populate[subcategorias][fields][0]=nome&populate[subcategorias][fields][1]=slug&populate[subcategorias][fields][2]=ordem&pagination[limit]=100
­ƒöî Fetching API: https://innovative-friendship-159ff40007.strapiapp.com/api/produtos?filters[relacao_fabricante][slug][$eq]=tecassistiva&populate=*&sort=ordem:asc
­ƒöî Fetching API: https://innovative-friendship-159ff40007.strapiapp.com/api/produtos?filters[relacao_fabricante][slug][$eq]=tecassistiva&populate=*&sort=ordem:asc
­ƒöî Fetching API: https://innovative-friendship-159ff40007.strapiapp.com/api/categorias?sort=nome:asc&fields[0]=nome&fields[1]=slug&fields[2]=ordem&populate[subcategorias][fields][0]=nome&populate[subcategorias][fields][1]=slug&populate[subcategorias][fields][2]=ordem&pagination[limit]=100
­ƒöî Fetching API: https://innovative-friendship-159ff40007.strapiapp.com/api/categorias?sort=nome:asc&fields[0]=nome&fields[1]=slug&fields[2]=ordem&populate[subcategorias][fields][0]=nome&populate[subcategorias][fields][1]=slug&populate[subcategorias][fields][2]=ordem&pagination[limit]=100
­ƒöî Fetching API: https://innovative-friendship-159ff40007.strapiapp.com/api/categorias?sort=nome:asc&fields[0]=nome&fields[1]=slug&fields[2]=ordem&populate[subcategorias][fields][0]=nome&populate[subcategorias][fields][1]=slug&populate[subcategorias][fields][2]=ordem&pagination[limit]=100
­ƒöî Fetching API: https://innovative-friendship-159ff40007.strapiapp.com/api/categorias?sort=nome:asc&fields[0]=nome&fields[1]=slug&fields[2]=ordem&populate[subcategorias][fields][0]=nome&populate[subcategorias][fields][1]=slug&populate[subcategorias][fields][2]=ordem&pagination[limit]=100
­ƒöî Fetching API: https://innovative-friendship-159ff40007.strapiapp.com/api/categorias?sort=nome:asc&fields[0]=nome&fields[1]=slug&fields[2]=ordem&populate[subcategorias][fields][0]=nome&populate[subcategorias][fields][1]=slug&populate[subcategorias][fields][2]=ordem&pagination[limit]=100
­ƒöî Fetching API: https://innovative-friendship-159ff40007.strapiapp.com/api/categorias?sort=nome:asc&fields[0]=nome&fields[1]=slug&fields[2]=ordem&populate[subcategorias][fields][0]=nome&populate[subcategorias][fields][1]=slug&populate[subcategorias][fields][2]=ordem&pagination[limit]=100
­ƒöî Fetching API: https://innovative-friendship-159ff40007.strapiapp.com/api/categorias?sort=nome:asc&fields[0]=nome&fields[1]=slug&fields[2]=ordem&populate[subcategorias][fields][0]=nome&populate[subcategorias][fields][1]=slug&populate[subcategorias][fields][2]=ordem&pagination[limit]=100
­ƒöî Fetching API: https://innovative-friendship-159ff40007.strapiapp.com/api/categorias?sort=nome:asc&fields[0]=nome&fields[1]=slug&fields[2]=ordem&populate[subcategorias][fields][0]=nome&populate[subcategorias][fields][1]=slug&populate[subcategorias][fields][2]=ordem&pagination[limit]=100
­ƒöî Fetching API: https://innovative-friendship-159ff40007.strapiapp.com/api/produtos?populate[0]=imagem_principal&populate[1]=subcategorias&populate[2]=categorias&pagination[limit]=1000&sort=ordem:asc
­ƒöî Fetching API: https://innovative-friendship-159ff40007.strapiapp.com/api/categorias?sort=nome:asc&fields[0]=nome&fields[1]=slug&fields[2]=ordem&populate[subcategorias][fields][0]=nome&populate[subcategorias][fields][1]=slug&populate[subcategorias][fields][2]=ordem&pagination[limit]=100
­ƒöî Fetching API: https://innovative-friendship-159ff40007.strapiapp.com/api/categorias?sort=nome:asc&fields[0]=nome&fields[1]=slug&fields[2]=ordem&populate[subcategorias][fields][0]=nome&populate[subcategorias][fields][1]=slug&populate[subcategorias][fields][2]=ordem&pagination[limit]=100
­ƒöî Fetching API: https://innovative-friendship-159ff40007.strapiapp.com/api/produtos?populate[0]=imagem_principal&populate[1]=subcategorias&populate[2]=categorias&pagination[limit]=1000&sort=ordem:asc
­ƒöî Fetching API: https://innovative-friendship-159ff40007.strapiapp.com/api/categorias?sort=nome:asc&fields[0]=nome&fields[1]=slug&fields[2]=ordem&populate[subcategorias][fields][0]=nome&populate[subcategorias][fields][1]=slug&populate[subcategorias][fields][2]=ordem&pagination[limit]=100
­ƒöî Fetching API: https://innovative-friendship-159ff40007.strapiapp.com/api/categorias?sort=nome:asc&fields[0]=nome&fields[1]=slug&fields[2]=ordem&populate[subcategorias][fields][0]=nome&populate[subcategorias][fields][1]=slug&populate[subcategorias][fields][2]=ordem&pagination[limit]=100
­ƒöî Fetching API: https://innovative-friendship-159ff40007.strapiapp.com/api/categorias?sort=nome:asc&fields[0]=nome&fields[1]=slug&fields[2]=ordem&populate[subcategorias][fields][0]=nome&populate[subcategorias][fields][1]=slug&populate[subcategorias][fields][2]=ordem&pagination[limit]=100
­ƒöî Fetching API: https://innovative-friendship-159ff40007.strapiapp.com/api/categorias?sort=nome:asc&fields[0]=nome&fields[1]=slug&fields[2]=ordem&populate[subcategorias][fields][0]=nome&populate[subcategorias][fields][1]=slug&populate[subcategorias][fields][2]=ordem&pagination[limit]=100
­ƒöî Fetching API: https://innovative-friendship-159ff40007.strapiapp.com/api/produtos?filters[relacao_fabricante][slug][$eq]=freedom-scientific&populate=*&sort=ordem:asc
­ƒöî Fetching API: https://innovative-friendship-159ff40007.strapiapp.com/api/produtos?filters[relacao_fabricante][slug][$eq]=freedom-scientific&populate=*&sort=ordem:asc
­ƒöî Fetching API: https://innovative-friendship-159ff40007.strapiapp.com/api/categorias?sort=nome:asc&fields[0]=nome&fields[1]=slug&fields[2]=ordem&populate[subcategorias][fields][0]=nome&populate[subcategorias][fields][1]=slug&populate[subcategorias][fields][2]=ordem&pagination[limit]=100
­ƒöî Fetching API: https://innovative-friendship-159ff40007.strapiapp.com/api/categorias?sort=nome:asc&fields[0]=nome&fields[1]=slug&fields[2]=ordem&populate[subcategorias][fields][0]=nome&populate[subcategorias][fields][1]=slug&populate[subcategorias][fields][2]=ordem&pagination[limit]=100
­ƒöî Fetching API: https://innovative-friendship-159ff40007.strapiapp.com/api/categorias?sort=nome:asc&fields[0]=nome&fields[1]=slug&fields[2]=ordem&populate[subcategorias][fields][0]=nome&populate[subcategorias][fields][1]=slug&populate[subcategorias][fields][2]=ordem&pagination[limit]=100
­ƒöî Fetching API: https://innovative-friendship-159ff40007.strapiapp.com/api/categorias?sort=nome:asc&fields[0]=nome&fields[1]=slug&fields[2]=ordem&populate[subcategorias][fields][0]=nome&populate[subcategorias][fields][1]=slug&populate[subcategorias][fields][2]=ordem&pagination[limit]=100
­ƒöî Fetching API: https://innovative-friendship-159ff40007.strapiapp.com/api/produtos?filters[relacao_fabricante][slug][$eq]=optelec&populate=*&sort=ordem:asc
­ƒöî Fetching API: https://innovative-friendship-159ff40007.strapiapp.com/api/produtos?filters[relacao_fabricante][slug][$eq]=optelec&populate=*&sort=ordem:asc
­ƒöî Fetching API: https://innovative-friendship-159ff40007.strapiapp.com/api/categorias?sort=nome:asc&fields[0]=nome&fields[1]=slug&fields[2]=ordem&populate[subcategorias][fields][0]=nome&populate[subcategorias][fields][1]=slug&populate[subcategorias][fields][2]=ordem&pagination[limit]=100
­ƒöî Fetching API: https://innovative-friendship-159ff40007.strapiapp.com/api/categorias?sort=nome:asc&fields[0]=nome&fields[1]=slug&fields[2]=ordem&populate[subcategorias][fields][0]=nome&populate[subcategorias][fields][1]=slug&populate[subcategorias][fields][2]=ordem&pagination[limit]=100
­ƒöî Fetching API: https://innovative-friendship-159ff40007.strapiapp.com/api/categorias?sort=nome:asc&fields[0]=nome&fields[1]=slug&fields[2]=ordem&populate[subcategorias][fields][0]=nome&populate[subcategorias][fields][1]=slug&populate[subcategorias][fields][2]=ordem&pagination[limit]=100
­ƒöî Fetching API: https://innovative-friendship-159ff40007.strapiapp.com/api/categorias?sort=nome:asc&fields[0]=nome&fields[1]=slug&fields[2]=ordem&populate[subcategorias][fields][0]=nome&populate[subcategorias][fields][1]=slug&populate[subcategorias][fields][2]=ordem&pagination[limit]=100
­ƒöî Fetching API: https://innovative-friendship-159ff40007.strapiapp.com/api/categorias?sort=nome:asc&fields[0]=nome&fields[1]=slug&fields[2]=ordem&populate[subcategorias][fields][0]=nome&populate[subcategorias][fields][1]=slug&populate[subcategorias][fields][2]=ordem&pagination[limit]=100
­ƒöî Fetching API: https://innovative-friendship-159ff40007.strapiapp.com/api/categorias?sort=nome:asc&fields[0]=nome&fields[1]=slug&fields[2]=ordem&populate[subcategorias][fields][0]=nome&populate[subcategorias][fields][1]=slug&populate[subcategorias][fields][2]=ordem&pagination[limit]=100
­ƒöî Fetching API: https://innovative-friendship-159ff40007.strapiapp.com/api/categorias?sort=nome:asc&fields[0]=nome&fields[1]=slug&fields[2]=ordem&populate[subcategorias][fields][0]=nome&populate[subcategorias][fields][1]=slug&populate[subcategorias][fields][2]=ordem&pagination[limit]=100
­ƒöî Fetching API: https://innovative-friendship-159ff40007.strapiapp.com/api/categorias?sort=nome:asc&fields[0]=nome&fields[1]=slug&fields[2]=ordem&populate[subcategorias][fields][0]=nome&populate[subcategorias][fields][1]=slug&populate[subcategorias][fields][2]=ordem&pagination[limit]=100
­ƒöî Fetching API: https://innovative-friendship-159ff40007.strapiapp.com/api/categorias?sort=nome:asc&fields[0]=nome&fields[1]=slug&fields[2]=ordem&populate[subcategorias][fields][0]=nome&populate[subcategorias][fields][1]=slug&populate[subcategorias][fields][2]=ordem&pagination[limit]=100
­ƒöî Fetching API: https://innovative-friendship-159ff40007.strapiapp.com/api/categorias?sort=nome:asc&fields[0]=nome&fields[1]=slug&fields[2]=ordem&populate[subcategorias][fields][0]=nome&populate[subcategorias][fields][1]=slug&populate[subcategorias][fields][2]=ordem&pagination[limit]=100
­ƒöî Fetching API: https://innovative-friendship-159ff40007.strapiapp.com/api/categorias?sort=nome:asc&fields[0]=nome&fields[1]=slug&fields[2]=ordem&populate[subcategorias][fields][0]=nome&populate[subcategorias][fields][1]=slug&populate[subcategorias][fields][2]=ordem&pagination[limit]=100
­ƒöî Fetching API: https://innovative-friendship-159ff40007.strapiapp.com/api/categorias?sort=nome:asc&fields[0]=nome&fields[1]=slug&fields[2]=ordem&populate[subcategorias][fields][0]=nome&populate[subcategorias][fields][1]=slug&populate[subcategorias][fields][2]=ordem&pagination[limit]=100
­ƒöî Fetching API: https://innovative-friendship-159ff40007.strapiapp.com/api/categorias?sort=nome:asc&fields[0]=nome&fields[1]=slug&fields[2]=ordem&populate[subcategorias][fields][0]=nome&populate[subcategorias][fields][1]=slug&populate[subcategorias][fields][2]=ordem&pagination[limit]=100
­ƒöî Fetching API: https://innovative-friendship-159ff40007.strapiapp.com/api/categorias?sort=nome:asc&fields[0]=nome&fields[1]=slug&fields[2]=ordem&populate[subcategorias][fields][0]=nome&populate[subcategorias][fields][1]=slug&populate[subcategorias][fields][2]=ordem&pagination[limit]=100
­ƒöî Fetching API: https://innovative-friendship-159ff40007.strapiapp.com/api/categorias?sort=nome:asc&fields[0]=nome&fields[1]=slug&fields[2]=ordem&populate[subcategorias][fields][0]=nome&populate[subcategorias][fields][1]=slug&populate[subcategorias][fields][2]=ordem&pagination[limit]=100
­ƒöî Fetching API: https://innovative-friendship-159ff40007.strapiapp.com/api/categorias?sort=nome:asc&fields[0]=nome&fields[1]=slug&fields[2]=ordem&populate[subcategorias][fields][0]=nome&populate[subcategorias][fields][1]=slug&populate[subcategorias][fields][2]=ordem&pagination[limit]=100
­ƒöî Fetching API: https://innovative-friendship-159ff40007.strapiapp.com/api/produtos?filters[relacao_fabricante][slug][$eq]=index-braille&populate=*&sort=ordem:asc
­ƒöî Fetching API: https://innovative-friendship-159ff40007.strapiapp.com/api/produtos?filters[relacao_fabricante][slug][$eq]=index-braille&populate=*&sort=ordem:asc
­ƒöî Fetching API: https://innovative-friendship-159ff40007.strapiapp.com/api/fabricantes?filters[slug][$eq]=index-braille
­ƒöî Fetching API: https://innovative-friendship-159ff40007.strapiapp.com/api/fabricantes?filters[slug][$eq]=index-braille
­ƒöî Fetching API: https://innovative-friendship-159ff40007.strapiapp.com/api/fabricantes?filters[slug][$eq]=optelec
­ƒöî Fetching API: https://innovative-friendship-159ff40007.strapiapp.com/api/fabricantes?filters[slug][$eq]=optelec
­ƒöî Fetching API: https://innovative-friendship-159ff40007.strapiapp.com/api/produtos?filters[relacao_fabricante][slug][$eq]=multipalno&populate=*&sort=ordem:asc
­ƒöî Fetching API: https://innovative-friendship-159ff40007.strapiapp.com/api/produtos?filters[relacao_fabricante][slug][$eq]=multipalno&populate=*&sort=ordem:asc
­ƒöî Fetching API: https://innovative-friendship-159ff40007.strapiapp.com/api/fabricantes?filters[slug][$eq]=multipalno
­ƒöî Fetching API: https://innovative-friendship-159ff40007.strapiapp.com/api/fabricantes?filters[slug][$eq]=multipalno
­ƒöî Fetching API: https://innovative-friendship-159ff40007.strapiapp.com/api/produtos?filters[relacao_fabricante][slug][$eq]=ohfa-tech&populate=*&sort=ordem:asc
­ƒöî Fetching API: https://innovative-friendship-159ff40007.strapiapp.com/api/produtos?filters[relacao_fabricante][slug][$eq]=ohfa-tech&populate=*&sort=ordem:asc
­ƒöî Fetching API: https://innovative-friendship-159ff40007.strapiapp.com/api/fabricantes?filters[slug][$eq]=ohfa-tech
­ƒöî Fetching API: https://innovative-friendship-159ff40007.strapiapp.com/api/fabricantes?filters[slug][$eq]=ohfa-tech
­ƒöî Fetching API: https://innovative-friendship-159ff40007.strapiapp.com/api/fabricantes?filters[slug][$eq]=tecassistiva
­ƒöî Fetching API: https://innovative-friendship-159ff40007.strapiapp.com/api/fabricantes?filters[slug][$eq]=tecassistiva
­ƒöî Fetching API: https://innovative-friendship-159ff40007.strapiapp.com/api/produtos?filters[relacao_fabricante][slug][$eq]=american-thermoform&populate=*&sort=ordem:asc
­ƒöî Fetching API: https://innovative-friendship-159ff40007.strapiapp.com/api/produtos?filters[relacao_fabricante][slug][$eq]=american-thermoform&populate=*&sort=ordem:asc
­ƒöî Fetching API: https://innovative-friendship-159ff40007.strapiapp.com/api/fabricantes?filters[slug][$eq]=american-thermoform
­ƒöî Fetching API: https://innovative-friendship-159ff40007.strapiapp.com/api/fabricantes?filters[slug][$eq]=american-thermoform
­ƒöî Fetching API: https://innovative-friendship-159ff40007.strapiapp.com/api/fabricantes?filters[slug][$eq]=freedom-scientific
­ƒöî Fetching API: https://innovative-friendship-159ff40007.strapiapp.com/api/fabricantes?filters[slug][$eq]=freedom-scientific
­ƒöî Fetching API: https://innovative-friendship-159ff40007.strapiapp.com/api/categorias?sort=nome:asc&fields[0]=nome&fields[1]=slug&fields[2]=ordem&populate[subcategorias][fields][0]=nome&populate[subcategorias][fields][1]=slug&populate[subcategorias][fields][2]=ordem&pagination[limit]=100
­ƒöî Fetching API: https://innovative-friendship-159ff40007.strapiapp.com/api/categorias?sort=nome:asc&fields[0]=nome&fields[1]=slug&fields[2]=ordem&populate[subcategorias][fields][0]=nome&populate[subcategorias][fields][1]=slug&populate[subcategorias][fields][2]=ordem&pagination[limit]=100
­ƒöî Fetching API: https://innovative-friendship-159ff40007.strapiapp.com/api/produtos?filters[relacao_fabricante][slug][$eq]=mountbatten&populate=*&sort=ordem:asc
­ƒöî Fetching API: https://innovative-friendship-159ff40007.strapiapp.com/api/categorias?sort=nome:asc&fields[0]=nome&fields[1]=slug&fields[2]=ordem&populate[subcategorias][fields][0]=nome&populate[subcategorias][fields][1]=slug&populate[subcategorias][fields][2]=ordem&pagination[limit]=100
­ƒöî Fetching API: https://innovative-friendship-159ff40007.strapiapp.com/api/categorias?sort=nome:asc&fields[0]=nome&fields[1]=slug&fields[2]=ordem&populate[subcategorias][fields][0]=nome&populate[subcategorias][fields][1]=slug&populate[subcategorias][fields][2]=ordem&pagination[limit]=100
­ƒöî Fetching API: https://innovative-friendship-159ff40007.strapiapp.com/api/produtos?filters[relacao_fabricante][slug][$eq]=mountbatten&populate=*&sort=ordem:asc
­ƒöî Fetching API: https://innovative-friendship-159ff40007.strapiapp.com/api/fabricantes?filters[slug][$eq]=mountbatten
­ƒöî Fetching API: https://innovative-friendship-159ff40007.strapiapp.com/api/fabricantes?filters[slug][$eq]=mountbatten
­ƒöî Fetching API: https://innovative-friendship-159ff40007.strapiapp.com/api/categorias?sort=nome:asc&fields[0]=nome&fields[1]=slug&fields[2]=ordem&populate[subcategorias][fields][0]=nome&populate[subcategorias][fields][1]=slug&populate[subcategorias][fields][2]=ordem&pagination[limit]=100
­ƒöî Fetching API: https://innovative-friendship-159ff40007.strapiapp.com/api/categorias?sort=nome:asc&fields[0]=nome&fields[1]=slug&fields[2]=ordem&populate[subcategorias][fields][0]=nome&populate[subcategorias][fields][1]=slug&populate[subcategorias][fields][2]=ordem&pagination[limit]=100
­ƒöî Fetching API: https://innovative-friendship-159ff40007.strapiapp.com/api/produtos?filters[relacao_fabricante][slug][$eq]=abblenet&populate=*&sort=ordem:asc
­ƒöî Fetching API: https://innovative-friendship-159ff40007.strapiapp.com/api/categorias?sort=nome:asc&fields[0]=nome&fields[1]=slug&fields[2]=ordem&populate[subcategorias][fields][0]=nome&populate[subcategorias][fields][1]=slug&populate[subcategorias][fields][2]=ordem&pagination[limit]=100
­ƒöî Fetching API: https://innovative-friendship-159ff40007.strapiapp.com/api/categorias?sort=nome:asc&fields[0]=nome&fields[1]=slug&fields[2]=ordem&populate[subcategorias][fields][0]=nome&populate[subcategorias][fields][1]=slug&populate[subcategorias][fields][2]=ordem&pagination[limit]=100
­ƒöî Fetching API: https://innovative-friendship-159ff40007.strapiapp.com/api/produtos?filters[relacao_fabricante][slug][$eq]=abblenet&populate=*&sort=ordem:asc
­ƒöî Fetching API: https://innovative-friendship-159ff40007.strapiapp.com/api/fabricantes?filters[slug][$eq]=abblenet
­ƒöî Fetching API: https://innovative-friendship-159ff40007.strapiapp.com/api/fabricantes?filters[slug][$eq]=abblenet
­ƒöî Fetching API: https://innovative-friendship-159ff40007.strapiapp.com/api/categorias?sort=nome:asc&fields[0]=nome&fields[1]=slug&fields[2]=ordem&populate[subcategorias][fields][0]=nome&populate[subcategorias][fields][1]=slug&populate[subcategorias][fields][2]=ordem&pagination[limit]=100
­ƒöî Fetching API: https://innovative-friendship-159ff40007.strapiapp.com/api/categorias?sort=nome:asc&fields[0]=nome&fields[1]=slug&fields[2]=ordem&populate[subcategorias][fields][0]=nome&populate[subcategorias][fields][1]=slug&populate[subcategorias][fields][2]=ordem&pagination[limit]=100
­ƒöî Fetching API: https://innovative-friendship-159ff40007.strapiapp.com/api/categorias?sort=nome:asc&fields[0]=nome&fields[1]=slug&fields[2]=ordem&populate[subcategorias][fields][0]=nome&populate[subcategorias][fields][1]=slug&populate[subcategorias][fields][2]=ordem&pagination[limit]=100
­ƒöî Fetching API: https://innovative-friendship-159ff40007.strapiapp.com/api/categorias?sort=nome:asc&fields[0]=nome&fields[1]=slug&fields[2]=ordem&populate[subcategorias][fields][0]=nome&populate[subcategorias][fields][1]=slug&populate[subcategorias][fields][2]=ordem&pagination[limit]=100
­ƒöî Fetching API: https://innovative-friendship-159ff40007.strapiapp.com/api/produtos?filters[relacao_fabricante][slug][$eq]=binderhaus&populate=*&sort=ordem:asc
­ƒöî Fetching API: https://innovative-friendship-159ff40007.strapiapp.com/api/categorias?sort=nome:asc&fields[0]=nome&fields[1]=slug&fields[2]=ordem&populate[subcategorias][fields][0]=nome&populate[subcategorias][fields][1]=slug&populate[subcategorias][fields][2]=ordem&pagination[limit]=100
­ƒöî Fetching API: https://innovative-friendship-159ff40007.strapiapp.com/api/categorias?sort=nome:asc&fields[0]=nome&fields[1]=slug&fields[2]=ordem&populate[subcategorias][fields][0]=nome&populate[subcategorias][fields][1]=slug&populate[subcategorias][fields][2]=ordem&pagination[limit]=100
­ƒöî Fetching API: https://innovative-friendship-159ff40007.strapiapp.com/api/produtos?filters[relacao_fabricante][slug][$eq]=binderhaus&populate=*&sort=ordem:asc
­ƒöî Fetching API: https://innovative-friendship-159ff40007.strapiapp.com/api/fabricantes?filters[slug][$eq]=binderhaus
­ƒöî Fetching API: https://innovative-friendship-159ff40007.strapiapp.com/api/fabricantes?filters[slug][$eq]=binderhaus
­ƒöî Fetching API: https://innovative-friendship-159ff40007.strapiapp.com/api/categorias?sort=nome:asc&fields[0]=nome&fields[1]=slug&fields[2]=ordem&populate[subcategorias][fields][0]=nome&populate[subcategorias][fields][1]=slug&populate[subcategorias][fields][2]=ordem&pagination[limit]=100
­ƒöî Fetching API: https://innovative-friendship-159ff40007.strapiapp.com/api/categorias?sort=nome:asc&fields[0]=nome&fields[1]=slug&fields[2]=ordem&populate[subcategorias][fields][0]=nome&populate[subcategorias][fields][1]=slug&populate[subcategorias][fields][2]=ordem&pagination[limit]=100
­ƒöî Fetching API: https://innovative-friendship-159ff40007.strapiapp.com/api/produtos?filters[relacao_fabricante][slug][$eq]=zychen&populate=*&sort=ordem:asc
­ƒöî Fetching API: https://innovative-friendship-159ff40007.strapiapp.com/api/categorias?sort=nome:asc&fields[0]=nome&fields[1]=slug&fields[2]=ordem&populate[subcategorias][fields][0]=nome&populate[subcategorias][fields][1]=slug&populate[subcategorias][fields][2]=ordem&pagination[limit]=100
­ƒöî Fetching API: https://innovative-friendship-159ff40007.strapiapp.com/api/categorias?sort=nome:asc&fields[0]=nome&fields[1]=slug&fields[2]=ordem&populate[subcategorias][fields][0]=nome&populate[subcategorias][fields][1]=slug&populate[subcategorias][fields][2]=ordem&pagination[limit]=100
­ƒöî Fetching API: https://innovative-friendship-159ff40007.strapiapp.com/api/produtos?filters[relacao_fabricante][slug][$eq]=zychen&populate=*&sort=ordem:asc
­ƒöî Fetching API: https://innovative-friendship-159ff40007.strapiapp.com/api/fabricantes?filters[slug][$eq]=zychen
­ƒöî Fetching API: https://innovative-friendship-159ff40007.strapiapp.com/api/fabricantes?filters[slug][$eq]=zychen
­ƒöî Fetching API: https://innovative-friendship-159ff40007.strapiapp.com/api/categorias?sort=nome:asc&fields[0]=nome&fields[1]=slug&fields[2]=ordem&populate[subcategorias][fields][0]=nome&populate[subcategorias][fields][1]=slug&populate[subcategorias][fields][2]=ordem&pagination[limit]=100
­ƒöî Fetching API: https://innovative-friendship-159ff40007.strapiapp.com/api/categorias?sort=nome:asc&fields[0]=nome&fields[1]=slug&fields[2]=ordem&populate[subcategorias][fields][0]=nome&populate[subcategorias][fields][1]=slug&populate[subcategorias][fields][2]=ordem&pagination[limit]=100
­ƒöî Fetching API: https://innovative-friendship-159ff40007.strapiapp.com/api/categorias?sort=nome:asc&fields[0]=nome&fields[1]=slug&fields[2]=ordem&populate[subcategorias][fields][0]=nome&populate[subcategorias][fields][1]=slug&populate[subcategorias][fields][2]=ordem&pagination[limit]=100
­ƒöî Fetching API: https://innovative-friendship-159ff40007.strapiapp.com/api/categorias?sort=nome:asc&fields[0]=nome&fields[1]=slug&fields[2]=ordem&populate[subcategorias][fields][0]=nome&populate[subcategorias][fields][1]=slug&populate[subcategorias][fields][2]=ordem&pagination[limit]=100
­ƒöî Fetching API: https://innovative-friendship-159ff40007.strapiapp.com/api/produtos?filters[relacao_fabricante][slug][$eq]=brailletec&populate=*&sort=ordem:asc
­ƒöî Fetching API: https://innovative-friendship-159ff40007.strapiapp.com/api/categorias?sort=nome:asc&fields[0]=nome&fields[1]=slug&fields[2]=ordem&populate[subcategorias][fields][0]=nome&populate[subcategorias][fields][1]=slug&populate[subcategorias][fields][2]=ordem&pagination[limit]=100
­ƒöî Fetching API: https://innovative-friendship-159ff40007.strapiapp.com/api/categorias?sort=nome:asc&fields[0]=nome&fields[1]=slug&fields[2]=ordem&populate[subcategorias][fields][0]=nome&populate[subcategorias][fields][1]=slug&populate[subcategorias][fields][2]=ordem&pagination[limit]=100
­ƒöî Fetching API: https://innovative-friendship-159ff40007.strapiapp.com/api/produtos?filters[relacao_fabricante][slug][$eq]=brailletec&populate=*&sort=ordem:asc
­ƒöî Fetching API: https://innovative-friendship-159ff40007.strapiapp.com/api/fabricantes?filters[slug][$eq]=brailletec
­ƒöî Fetching API: https://innovative-friendship-159ff40007.strapiapp.com/api/fabricantes?filters[slug][$eq]=brailletec
­ƒöî Fetching API: https://innovative-friendship-159ff40007.strapiapp.com/api/categorias?sort=nome:asc&fields[0]=nome&fields[1]=slug&fields[2]=ordem&populate[subcategorias][fields][0]=nome&populate[subcategorias][fields][1]=slug&populate[subcategorias][fields][2]=ordem&pagination[limit]=100
­ƒöî Fetching API: https://innovative-friendship-159ff40007.strapiapp.com/api/categorias?sort=nome:asc&fields[0]=nome&fields[1]=slug&fields[2]=ordem&populate[subcategorias][fields][0]=nome&populate[subcategorias][fields][1]=slug&populate[subcategorias][fields][2]=ordem&pagination[limit]=100
­ƒöî Fetching API: https://innovative-friendship-159ff40007.strapiapp.com/api/categorias?sort=nome:asc&fields[0]=nome&fields[1]=slug&fields[2]=ordem&populate[subcategorias][fields][0]=nome&populate[subcategorias][fields][1]=slug&populate[subcategorias][fields][2]=ordem&pagination[limit]=100
­ƒöî Fetching API: https://innovative-friendship-159ff40007.strapiapp.com/api/produtos?populate[0]=imagem_principal&populate[1]=subcategorias&populate[2]=categorias&pagination[limit]=1000&sort=ordem:asc
­ƒöî Fetching API: https://innovative-friendship-159ff40007.strapiapp.com/api/categorias?sort=nome:asc&fields[0]=nome&fields[1]=slug&fields[2]=ordem&populate[subcategorias][fields][0]=nome&populate[subcategorias][fields][1]=slug&populate[subcategorias][fields][2]=ordem&pagination[limit]=100
­ƒöî Fetching API: https://innovative-friendship-159ff40007.strapiapp.com/api/produtos?populate[0]=imagem_principal&populate[1]=subcategorias&populate[2]=categorias&pagination[limit]=1000&sort=ordem:asc
­ƒöî Fetching API: https://innovative-friendship-159ff40007.strapiapp.com/api/categorias?sort=nome:asc&fields[0]=nome&fields[1]=slug&fields[2]=ordem&populate[subcategorias][fields][0]=nome&populate[subcategorias][fields][1]=slug&populate[subcategorias][fields][2]=ordem&pagination[limit]=100
­ƒöî Fetching API: https://innovative-friendship-159ff40007.strapiapp.com/api/categorias?sort=nome:asc&fields[0]=nome&fields[1]=slug&fields[2]=ordem&populate[subcategorias][fields][0]=nome&populate[subcategorias][fields][1]=slug&populate[subcategorias][fields][2]=ordem&pagination[limit]=100
­ƒöî Fetching API: https://innovative-friendship-159ff40007.strapiapp.com/api/produtos?filters[relacao_fabricante][slug][$eq]=enhanced-vision&populate=*&sort=ordem:asc
­ƒöî Fetching API: https://innovative-friendship-159ff40007.strapiapp.com/api/categorias?sort=nome:asc&fields[0]=nome&fields[1]=slug&fields[2]=ordem&populate[subcategorias][fields][0]=nome&populate[subcategorias][fields][1]=slug&populate[subcategorias][fields][2]=ordem&pagination[limit]=100
­ƒöî Fetching API: https://innovative-friendship-159ff40007.strapiapp.com/api/categorias?sort=nome:asc&fields[0]=nome&fields[1]=slug&fields[2]=ordem&populate[subcategorias][fields][0]=nome&populate[subcategorias][fields][1]=slug&populate[subcategorias][fields][2]=ordem&pagination[limit]=100
­ƒöî Fetching API: https://innovative-friendship-159ff40007.strapiapp.com/api/produtos?filters[relacao_fabricante][slug][$eq]=enhanced-vision&populate=*&sort=ordem:asc
­ƒöî Fetching API: https://innovative-friendship-159ff40007.strapiapp.com/api/fabricantes?filters[slug][$eq]=enhanced-vision
­ƒöî Fetching API: https://innovative-friendship-159ff40007.strapiapp.com/api/fabricantes?filters[slug][$eq]=enhanced-vision
­ƒöî Fetching API: https://innovative-friendship-159ff40007.strapiapp.com/api/categorias?sort=nome:asc&fields[0]=nome&fields[1]=slug&fields[2]=ordem&populate[subcategorias][fields][0]=nome&populate[subcategorias][fields][1]=slug&populate[subcategorias][fields][2]=ordem&pagination[limit]=100
­ƒöî Fetching API: https://innovative-friendship-159ff40007.strapiapp.com/api/categorias?sort=nome:asc&fields[0]=nome&fields[1]=slug&fields[2]=ordem&populate[subcategorias][fields][0]=nome&populate[subcategorias][fields][1]=slug&populate[subcategorias][fields][2]=ordem&pagination[limit]=100
­ƒöî Fetching API: https://innovative-friendship-159ff40007.strapiapp.com/api/produtos?filters[relacao_fabricante][slug][$eq]=perkins&populate=*&sort=ordem:asc
­ƒöî Fetching API: https://innovative-friendship-159ff40007.strapiapp.com/api/categorias?sort=nome:asc&fields[0]=nome&fields[1]=slug&fields[2]=ordem&populate[subcategorias][fields][0]=nome&populate[subcategorias][fields][1]=slug&populate[subcategorias][fields][2]=ordem&pagination[limit]=100
­ƒöî Fetching API: https://innovative-friendship-159ff40007.strapiapp.com/api/categorias?sort=nome:asc&fields[0]=nome&fields[1]=slug&fields[2]=ordem&populate[subcategorias][fields][0]=nome&populate[subcategorias][fields][1]=slug&populate[subcategorias][fields][2]=ordem&pagination[limit]=100
­ƒöî Fetching API: https://innovative-friendship-159ff40007.strapiapp.com/api/produtos?filters[relacao_fabricante][slug][$eq]=perkins&populate=*&sort=ordem:asc
­ƒöî Fetching API: https://innovative-friendship-159ff40007.strapiapp.com/api/fabricantes?filters[slug][$eq]=perkins
­ƒöî Fetching API: https://innovative-friendship-159ff40007.strapiapp.com/api/fabricantes?filters[slug][$eq]=perkins
­ƒöî Fetching API: https://innovative-friendship-159ff40007.strapiapp.com/api/categorias?sort=nome:asc&fields[0]=nome&fields[1]=slug&fields[2]=ordem&populate[subcategorias][fields][0]=nome&populate[subcategorias][fields][1]=slug&populate[subcategorias][fields][2]=ordem&pagination[limit]=100
­ƒöî Fetching API: https://innovative-friendship-159ff40007.strapiapp.com/api/produtos?populate[0]=imagem_principal&populate[1]=subcategorias&populate[2]=categorias&pagination[limit]=1000&sort=ordem:asc
­ƒöî Fetching API: https://innovative-friendship-159ff40007.strapiapp.com/api/categorias?sort=nome:asc&fields[0]=nome&fields[1]=slug&fields[2]=ordem&populate[subcategorias][fields][0]=nome&populate[subcategorias][fields][1]=slug&populate[subcategorias][fields][2]=ordem&pagination[limit]=100
­ƒöî Fetching API: https://innovative-friendship-159ff40007.strapiapp.com/api/produtos?populate[0]=imagem_principal&populate[1]=subcategorias&populate[2]=categorias&pagination[limit]=1000&sort=ordem:asc
­ƒöî Fetching API: https://innovative-friendship-159ff40007.strapiapp.com/api/categorias?sort=nome:asc&fields[0]=nome&fields[1]=slug&fields[2]=ordem&populate[subcategorias][fields][0]=nome&populate[subcategorias][fields][1]=slug&populate[subcategorias][fields][2]=ordem&pagination[limit]=100
­ƒöî Fetching API: https://innovative-friendship-159ff40007.strapiapp.com/api/produtos?populate[0]=imagem_principal&populate[1]=subcategorias&populate[2]=categorias&pagination[limit]=1000&sort=ordem:asc
­ƒöî Fetching API: https://innovative-friendship-159ff40007.strapiapp.com/api/categorias?sort=nome:asc&fields[0]=nome&fields[1]=slug&fields[2]=ordem&populate[subcategorias][fields][0]=nome&populate[subcategorias][fields][1]=slug&populate[subcategorias][fields][2]=ordem&pagination[limit]=100
­ƒöî Fetching API: https://innovative-friendship-159ff40007.strapiapp.com/api/produtos?populate[0]=imagem_principal&populate[1]=subcategorias&populate[2]=categorias&pagination[limit]=1000&sort=ordem:asc
­ƒöî Fetching API: https://innovative-friendship-159ff40007.strapiapp.com/api/categorias?sort=nome:asc&fields[0]=nome&fields[1]=slug&fields[2]=ordem&populate[subcategorias][fields][0]=nome&populate[subcategorias][fields][1]=slug&populate[subcategorias][fields][2]=ordem&pagination[limit]=100
­ƒöî Fetching API: https://innovative-friendship-159ff40007.strapiapp.com/api/produtos?populate[0]=imagem_principal&populate[1]=subcategorias&populate[2]=categorias&pagination[limit]=1000&sort=ordem:asc
­ƒöî Fetching API: https://innovative-friendship-159ff40007.strapiapp.com/api/categorias?sort=nome:asc&fields[0]=nome&fields[1]=slug&fields[2]=ordem&populate[subcategorias][fields][0]=nome&populate[subcategorias][fields][1]=slug&populate[subcategorias][fields][2]=ordem&pagination[limit]=100
­ƒöî Fetching API: https://innovative-friendship-159ff40007.strapiapp.com/api/produtos?populate[0]=imagem_principal&populate[1]=subcategorias&populate[2]=categorias&pagination[limit]=1000&sort=ordem:asc
­ƒöî Fetching API: https://innovative-friendship-159ff40007.strapiapp.com/api/categorias?sort=nome:asc&fields[0]=nome&fields[1]=slug&fields[2]=ordem&populate[subcategorias][fields][0]=nome&populate[subcategorias][fields][1]=slug&populate[subcategorias][fields][2]=ordem&pagination[limit]=100
­ƒöî Fetching API: https://innovative-friendship-159ff40007.strapiapp.com/api/produtos?populate[0]=imagem_principal&populate[1]=subcategorias&populate[2]=categorias&pagination[limit]=1000&sort=ordem:asc
­ƒöî Fetching API: https://innovative-friendship-159ff40007.strapiapp.com/api/categorias?sort=nome:asc&fields[0]=nome&fields[1]=slug&fields[2]=ordem&populate[subcategorias][fields][0]=nome&populate[subcategorias][fields][1]=slug&populate[subcategorias][fields][2]=ordem&pagination[limit]=100
­ƒöî Fetching API: https://innovative-friendship-159ff40007.strapiapp.com/api/produtos?populate[0]=imagem_principal&populate[1]=subcategorias&populate[2]=categorias&pagination[limit]=1000&sort=ordem:asc
­ƒöî Fetching API: https://innovative-friendship-159ff40007.strapiapp.com/api/categorias?sort=nome:asc&fields[0]=nome&fields[1]=slug&fields[2]=ordem&populate[subcategorias][fields][0]=nome&populate[subcategorias][fields][1]=slug&populate[subcategorias][fields][2]=ordem&pagination[limit]=100
­ƒöî Fetching API: https://innovative-friendship-159ff40007.strapiapp.com/api/produtos?populate[0]=imagem_principal&populate[1]=subcategorias&populate[2]=categorias&pagination[limit]=1000&sort=ordem:asc
­ƒöî Fetching API: https://innovative-friendship-159ff40007.strapiapp.com/api/categorias?sort=nome:asc&fields[0]=nome&fields[1]=slug&fields[2]=ordem&populate[subcategorias][fields][0]=nome&populate[subcategorias][fields][1]=slug&populate[subcategorias][fields][2]=ordem&pagination[limit]=100
­ƒöî Fetching API: https://innovative-friendship-159ff40007.strapiapp.com/api/produtos?populate[0]=imagem_principal&populate[1]=subcategorias&populate[2]=categorias&pagination[limit]=1000&sort=ordem:asc
­ƒöî Fetching API: https://innovative-friendship-159ff40007.strapiapp.com/api/categorias?sort=nome:asc&fields[0]=nome&fields[1]=slug&fields[2]=ordem&populate[subcategorias][fields][0]=nome&populate[subcategorias][fields][1]=slug&populate[subcategorias][fields][2]=ordem&pagination[limit]=100
­ƒöî Fetching API: https://innovative-friendship-159ff40007.strapiapp.com/api/categorias?sort=nome:asc&fields[0]=nome&fields[1]=slug&fields[2]=ordem&populate[subcategorias][fields][0]=nome&populate[subcategorias][fields][1]=slug&populate[subcategorias][fields][2]=ordem&pagination[limit]=100
­ƒöî Fetching API: https://innovative-friendship-159ff40007.strapiapp.com/api/categorias?sort=nome:asc&fields[0]=nome&fields[1]=slug&fields[2]=ordem&populate[subcategorias][fields][0]=nome&populate[subcategorias][fields][1]=slug&populate[subcategorias][fields][2]=ordem&pagination[limit]=100
­ƒöî Fetching API: https://innovative-friendship-159ff40007.strapiapp.com/api/produtos?populate[0]=imagem_principal&populate[1]=subcategorias&populate[2]=categorias&pagination[limit]=1000&sort=ordem:asc
­ƒöî Fetching API: https://innovative-friendship-159ff40007.strapiapp.com/api/categorias?sort=nome:asc&fields[0]=nome&fields[1]=slug&fields[2]=ordem&populate[subcategorias][fields][0]=nome&populate[subcategorias][fields][1]=slug&populate[subcategorias][fields][2]=ordem&pagination[limit]=100
­ƒöî Fetching API: https://innovative-friendship-159ff40007.strapiapp.com/api/produtos?populate[0]=imagem_principal&populate[1]=subcategorias&populate[2]=categorias&pagination[limit]=1000&sort=ordem:asc
­ƒöî Fetching API: https://innovative-friendship-159ff40007.strapiapp.com/api/categorias?sort=nome:asc&fields[0]=nome&fields[1]=slug&fields[2]=ordem&populate[subcategorias][fields][0]=nome&populate[subcategorias][fields][1]=slug&populate[subcategorias][fields][2]=ordem&pagination[limit]=100
­ƒöî Fetching API: https://innovative-friendship-159ff40007.strapiapp.com/api/produtos?populate[0]=imagem_principal&populate[1]=subcategorias&populate[2]=categorias&pagination[limit]=1000&sort=ordem:asc
­ƒöî Fetching API: https://innovative-friendship-159ff40007.strapiapp.com/api/categorias?sort=nome:asc&fields[0]=nome&fields[1]=slug&fields[2]=ordem&populate[subcategorias][fields][0]=nome&populate[subcategorias][fields][1]=slug&populate[subcategorias][fields][2]=ordem&pagination[limit]=100
­ƒöî Fetching API: https://innovative-friendship-159ff40007.strapiapp.com/api/produtos?populate[0]=imagem_principal&populate[1]=subcategorias&populate[2]=categorias&pagination[limit]=1000&sort=ordem:asc
­ƒöî Fetching API: https://innovative-friendship-159ff40007.strapiapp.com/api/categorias?sort=nome:asc&fields[0]=nome&fields[1]=slug&fields[2]=ordem&populate[subcategorias][fields][0]=nome&populate[subcategorias][fields][1]=slug&populate[subcategorias][fields][2]=ordem&pagination[limit]=100
­ƒöî Fetching API: https://innovative-friendship-159ff40007.strapiapp.com/api/produtos?populate[0]=imagem_principal&populate[1]=subcategorias&populate[2]=categorias&pagination[limit]=1000&sort=ordem:asc
­ƒöî Fetching API: https://innovative-friendship-159ff40007.strapiapp.com/api/categorias?sort=nome:asc&fields[0]=nome&fields[1]=slug&fields[2]=ordem&populate[subcategorias][fields][0]=nome&populate[subcategorias][fields][1]=slug&populate[subcategorias][fields][2]=ordem&pagination[limit]=100
­ƒöî Fetching API: https://innovative-friendship-159ff40007.strapiapp.com/api/produtos?populate[0]=imagem_principal&populate[1]=subcategorias&populate[2]=categorias&pagination[limit]=1000&sort=ordem:asc
­ƒöî Fetching API: https://innovative-friendship-159ff40007.strapiapp.com/api/categorias?sort=nome:asc&fields[0]=nome&fields[1]=slug&fields[2]=ordem&populate[subcategorias][fields][0]=nome&populate[subcategorias][fields][1]=slug&populate[subcategorias][fields][2]=ordem&pagination[limit]=100
­ƒöî Fetching API: https://innovative-friendship-159ff40007.strapiapp.com/api/produtos?populate[0]=imagem_principal&populate[1]=subcategorias&populate[2]=categorias&pagination[limit]=1000&sort=ordem:asc
­ƒöî Fetching API: https://innovative-friendship-159ff40007.strapiapp.com/api/categorias?sort=nome:asc&fields[0]=nome&fields[1]=slug&fields[2]=ordem&populate[subcategorias][fields][0]=nome&populate[subcategorias][fields][1]=slug&populate[subcategorias][fields][2]=ordem&pagination[limit]=100
­ƒöî Fetching API: https://innovative-friendship-159ff40007.strapiapp.com/api/produtos?populate[0]=imagem_principal&populate[1]=subcategorias&populate[2]=categorias&pagination[limit]=1000&sort=ordem:asc
­ƒôª Renderizando p├ígina de produto: liber-mais-2026
­ƒöî Fetching API: https://innovative-friendship-159ff40007.strapiapp.com/api/categorias?sort=nome:asc&fields[0]=nome&fields[1]=slug&fields[2]=ordem&populate[subcategorias][fields][0]=nome&populate[subcategorias][fields][1]=slug&populate[subcategorias][fields][2]=ordem&pagination[limit]=100
­ƒöî Fetching API: https://innovative-friendship-159ff40007.strapiapp.com/api/produtos?filters[slug][$eq]=liber-mais-2026&fields[0]=nome&fields[1]=slug&fields[2]=descricao_curta&fields[3]=descricao_longa&fields[4]=caracteristicas_funcionais&fields[5]=caracteristicas_tecnicas&fields[6]=visao_geral&fields[7]=videos&fields[8]=Fabricante&fields[9]=palavras_chave&populate[imagem_principal][fields][0]=url&populate[imagem_principal][fields][1]=alternativeText&populate[imagem_principal][fields][2]=width&populate[imagem_principal][fields][3]=height&populate[galeria_de_imagens][fields][0]=url&populate[galeria_de_imagens][fields][1]=alternativeText&populate[galeria_de_imagens][fields][2]=width&populate[galeria_de_imagens][fields][3]=height&populate[subcategorias][fields][0]=nome&populate[subcategorias][fields][1]=slug&populate[subcategorias][fields][2]=ordem&populate[categorias][fields][0]=nome&populate[categorias][fields][1]=slug&populate[categorias][fields][2]=ordem&populate[relacao_fabricante][populate]=%2A&populate[documentos][fields][0]=url&populate[documentos][fields][1]=name&populate[documentos][fields][2]=ext&populate[documentos][fields][3]=size&populate[especificacoes_por_categoria][populate]=%2A
­ƒöî Fetching API: https://innovative-friendship-159ff40007.strapiapp.com/api/produtos?filters[slug][$eq]=liber-mais-2026&fields[0]=nome&fields[1]=slug&fields[2]=descricao_curta&fields[3]=descricao_longa&fields[4]=caracteristicas_funcionais&fields[5]=caracteristicas_tecnicas&fields[6]=visao_geral&fields[7]=videos&fields[8]=Fabricante&fields[9]=palavras_chave&populate[imagem_principal][fields][0]=url&populate[imagem_principal][fields][1]=alternativeText&populate[imagem_principal][fields][2]=width&populate[imagem_principal][fields][3]=height&populate[galeria_de_imagens][fields][0]=url&populate[galeria_de_imagens][fields][1]=alternativeText&populate[galeria_de_imagens][fields][2]=width&populate[galeria_de_imagens][fields][3]=height&populate[subcategorias][fields][0]=nome&populate[subcategorias][fields][1]=slug&populate[subcategorias][fields][2]=ordem&populate[categorias][fields][0]=nome&populate[categorias][fields][1]=slug&populate[categorias][fields][2]=ordem&populate[relacao_fabricante][populate]=%2A&populate[documentos][fields][0]=url&populate[documentos][fields][1]=name&populate[documentos][fields][2]=ext&populate[documentos][fields][3]=size&populate[especificacoes_por_categoria][populate]=%2A
­ƒôª Renderizando p├ígina de produto: liber-mais-2026
­ƒöî Fetching API: https://innovative-friendship-159ff40007.strapiapp.com/api/categorias?sort=nome:asc&fields[0]=nome&fields[1]=slug&fields[2]=ordem&populate[subcategorias][fields][0]=nome&populate[subcategorias][fields][1]=slug&populate[subcategorias][fields][2]=ordem&pagination[limit]=100
­ƒöî Fetching API: https://innovative-friendship-159ff40007.strapiapp.com/api/produtos?filters[slug][$eq]=liber-mais-2026&fields[0]=nome&fields[1]=slug&fields[2]=descricao_curta&fields[3]=descricao_longa&fields[4]=caracteristicas_funcionais&fields[5]=caracteristicas_tecnicas&fields[6]=visao_geral&fields[7]=videos&fields[8]=Fabricante&fields[9]=palavras_chave&populate[imagem_principal][fields][0]=url&populate[imagem_principal][fields][1]=alternativeText&populate[imagem_principal][fields][2]=width&populate[imagem_principal][fields][3]=height&populate[galeria_de_imagens][fields][0]=url&populate[galeria_de_imagens][fields][1]=alternativeText&populate[galeria_de_imagens][fields][2]=width&populate[galeria_de_imagens][fields][3]=height&populate[subcategorias][fields][0]=nome&populate[subcategorias][fields][1]=slug&populate[subcategorias][fields][2]=ordem&populate[categorias][fields][0]=nome&populate[categorias][fields][1]=slug&populate[categorias][fields][2]=ordem&populate[relacao_fabricante][populate]=%2A&populate[documentos][fields][0]=url&populate[documentos][fields][1]=name&populate[documentos][fields][2]=ext&populate[documentos][fields][3]=size&populate[especificacoes_por_categoria][populate]=%2A
­ƒöî Fetching API: https://innovative-friendship-159ff40007.strapiapp.com/api/produtos?filters[slug][$eq]=liber-mais-2026&fields[0]=nome&fields[1]=slug&fields[2]=descricao_curta&fields[3]=descricao_longa&fields[4]=caracteristicas_funcionais&fields[5]=caracteristicas_tecnicas&fields[6]=visao_geral&fields[7]=videos&fields[8]=Fabricante&fields[9]=palavras_chave&populate[imagem_principal][fields][0]=url&populate[imagem_principal][fields][1]=alternativeText&populate[imagem_principal][fields][2]=width&populate[imagem_principal][fields][3]=height&populate[galeria_de_imagens][fields][0]=url&populate[galeria_de_imagens][fields][1]=alternativeText&populate[galeria_de_imagens][fields][2]=width&populate[galeria_de_imagens][fields][3]=height&populate[subcategorias][fields][0]=nome&populate[subcategorias][fields][1]=slug&populate[subcategorias][fields][2]=ordem&populate[categorias][fields][0]=nome&populate[categorias][fields][1]=slug&populate[categorias][fields][2]=ordem&populate[relacao_fabricante][populate]=%2A&populate[documentos][fields][0]=url&populate[documentos][fields][1]=name&populate[documentos][fields][2]=ext&populate[documentos][fields][3]=size&populate[especificacoes_por_categoria][populate]=%2A
Ô£à Produto renderizado com sucesso: liber-mais-2026
Ô£à Produto renderizado com sucesso: liber-mais-2026
­ƒôª Renderizando p├ígina de produto: everest
­ƒöî Fetching API: https://innovative-friendship-159ff40007.strapiapp.com/api/categorias?sort=nome:asc&fields[0]=nome&fields[1]=slug&fields[2]=ordem&populate[subcategorias][fields][0]=nome&populate[subcategorias][fields][1]=slug&populate[subcategorias][fields][2]=ordem&pagination[limit]=100
­ƒöî Fetching API: https://innovative-friendship-159ff40007.strapiapp.com/api/produtos?filters[slug][$eq]=everest&fields[0]=nome&fields[1]=slug&fields[2]=descricao_curta&fields[3]=descricao_longa&fields[4]=caracteristicas_funcionais&fields[5]=caracteristicas_tecnicas&fields[6]=visao_geral&fields[7]=videos&fields[8]=Fabricante&fields[9]=palavras_chave&populate[imagem_principal][fields][0]=url&populate[imagem_principal][fields][1]=alternativeText&populate[imagem_principal][fields][2]=width&populate[imagem_principal][fields][3]=height&populate[galeria_de_imagens][fields][0]=url&populate[galeria_de_imagens][fields][1]=alternativeText&populate[galeria_de_imagens][fields][2]=width&populate[galeria_de_imagens][fields][3]=height&populate[subcategorias][fields][0]=nome&populate[subcategorias][fields][1]=slug&populate[subcategorias][fields][2]=ordem&populate[categorias][fields][0]=nome&populate[categorias][fields][1]=slug&populate[categorias][fields][2]=ordem&populate[relacao_fabricante][populate]=%2A&populate[documentos][fields][0]=url&populate[documentos][fields][1]=name&populate[documentos][fields][2]=ext&populate[documentos][fields][3]=size&populate[especificacoes_por_categoria][populate]=%2A
­ƒöî Fetching API: https://innovative-friendship-159ff40007.strapiapp.com/api/produtos?filters[slug][$eq]=everest&fields[0]=nome&fields[1]=slug&fields[2]=descricao_curta&fields[3]=descricao_longa&fields[4]=caracteristicas_funcionais&fields[5]=caracteristicas_tecnicas&fields[6]=visao_geral&fields[7]=videos&fields[8]=Fabricante&fields[9]=palavras_chave&populate[imagem_principal][fields][0]=url&populate[imagem_principal][fields][1]=alternativeText&populate[imagem_principal][fields][2]=width&populate[imagem_principal][fields][3]=height&populate[galeria_de_imagens][fields][0]=url&populate[galeria_de_imagens][fields][1]=alternativeText&populate[galeria_de_imagens][fields][2]=width&populate[galeria_de_imagens][fields][3]=height&populate[subcategorias][fields][0]=nome&populate[subcategorias][fields][1]=slug&populate[subcategorias][fields][2]=ordem&populate[categorias][fields][0]=nome&populate[categorias][fields][1]=slug&populate[categorias][fields][2]=ordem&populate[relacao_fabricante][populate]=%2A&populate[documentos][fields][0]=url&populate[documentos][fields][1]=name&populate[documentos][fields][2]=ext&populate[documentos][fields][3]=size&populate[especificacoes_por_categoria][populate]=%2A
­ƒôª Renderizando p├ígina de produto: everest
­ƒöî Fetching API: https://innovative-friendship-159ff40007.strapiapp.com/api/categorias?sort=nome:asc&fields[0]=nome&fields[1]=slug&fields[2]=ordem&populate[subcategorias][fields][0]=nome&populate[subcategorias][fields][1]=slug&populate[subcategorias][fields][2]=ordem&pagination[limit]=100
­ƒöî Fetching API: https://innovative-friendship-159ff40007.strapiapp.com/api/produtos?filters[slug][$eq]=everest&fields[0]=nome&fields[1]=slug&fields[2]=descricao_curta&fields[3]=descricao_longa&fields[4]=caracteristicas_funcionais&fields[5]=caracteristicas_tecnicas&fields[6]=visao_geral&fields[7]=videos&fields[8]=Fabricante&fields[9]=palavras_chave&populate[imagem_principal][fields][0]=url&populate[imagem_principal][fields][1]=alternativeText&populate[imagem_principal][fields][2]=width&populate[imagem_principal][fields][3]=height&populate[galeria_de_imagens][fields][0]=url&populate[galeria_de_imagens][fields][1]=alternativeText&populate[galeria_de_imagens][fields][2]=width&populate[galeria_de_imagens][fields][3]=height&populate[subcategorias][fields][0]=nome&populate[subcategorias][fields][1]=slug&populate[subcategorias][fields][2]=ordem&populate[categorias][fields][0]=nome&populate[categorias][fields][1]=slug&populate[categorias][fields][2]=ordem&populate[relacao_fabricante][populate]=%2A&populate[documentos][fields][0]=url&populate[documentos][fields][1]=name&populate[documentos][fields][2]=ext&populate[documentos][fields][3]=size&populate[especificacoes_por_categoria][populate]=%2A
­ƒöî Fetching API: https://innovative-friendship-159ff40007.strapiapp.com/api/produtos?filters[slug][$eq]=everest&fields[0]=nome&fields[1]=slug&fields[2]=descricao_curta&fields[3]=descricao_longa&fields[4]=caracteristicas_funcionais&fields[5]=caracteristicas_tecnicas&fields[6]=visao_geral&fields[7]=videos&fields[8]=Fabricante&fields[9]=palavras_chave&populate[imagem_principal][fields][0]=url&populate[imagem_principal][fields][1]=alternativeText&populate[imagem_principal][fields][2]=width&populate[imagem_principal][fields][3]=height&populate[galeria_de_imagens][fields][0]=url&populate[galeria_de_imagens][fields][1]=alternativeText&populate[galeria_de_imagens][fields][2]=width&populate[galeria_de_imagens][fields][3]=height&populate[subcategorias][fields][0]=nome&populate[subcategorias][fields][1]=slug&populate[subcategorias][fields][2]=ordem&populate[categorias][fields][0]=nome&populate[categorias][fields][1]=slug&populate[categorias][fields][2]=ordem&populate[relacao_fabricante][populate]=%2A&populate[documentos][fields][0]=url&populate[documentos][fields][1]=name&populate[documentos][fields][2]=ext&populate[documentos][fields][3]=size&populate[especificacoes_por_categoria][populate]=%2A
­ƒôª Renderizando p├ígina de produto: liber
­ƒöî Fetching API: https://innovative-friendship-159ff40007.strapiapp.com/api/categorias?sort=nome:asc&fields[0]=nome&fields[1]=slug&fields[2]=ordem&populate[subcategorias][fields][0]=nome&populate[subcategorias][fields][1]=slug&populate[subcategorias][fields][2]=ordem&pagination[limit]=100
­ƒöî Fetching API: https://innovative-friendship-159ff40007.strapiapp.com/api/produtos?filters[slug][$eq]=liber&fields[0]=nome&fields[1]=slug&fields[2]=descricao_curta&fields[3]=descricao_longa&fields[4]=caracteristicas_funcionais&fields[5]=caracteristicas_tecnicas&fields[6]=visao_geral&fields[7]=videos&fields[8]=Fabricante&fields[9]=palavras_chave&populate[imagem_principal][fields][0]=url&populate[imagem_principal][fields][1]=alternativeText&populate[imagem_principal][fields][2]=width&populate[imagem_principal][fields][3]=height&populate[galeria_de_imagens][fields][0]=url&populate[galeria_de_imagens][fields][1]=alternativeText&populate[galeria_de_imagens][fields][2]=width&populate[galeria_de_imagens][fields][3]=height&populate[subcategorias][fields][0]=nome&populate[subcategorias][fields][1]=slug&populate[subcategorias][fields][2]=ordem&populate[categorias][fields][0]=nome&populate[categorias][fields][1]=slug&populate[categorias][fields][2]=ordem&populate[relacao_fabricante][populate]=%2A&populate[documentos][fields][0]=url&populate[documentos][fields][1]=name&populate[documentos][fields][2]=ext&populate[documentos][fields][3]=size&populate[especificacoes_por_categoria][populate]=%2A
­ƒöî Fetching API: https://innovative-friendship-159ff40007.strapiapp.com/api/produtos?filters[slug][$eq]=liber&fields[0]=nome&fields[1]=slug&fields[2]=descricao_curta&fields[3]=descricao_longa&fields[4]=caracteristicas_funcionais&fields[5]=caracteristicas_tecnicas&fields[6]=visao_geral&fields[7]=videos&fields[8]=Fabricante&fields[9]=palavras_chave&populate[imagem_principal][fields][0]=url&populate[imagem_principal][fields][1]=alternativeText&populate[imagem_principal][fields][2]=width&populate[imagem_principal][fields][3]=height&populate[galeria_de_imagens][fields][0]=url&populate[galeria_de_imagens][fields][1]=alternativeText&populate[galeria_de_imagens][fields][2]=width&populate[galeria_de_imagens][fields][3]=height&populate[subcategorias][fields][0]=nome&populate[subcategorias][fields][1]=slug&populate[subcategorias][fields][2]=ordem&populate[categorias][fields][0]=nome&populate[categorias][fields][1]=slug&populate[categorias][fields][2]=ordem&populate[relacao_fabricante][populate]=%2A&populate[documentos][fields][0]=url&populate[documentos][fields][1]=name&populate[documentos][fields][2]=ext&populate[documentos][fields][3]=size&populate[especificacoes_por_categoria][populate]=%2A
­ƒôª Renderizando p├ígina de produto: liber
­ƒöî Fetching API: https://innovative-friendship-159ff40007.strapiapp.com/api/categorias?sort=nome:asc&fields[0]=nome&fields[1]=slug&fields[2]=ordem&populate[subcategorias][fields][0]=nome&populate[subcategorias][fields][1]=slug&populate[subcategorias][fields][2]=ordem&pagination[limit]=100
­ƒöî Fetching API: https://innovative-friendship-159ff40007.strapiapp.com/api/produtos?filters[slug][$eq]=liber&fields[0]=nome&fields[1]=slug&fields[2]=descricao_curta&fields[3]=descricao_longa&fields[4]=caracteristicas_funcionais&fields[5]=caracteristicas_tecnicas&fields[6]=visao_geral&fields[7]=videos&fields[8]=Fabricante&fields[9]=palavras_chave&populate[imagem_principal][fields][0]=url&populate[imagem_principal][fields][1]=alternativeText&populate[imagem_principal][fields][2]=width&populate[imagem_principal][fields][3]=height&populate[galeria_de_imagens][fields][0]=url&populate[galeria_de_imagens][fields][1]=alternativeText&populate[galeria_de_imagens][fields][2]=width&populate[galeria_de_imagens][fields][3]=height&populate[subcategorias][fields][0]=nome&populate[subcategorias][fields][1]=slug&populate[subcategorias][fields][2]=ordem&populate[categorias][fields][0]=nome&populate[categorias][fields][1]=slug&populate[categorias][fields][2]=ordem&populate[relacao_fabricante][populate]=%2A&populate[documentos][fields][0]=url&populate[documentos][fields][1]=name&populate[documentos][fields][2]=ext&populate[documentos][fields][3]=size&populate[especificacoes_por_categoria][populate]=%2A
­ƒöî Fetching API: https://innovative-friendship-159ff40007.strapiapp.com/api/produtos?filters[slug][$eq]=liber&fields[0]=nome&fields[1]=slug&fields[2]=descricao_curta&fields[3]=descricao_longa&fields[4]=caracteristicas_funcionais&fields[5]=caracteristicas_tecnicas&fields[6]=visao_geral&fields[7]=videos&fields[8]=Fabricante&fields[9]=palavras_chave&populate[imagem_principal][fields][0]=url&populate[imagem_principal][fields][1]=alternativeText&populate[imagem_principal][fields][2]=width&populate[imagem_principal][fields][3]=height&populate[galeria_de_imagens][fields][0]=url&populate[galeria_de_imagens][fields][1]=alternativeText&populate[galeria_de_imagens][fields][2]=width&populate[galeria_de_imagens][fields][3]=height&populate[subcategorias][fields][0]=nome&populate[subcategorias][fields][1]=slug&populate[subcategorias][fields][2]=ordem&populate[categorias][fields][0]=nome&populate[categorias][fields][1]=slug&populate[categorias][fields][2]=ordem&populate[relacao_fabricante][populate]=%2A&populate[documentos][fields][0]=url&populate[documentos][fields][1]=name&populate[documentos][fields][2]=ext&populate[documentos][fields][3]=size&populate[especificacoes_por_categoria][populate]=%2A
­ƒôª Renderizando p├ígina de produto: braille-stage
­ƒöî Fetching API: https://innovative-friendship-159ff40007.strapiapp.com/api/categorias?sort=nome:asc&fields[0]=nome&fields[1]=slug&fields[2]=ordem&populate[subcategorias][fields][0]=nome&populate[subcategorias][fields][1]=slug&populate[subcategorias][fields][2]=ordem&pagination[limit]=100
­ƒöî Fetching API: https://innovative-friendship-159ff40007.strapiapp.com/api/produtos?filters[slug][$eq]=braille-stage&fields[0]=nome&fields[1]=slug&fields[2]=descricao_curta&fields[3]=descricao_longa&fields[4]=caracteristicas_funcionais&fields[5]=caracteristicas_tecnicas&fields[6]=visao_geral&fields[7]=videos&fields[8]=Fabricante&fields[9]=palavras_chave&populate[imagem_principal][fields][0]=url&populate[imagem_principal][fields][1]=alternativeText&populate[imagem_principal][fields][2]=width&populate[imagem_principal][fields][3]=height&populate[galeria_de_imagens][fields][0]=url&populate[galeria_de_imagens][fields][1]=alternativeText&populate[galeria_de_imagens][fields][2]=width&populate[galeria_de_imagens][fields][3]=height&populate[subcategorias][fields][0]=nome&populate[subcategorias][fields][1]=slug&populate[subcategorias][fields][2]=ordem&populate[categorias][fields][0]=nome&populate[categorias][fields][1]=slug&populate[categorias][fields][2]=ordem&populate[relacao_fabricante][populate]=%2A&populate[documentos][fields][0]=url&populate[documentos][fields][1]=name&populate[documentos][fields][2]=ext&populate[documentos][fields][3]=size&populate[especificacoes_por_categoria][populate]=%2A
­ƒöî Fetching API: https://innovative-friendship-159ff40007.strapiapp.com/api/produtos?filters[slug][$eq]=braille-stage&fields[0]=nome&fields[1]=slug&fields[2]=descricao_curta&fields[3]=descricao_longa&fields[4]=caracteristicas_funcionais&fields[5]=caracteristicas_tecnicas&fields[6]=visao_geral&fields[7]=videos&fields[8]=Fabricante&fields[9]=palavras_chave&populate[imagem_principal][fields][0]=url&populate[imagem_principal][fields][1]=alternativeText&populate[imagem_principal][fields][2]=width&populate[imagem_principal][fields][3]=height&populate[galeria_de_imagens][fields][0]=url&populate[galeria_de_imagens][fields][1]=alternativeText&populate[galeria_de_imagens][fields][2]=width&populate[galeria_de_imagens][fields][3]=height&populate[subcategorias][fields][0]=nome&populate[subcategorias][fields][1]=slug&populate[subcategorias][fields][2]=ordem&populate[categorias][fields][0]=nome&populate[categorias][fields][1]=slug&populate[categorias][fields][2]=ordem&populate[relacao_fabricante][populate]=%2A&populate[documentos][fields][0]=url&populate[documentos][fields][1]=name&populate[documentos][fields][2]=ext&populate[documentos][fields][3]=size&populate[especificacoes_por_categoria][populate]=%2A
­ƒôª Renderizando p├ígina de produto: braille-stage
­ƒöî Fetching API: https://innovative-friendship-159ff40007.strapiapp.com/api/categorias?sort=nome:asc&fields[0]=nome&fields[1]=slug&fields[2]=ordem&populate[subcategorias][fields][0]=nome&populate[subcategorias][fields][1]=slug&populate[subcategorias][fields][2]=ordem&pagination[limit]=100
­ƒöî Fetching API: https://innovative-friendship-159ff40007.strapiapp.com/api/produtos?filters[slug][$eq]=braille-stage&fields[0]=nome&fields[1]=slug&fields[2]=descricao_curta&fields[3]=descricao_longa&fields[4]=caracteristicas_funcionais&fields[5]=caracteristicas_tecnicas&fields[6]=visao_geral&fields[7]=videos&fields[8]=Fabricante&fields[9]=palavras_chave&populate[imagem_principal][fields][0]=url&populate[imagem_principal][fields][1]=alternativeText&populate[imagem_principal][fields][2]=width&populate[imagem_principal][fields][3]=height&populate[galeria_de_imagens][fields][0]=url&populate[galeria_de_imagens][fields][1]=alternativeText&populate[galeria_de_imagens][fields][2]=width&populate[galeria_de_imagens][fields][3]=height&populate[subcategorias][fields][0]=nome&populate[subcategorias][fields][1]=slug&populate[subcategorias][fields][2]=ordem&populate[categorias][fields][0]=nome&populate[categorias][fields][1]=slug&populate[categorias][fields][2]=ordem&populate[relacao_fabricante][populate]=%2A&populate[documentos][fields][0]=url&populate[documentos][fields][1]=name&populate[documentos][fields][2]=ext&populate[documentos][fields][3]=size&populate[especificacoes_por_categoria][populate]=%2A
­ƒöî Fetching API: https://innovative-friendship-159ff40007.strapiapp.com/api/produtos?filters[slug][$eq]=braille-stage&fields[0]=nome&fields[1]=slug&fields[2]=descricao_curta&fields[3]=descricao_longa&fields[4]=caracteristicas_funcionais&fields[5]=caracteristicas_tecnicas&fields[6]=visao_geral&fields[7]=videos&fields[8]=Fabricante&fields[9]=palavras_chave&populate[imagem_principal][fields][0]=url&populate[imagem_principal][fields][1]=alternativeText&populate[imagem_principal][fields][2]=width&populate[imagem_principal][fields][3]=height&populate[galeria_de_imagens][fields][0]=url&populate[galeria_de_imagens][fields][1]=alternativeText&populate[galeria_de_imagens][fields][2]=width&populate[galeria_de_imagens][fields][3]=height&populate[subcategorias][fields][0]=nome&populate[subcategorias][fields][1]=slug&populate[subcategorias][fields][2]=ordem&populate[categorias][fields][0]=nome&populate[categorias][fields][1]=slug&populate[categorias][fields][2]=ordem&populate[relacao_fabricante][populate]=%2A&populate[documentos][fields][0]=url&populate[documentos][fields][1]=name&populate[documentos][fields][2]=ext&populate[documentos][fields][3]=size&populate[especificacoes_por_categoria][populate]=%2A
­ƒôª Renderizando p├ígina de produto: teca-fuser
­ƒöî Fetching API: https://innovative-friendship-159ff40007.strapiapp.com/api/categorias?sort=nome:asc&fields[0]=nome&fields[1]=slug&fields[2]=ordem&populate[subcategorias][fields][0]=nome&populate[subcategorias][fields][1]=slug&populate[subcategorias][fields][2]=ordem&pagination[limit]=100
­ƒöî Fetching API: https://innovative-friendship-159ff40007.strapiapp.com/api/produtos?filters[slug][$eq]=teca-fuser&fields[0]=nome&fields[1]=slug&fields[2]=descricao_curta&fields[3]=descricao_longa&fields[4]=caracteristicas_funcionais&fields[5]=caracteristicas_tecnicas&fields[6]=visao_geral&fields[7]=videos&fields[8]=Fabricante&fields[9]=palavras_chave&populate[imagem_principal][fields][0]=url&populate[imagem_principal][fields][1]=alternativeText&populate[imagem_principal][fields][2]=width&populate[imagem_principal][fields][3]=height&populate[galeria_de_imagens][fields][0]=url&populate[galeria_de_imagens][fields][1]=alternativeText&populate[galeria_de_imagens][fields][2]=width&populate[galeria_de_imagens][fields][3]=height&populate[subcategorias][fields][0]=nome&populate[subcategorias][fields][1]=slug&populate[subcategorias][fields][2]=ordem&populate[categorias][fields][0]=nome&populate[categorias][fields][1]=slug&populate[categorias][fields][2]=ordem&populate[relacao_fabricante][populate]=%2A&populate[documentos][fields][0]=url&populate[documentos][fields][1]=name&populate[documentos][fields][2]=ext&populate[documentos][fields][3]=size&populate[especificacoes_por_categoria][populate]=%2A
­ƒöî Fetching API: https://innovative-friendship-159ff40007.strapiapp.com/api/produtos?filters[slug][$eq]=teca-fuser&fields[0]=nome&fields[1]=slug&fields[2]=descricao_curta&fields[3]=descricao_longa&fields[4]=caracteristicas_funcionais&fields[5]=caracteristicas_tecnicas&fields[6]=visao_geral&fields[7]=videos&fields[8]=Fabricante&fields[9]=palavras_chave&populate[imagem_principal][fields][0]=url&populate[imagem_principal][fields][1]=alternativeText&populate[imagem_principal][fields][2]=width&populate[imagem_principal][fields][3]=height&populate[galeria_de_imagens][fields][0]=url&populate[galeria_de_imagens][fields][1]=alternativeText&populate[galeria_de_imagens][fields][2]=width&populate[galeria_de_imagens][fields][3]=height&populate[subcategorias][fields][0]=nome&populate[subcategorias][fields][1]=slug&populate[subcategorias][fields][2]=ordem&populate[categorias][fields][0]=nome&populate[categorias][fields][1]=slug&populate[categorias][fields][2]=ordem&populate[relacao_fabricante][populate]=%2A&populate[documentos][fields][0]=url&populate[documentos][fields][1]=name&populate[documentos][fields][2]=ext&populate[documentos][fields][3]=size&populate[especificacoes_por_categoria][populate]=%2A
­ƒôª Renderizando p├ígina de produto: teca-fuser
­ƒöî Fetching API: https://innovative-friendship-159ff40007.strapiapp.com/api/categorias?sort=nome:asc&fields[0]=nome&fields[1]=slug&fields[2]=ordem&populate[subcategorias][fields][0]=nome&populate[subcategorias][fields][1]=slug&populate[subcategorias][fields][2]=ordem&pagination[limit]=100
­ƒöî Fetching API: https://innovative-friendship-159ff40007.strapiapp.com/api/produtos?filters[slug][$eq]=teca-fuser&fields[0]=nome&fields[1]=slug&fields[2]=descricao_curta&fields[3]=descricao_longa&fields[4]=caracteristicas_funcionais&fields[5]=caracteristicas_tecnicas&fields[6]=visao_geral&fields[7]=videos&fields[8]=Fabricante&fields[9]=palavras_chave&populate[imagem_principal][fields][0]=url&populate[imagem_principal][fields][1]=alternativeText&populate[imagem_principal][fields][2]=width&populate[imagem_principal][fields][3]=height&populate[galeria_de_imagens][fields][0]=url&populate[galeria_de_imagens][fields][1]=alternativeText&populate[galeria_de_imagens][fields][2]=width&populate[galeria_de_imagens][fields][3]=height&populate[subcategorias][fields][0]=nome&populate[subcategorias][fields][1]=slug&populate[subcategorias][fields][2]=ordem&populate[categorias][fields][0]=nome&populate[categorias][fields][1]=slug&populate[categorias][fields][2]=ordem&populate[relacao_fabricante][populate]=%2A&populate[documentos][fields][0]=url&populate[documentos][fields][1]=name&populate[documentos][fields][2]=ext&populate[documentos][fields][3]=size&populate[especificacoes_por_categoria][populate]=%2A
­ƒöî Fetching API: https://innovative-friendship-159ff40007.strapiapp.com/api/produtos?filters[slug][$eq]=teca-fuser&fields[0]=nome&fields[1]=slug&fields[2]=descricao_curta&fields[3]=descricao_longa&fields[4]=caracteristicas_funcionais&fields[5]=caracteristicas_tecnicas&fields[6]=visao_geral&fields[7]=videos&fields[8]=Fabricante&fields[9]=palavras_chave&populate[imagem_principal][fields][0]=url&populate[imagem_principal][fields][1]=alternativeText&populate[imagem_principal][fields][2]=width&populate[imagem_principal][fields][3]=height&populate[galeria_de_imagens][fields][0]=url&populate[galeria_de_imagens][fields][1]=alternativeText&populate[galeria_de_imagens][fields][2]=width&populate[galeria_de_imagens][fields][3]=height&populate[subcategorias][fields][0]=nome&populate[subcategorias][fields][1]=slug&populate[subcategorias][fields][2]=ordem&populate[categorias][fields][0]=nome&populate[categorias][fields][1]=slug&populate[categorias][fields][2]=ordem&populate[relacao_fabricante][populate]=%2A&populate[documentos][fields][0]=url&populate[documentos][fields][1]=name&populate[documentos][fields][2]=ext&populate[documentos][fields][3]=size&populate[especificacoes_por_categoria][populate]=%2A
­ƒôª Renderizando p├ígina de produto: clearreader
­ƒöî Fetching API: https://innovative-friendship-159ff40007.strapiapp.com/api/categorias?sort=nome:asc&fields[0]=nome&fields[1]=slug&fields[2]=ordem&populate[subcategorias][fields][0]=nome&populate[subcategorias][fields][1]=slug&populate[subcategorias][fields][2]=ordem&pagination[limit]=100
­ƒöî Fetching API: https://innovative-friendship-159ff40007.strapiapp.com/api/produtos?filters[slug][$eq]=clearreader&fields[0]=nome&fields[1]=slug&fields[2]=descricao_curta&fields[3]=descricao_longa&fields[4]=caracteristicas_funcionais&fields[5]=caracteristicas_tecnicas&fields[6]=visao_geral&fields[7]=videos&fields[8]=Fabricante&fields[9]=palavras_chave&populate[imagem_principal][fields][0]=url&populate[imagem_principal][fields][1]=alternativeText&populate[imagem_principal][fields][2]=width&populate[imagem_principal][fields][3]=height&populate[galeria_de_imagens][fields][0]=url&populate[galeria_de_imagens][fields][1]=alternativeText&populate[galeria_de_imagens][fields][2]=width&populate[galeria_de_imagens][fields][3]=height&populate[subcategorias][fields][0]=nome&populate[subcategorias][fields][1]=slug&populate[subcategorias][fields][2]=ordem&populate[categorias][fields][0]=nome&populate[categorias][fields][1]=slug&populate[categorias][fields][2]=ordem&populate[relacao_fabricante][populate]=%2A&populate[documentos][fields][0]=url&populate[documentos][fields][1]=name&populate[documentos][fields][2]=ext&populate[documentos][fields][3]=size&populate[especificacoes_por_categoria][populate]=%2A
­ƒöî Fetching API: https://innovative-friendship-159ff40007.strapiapp.com/api/produtos?filters[slug][$eq]=clearreader&fields[0]=nome&fields[1]=slug&fields[2]=descricao_curta&fields[3]=descricao_longa&fields[4]=caracteristicas_funcionais&fields[5]=caracteristicas_tecnicas&fields[6]=visao_geral&fields[7]=videos&fields[8]=Fabricante&fields[9]=palavras_chave&populate[imagem_principal][fields][0]=url&populate[imagem_principal][fields][1]=alternativeText&populate[imagem_principal][fields][2]=width&populate[imagem_principal][fields][3]=height&populate[galeria_de_imagens][fields][0]=url&populate[galeria_de_imagens][fields][1]=alternativeText&populate[galeria_de_imagens][fields][2]=width&populate[galeria_de_imagens][fields][3]=height&populate[subcategorias][fields][0]=nome&populate[subcategorias][fields][1]=slug&populate[subcategorias][fields][2]=ordem&populate[categorias][fields][0]=nome&populate[categorias][fields][1]=slug&populate[categorias][fields][2]=ordem&populate[relacao_fabricante][populate]=%2A&populate[documentos][fields][0]=url&populate[documentos][fields][1]=name&populate[documentos][fields][2]=ext&populate[documentos][fields][3]=size&populate[especificacoes_por_categoria][populate]=%2A
­ƒôª Renderizando p├ígina de produto: clearreader
­ƒöî Fetching API: https://innovative-friendship-159ff40007.strapiapp.com/api/categorias?sort=nome:asc&fields[0]=nome&fields[1]=slug&fields[2]=ordem&populate[subcategorias][fields][0]=nome&populate[subcategorias][fields][1]=slug&populate[subcategorias][fields][2]=ordem&pagination[limit]=100
­ƒöî Fetching API: https://innovative-friendship-159ff40007.strapiapp.com/api/produtos?filters[slug][$eq]=clearreader&fields[0]=nome&fields[1]=slug&fields[2]=descricao_curta&fields[3]=descricao_longa&fields[4]=caracteristicas_funcionais&fields[5]=caracteristicas_tecnicas&fields[6]=visao_geral&fields[7]=videos&fields[8]=Fabricante&fields[9]=palavras_chave&populate[imagem_principal][fields][0]=url&populate[imagem_principal][fields][1]=alternativeText&populate[imagem_principal][fields][2]=width&populate[imagem_principal][fields][3]=height&populate[galeria_de_imagens][fields][0]=url&populate[galeria_de_imagens][fields][1]=alternativeText&populate[galeria_de_imagens][fields][2]=width&populate[galeria_de_imagens][fields][3]=height&populate[subcategorias][fields][0]=nome&populate[subcategorias][fields][1]=slug&populate[subcategorias][fields][2]=ordem&populate[categorias][fields][0]=nome&populate[categorias][fields][1]=slug&populate[categorias][fields][2]=ordem&populate[relacao_fabricante][populate]=%2A&populate[documentos][fields][0]=url&populate[documentos][fields][1]=name&populate[documentos][fields][2]=ext&populate[documentos][fields][3]=size&populate[especificacoes_por_categoria][populate]=%2A
­ƒöî Fetching API: https://innovative-friendship-159ff40007.strapiapp.com/api/produtos?filters[slug][$eq]=clearreader&fields[0]=nome&fields[1]=slug&fields[2]=descricao_curta&fields[3]=descricao_longa&fields[4]=caracteristicas_funcionais&fields[5]=caracteristicas_tecnicas&fields[6]=visao_geral&fields[7]=videos&fields[8]=Fabricante&fields[9]=palavras_chave&populate[imagem_principal][fields][0]=url&populate[imagem_principal][fields][1]=alternativeText&populate[imagem_principal][fields][2]=width&populate[imagem_principal][fields][3]=height&populate[galeria_de_imagens][fields][0]=url&populate[galeria_de_imagens][fields][1]=alternativeText&populate[galeria_de_imagens][fields][2]=width&populate[galeria_de_imagens][fields][3]=height&populate[subcategorias][fields][0]=nome&populate[subcategorias][fields][1]=slug&populate[subcategorias][fields][2]=ordem&populate[categorias][fields][0]=nome&populate[categorias][fields][1]=slug&populate[categorias][fields][2]=ordem&populate[relacao_fabricante][populate]=%2A&populate[documentos][fields][0]=url&populate[documentos][fields][1]=name&populate[documentos][fields][2]=ext&populate[documentos][fields][3]=size&populate[especificacoes_por_categoria][populate]=%2A
­ƒôª Renderizando p├ígina de produto: focus-40-blue
­ƒöî Fetching API: https://innovative-friendship-159ff40007.strapiapp.com/api/categorias?sort=nome:asc&fields[0]=nome&fields[1]=slug&fields[2]=ordem&populate[subcategorias][fields][0]=nome&populate[subcategorias][fields][1]=slug&populate[subcategorias][fields][2]=ordem&pagination[limit]=100
­ƒöî Fetching API: https://innovative-friendship-159ff40007.strapiapp.com/api/produtos?filters[slug][$eq]=focus-40-blue&fields[0]=nome&fields[1]=slug&fields[2]=descricao_curta&fields[3]=descricao_longa&fields[4]=caracteristicas_funcionais&fields[5]=caracteristicas_tecnicas&fields[6]=visao_geral&fields[7]=videos&fields[8]=Fabricante&fields[9]=palavras_chave&populate[imagem_principal][fields][0]=url&populate[imagem_principal][fields][1]=alternativeText&populate[imagem_principal][fields][2]=width&populate[imagem_principal][fields][3]=height&populate[galeria_de_imagens][fields][0]=url&populate[galeria_de_imagens][fields][1]=alternativeText&populate[galeria_de_imagens][fields][2]=width&populate[galeria_de_imagens][fields][3]=height&populate[subcategorias][fields][0]=nome&populate[subcategorias][fields][1]=slug&populate[subcategorias][fields][2]=ordem&populate[categorias][fields][0]=nome&populate[categorias][fields][1]=slug&populate[categorias][fields][2]=ordem&populate[relacao_fabricante][populate]=%2A&populate[documentos][fields][0]=url&populate[documentos][fields][1]=name&populate[documentos][fields][2]=ext&populate[documentos][fields][3]=size&populate[especificacoes_por_categoria][populate]=%2A
­ƒöî Fetching API: https://innovative-friendship-159ff40007.strapiapp.com/api/produtos?filters[slug][$eq]=focus-40-blue&fields[0]=nome&fields[1]=slug&fields[2]=descricao_curta&fields[3]=descricao_longa&fields[4]=caracteristicas_funcionais&fields[5]=caracteristicas_tecnicas&fields[6]=visao_geral&fields[7]=videos&fields[8]=Fabricante&fields[9]=palavras_chave&populate[imagem_principal][fields][0]=url&populate[imagem_principal][fields][1]=alternativeText&populate[imagem_principal][fields][2]=width&populate[imagem_principal][fields][3]=height&populate[galeria_de_imagens][fields][0]=url&populate[galeria_de_imagens][fields][1]=alternativeText&populate[galeria_de_imagens][fields][2]=width&populate[galeria_de_imagens][fields][3]=height&populate[subcategorias][fields][0]=nome&populate[subcategorias][fields][1]=slug&populate[subcategorias][fields][2]=ordem&populate[categorias][fields][0]=nome&populate[categorias][fields][1]=slug&populate[categorias][fields][2]=ordem&populate[relacao_fabricante][populate]=%2A&populate[documentos][fields][0]=url&populate[documentos][fields][1]=name&populate[documentos][fields][2]=ext&populate[documentos][fields][3]=size&populate[especificacoes_por_categoria][populate]=%2A
­ƒôª Renderizando p├ígina de produto: focus-40-blue
­ƒöî Fetching API: https://innovative-friendship-159ff40007.strapiapp.com/api/categorias?sort=nome:asc&fields[0]=nome&fields[1]=slug&fields[2]=ordem&populate[subcategorias][fields][0]=nome&populate[subcategorias][fields][1]=slug&populate[subcategorias][fields][2]=ordem&pagination[limit]=100
­ƒöî Fetching API: https://innovative-friendship-159ff40007.strapiapp.com/api/produtos?filters[slug][$eq]=focus-40-blue&fields[0]=nome&fields[1]=slug&fields[2]=descricao_curta&fields[3]=descricao_longa&fields[4]=caracteristicas_funcionais&fields[5]=caracteristicas_tecnicas&fields[6]=visao_geral&fields[7]=videos&fields[8]=Fabricante&fields[9]=palavras_chave&populate[imagem_principal][fields][0]=url&populate[imagem_principal][fields][1]=alternativeText&populate[imagem_principal][fields][2]=width&populate[imagem_principal][fields][3]=height&populate[galeria_de_imagens][fields][0]=url&populate[galeria_de_imagens][fields][1]=alternativeText&populate[galeria_de_imagens][fields][2]=width&populate[galeria_de_imagens][fields][3]=height&populate[subcategorias][fields][0]=nome&populate[subcategorias][fields][1]=slug&populate[subcategorias][fields][2]=ordem&populate[categorias][fields][0]=nome&populate[categorias][fields][1]=slug&populate[categorias][fields][2]=ordem&populate[relacao_fabricante][populate]=%2A&populate[documentos][fields][0]=url&populate[documentos][fields][1]=name&populate[documentos][fields][2]=ext&populate[documentos][fields][3]=size&populate[especificacoes_por_categoria][populate]=%2A
­ƒöî Fetching API: https://innovative-friendship-159ff40007.strapiapp.com/api/produtos?filters[slug][$eq]=focus-40-blue&fields[0]=nome&fields[1]=slug&fields[2]=descricao_curta&fields[3]=descricao_longa&fields[4]=caracteristicas_funcionais&fields[5]=caracteristicas_tecnicas&fields[6]=visao_geral&fields[7]=videos&fields[8]=Fabricante&fields[9]=palavras_chave&populate[imagem_principal][fields][0]=url&populate[imagem_principal][fields][1]=alternativeText&populate[imagem_principal][fields][2]=width&populate[imagem_principal][fields][3]=height&populate[galeria_de_imagens][fields][0]=url&populate[galeria_de_imagens][fields][1]=alternativeText&populate[galeria_de_imagens][fields][2]=width&populate[galeria_de_imagens][fields][3]=height&populate[subcategorias][fields][0]=nome&populate[subcategorias][fields][1]=slug&populate[subcategorias][fields][2]=ordem&populate[categorias][fields][0]=nome&populate[categorias][fields][1]=slug&populate[categorias][fields][2]=ordem&populate[relacao_fabricante][populate]=%2A&populate[documentos][fields][0]=url&populate[documentos][fields][1]=name&populate[documentos][fields][2]=ext&populate[documentos][fields][3]=size&populate[especificacoes_por_categoria][populate]=%2A
­ƒôª Renderizando p├ígina de produto: brinca-braille
­ƒöî Fetching API: https://innovative-friendship-159ff40007.strapiapp.com/api/categorias?sort=nome:asc&fields[0]=nome&fields[1]=slug&fields[2]=ordem&populate[subcategorias][fields][0]=nome&populate[subcategorias][fields][1]=slug&populate[subcategorias][fields][2]=ordem&pagination[limit]=100
­ƒöî Fetching API: https://innovative-friendship-159ff40007.strapiapp.com/api/produtos?filters[slug][$eq]=brinca-braille&fields[0]=nome&fields[1]=slug&fields[2]=descricao_curta&fields[3]=descricao_longa&fields[4]=caracteristicas_funcionais&fields[5]=caracteristicas_tecnicas&fields[6]=visao_geral&fields[7]=videos&fields[8]=Fabricante&fields[9]=palavras_chave&populate[imagem_principal][fields][0]=url&populate[imagem_principal][fields][1]=alternativeText&populate[imagem_principal][fields][2]=width&populate[imagem_principal][fields][3]=height&populate[galeria_de_imagens][fields][0]=url&populate[galeria_de_imagens][fields][1]=alternativeText&populate[galeria_de_imagens][fields][2]=width&populate[galeria_de_imagens][fields][3]=height&populate[subcategorias][fields][0]=nome&populate[subcategorias][fields][1]=slug&populate[subcategorias][fields][2]=ordem&populate[categorias][fields][0]=nome&populate[categorias][fields][1]=slug&populate[categorias][fields][2]=ordem&populate[relacao_fabricante][populate]=%2A&populate[documentos][fields][0]=url&populate[documentos][fields][1]=name&populate[documentos][fields][2]=ext&populate[documentos][fields][3]=size&populate[especificacoes_por_categoria][populate]=%2A
­ƒöî Fetching API: https://innovative-friendship-159ff40007.strapiapp.com/api/produtos?filters[slug][$eq]=brinca-braille&fields[0]=nome&fields[1]=slug&fields[2]=descricao_curta&fields[3]=descricao_longa&fields[4]=caracteristicas_funcionais&fields[5]=caracteristicas_tecnicas&fields[6]=visao_geral&fields[7]=videos&fields[8]=Fabricante&fields[9]=palavras_chave&populate[imagem_principal][fields][0]=url&populate[imagem_principal][fields][1]=alternativeText&populate[imagem_principal][fields][2]=width&populate[imagem_principal][fields][3]=height&populate[galeria_de_imagens][fields][0]=url&populate[galeria_de_imagens][fields][1]=alternativeText&populate[galeria_de_imagens][fields][2]=width&populate[galeria_de_imagens][fields][3]=height&populate[subcategorias][fields][0]=nome&populate[subcategorias][fields][1]=slug&populate[subcategorias][fields][2]=ordem&populate[categorias][fields][0]=nome&populate[categorias][fields][1]=slug&populate[categorias][fields][2]=ordem&populate[relacao_fabricante][populate]=%2A&populate[documentos][fields][0]=url&populate[documentos][fields][1]=name&populate[documentos][fields][2]=ext&populate[documentos][fields][3]=size&populate[especificacoes_por_categoria][populate]=%2A
­ƒôª Renderizando p├ígina de produto: brinca-braille
­ƒöî Fetching API: https://innovative-friendship-159ff40007.strapiapp.com/api/categorias?sort=nome:asc&fields[0]=nome&fields[1]=slug&fields[2]=ordem&populate[subcategorias][fields][0]=nome&populate[subcategorias][fields][1]=slug&populate[subcategorias][fields][2]=ordem&pagination[limit]=100
­ƒöî Fetching API: https://innovative-friendship-159ff40007.strapiapp.com/api/produtos?filters[slug][$eq]=brinca-braille&fields[0]=nome&fields[1]=slug&fields[2]=descricao_curta&fields[3]=descricao_longa&fields[4]=caracteristicas_funcionais&fields[5]=caracteristicas_tecnicas&fields[6]=visao_geral&fields[7]=videos&fields[8]=Fabricante&fields[9]=palavras_chave&populate[imagem_principal][fields][0]=url&populate[imagem_principal][fields][1]=alternativeText&populate[imagem_principal][fields][2]=width&populate[imagem_principal][fields][3]=height&populate[galeria_de_imagens][fields][0]=url&populate[galeria_de_imagens][fields][1]=alternativeText&populate[galeria_de_imagens][fields][2]=width&populate[galeria_de_imagens][fields][3]=height&populate[subcategorias][fields][0]=nome&populate[subcategorias][fields][1]=slug&populate[subcategorias][fields][2]=ordem&populate[categorias][fields][0]=nome&populate[categorias][fields][1]=slug&populate[categorias][fields][2]=ordem&populate[relacao_fabricante][populate]=%2A&populate[documentos][fields][0]=url&populate[documentos][fields][1]=name&populate[documentos][fields][2]=ext&populate[documentos][fields][3]=size&populate[especificacoes_por_categoria][populate]=%2A
­ƒöî Fetching API: https://innovative-friendship-159ff40007.strapiapp.com/api/produtos?filters[slug][$eq]=brinca-braille&fields[0]=nome&fields[1]=slug&fields[2]=descricao_curta&fields[3]=descricao_longa&fields[4]=caracteristicas_funcionais&fields[5]=caracteristicas_tecnicas&fields[6]=visao_geral&fields[7]=videos&fields[8]=Fabricante&fields[9]=palavras_chave&populate[imagem_principal][fields][0]=url&populate[imagem_principal][fields][1]=alternativeText&populate[imagem_principal][fields][2]=width&populate[imagem_principal][fields][3]=height&populate[galeria_de_imagens][fields][0]=url&populate[galeria_de_imagens][fields][1]=alternativeText&populate[galeria_de_imagens][fields][2]=width&populate[galeria_de_imagens][fields][3]=height&populate[subcategorias][fields][0]=nome&populate[subcategorias][fields][1]=slug&populate[subcategorias][fields][2]=ordem&populate[categorias][fields][0]=nome&populate[categorias][fields][1]=slug&populate[categorias][fields][2]=ordem&populate[relacao_fabricante][populate]=%2A&populate[documentos][fields][0]=url&populate[documentos][fields][1]=name&populate[documentos][fields][2]=ext&populate[documentos][fields][3]=size&populate[especificacoes_por_categoria][populate]=%2A
Ô£à Produto renderizado com sucesso: liber
Ô£à Produto renderizado com sucesso: liber
Ô£à Produto renderizado com sucesso: teca-fuser
Ô£à Produto renderizado com sucesso: teca-fuser
Ô£à Produto renderizado com sucesso: everest
Ô£à Produto renderizado com sucesso: everest
Ô£à Produto renderizado com sucesso: braille-stage
Ô£à Produto renderizado com sucesso: brinca-braille
Ô£à Produto renderizado com sucesso: brinca-braille
Ô£à Produto renderizado com sucesso: braille-stage
Ô£à Produto renderizado com sucesso: clearreader
Ô£à Produto renderizado com sucesso: clearreader
Ô£à Produto renderizado com sucesso: focus-40-blue
Ô£à Produto renderizado com sucesso: focus-40-blue
[ProductDetail] Group: "NPU" (Match: false), IsIndex: false (Identity Check: Liber + 2026.AI)
[ProductDetail] Group: "Armazenamento" (Match: false), IsIndex: false (Identity Check: Liber + 2026.AI)
[ProductDetail] Group: "Rede" (Match: false), IsIndex: false (Identity Check: Liber + 2026.AI)
[ProductDetail] Group: "Comunica├º├úo" (Match: false), IsIndex: false (Identity Check: Liber + 2026.AI)
[ProductDetail] Group: "Sa├¡das Poss├¡veis" (Match: false), IsIndex: false (Identity Check: Liber + 2026.AI)
[ProductDetail] Group: "Bateria" (Match: false), IsIndex: false (Identity Check: Liber + 2026.AI)
[ProductDetail] Group: "Teclados Intercambi├íveis de Entrada" (Match: false), IsIndex: false (Identity Check: Liber + 2026.AI)
[ProductDetail] Group: "Telas para Visualiza├º├úo" (Match: false), IsIndex: false (Identity Check: Liber + 2026.AI)
[ProductDetail] Group: "Formatos de Arquivo" (Match: false), IsIndex: false (Identity Check: Liber + 2026.AI)
[ProductDetail] Group: "C├ómeras" (Match: false), IsIndex: false (Identity Check: Liber + 2026.AI)
[ProductDetail] Group: "Dimens├Áes e Peso" (Match: false), IsIndex: false (Identity Check: Liber + 2026.AI)
[ProductDetail] Group: "Outras Caracter├¡sticas" (Match: false), IsIndex: false (Identity Check: Liber + 2026.AI)
[ProductDetail] Group: "Geral" (Match: false), IsIndex: false (Identity Check: Liber + 2026.AI)
[ProductDetail] Group: "Geral" (Match: false), IsIndex: false (Identity Check: Brinca Braille)
[ProductDetail] Group: "Caracter├¡sticas F├¡sicas" (Match: false), IsIndex: false (Identity Check: Brinca Braille)
[ProductDetail] Group: "Conectividade" (Match: false), IsIndex: false (Identity Check: Brinca Braille)
[ProductDetail] Group: "Energia" (Match: false), IsIndex: false (Identity Check: Brinca Braille)
[ProductDetail] Group: "Geral" (Match: false), IsIndex: false (Identity Check: Teca-Fuser)
[ProductDetail] Group: "Papel" (Match: false), IsIndex: false (Identity Check: Teca-Fuser)
[ProductDetail] Group: "Dimens├Áes e Peso" (Match: false), IsIndex: false (Identity Check: Teca-Fuser)
[ProductDetail] Group: "Ambiente de Opera├º├úo" (Match: false), IsIndex: false (Identity Check: Teca-Fuser)
[ProductDetail] Group: "Alimenta├º├úo" (Match: false), IsIndex: false (Identity Check: Teca-Fuser)
[ProductDetail] Group: "Geral" (Match: false), IsIndex: false (Identity Check: Braille Stage)
[ProductDetail] Group: "Software" (Match: false), IsIndex: false (Identity Check: Braille Stage)
[ProductDetail] Group: "Teclado" (Match: false), IsIndex: false (Identity Check: Braille Stage)
[ProductDetail] Group: "Armazenamento" (Match: false), IsIndex: false (Identity Check: Braille Stage)
[ProductDetail] Group: "Comunica├º├úo" (Match: false), IsIndex: false (Identity Check: Braille Stage)
[ProductDetail] Group: "Bateria" (Match: false), IsIndex: false (Identity Check: Braille Stage)
[ProductDetail] Group: "Dimens├Áes" (Match: false), IsIndex: false (Identity Check: Braille Stage)
[ProductDetail] Group: "Geral" (Match: false), IsIndex: false (Identity Check: ClearReader)
[ProductDetail] Group: "Tela e C├ómera" (Match: false), IsIndex: false (Identity Check: ClearReader)
[ProductDetail] Group: "Conectividade" (Match: false), IsIndex: false (Identity Check: ClearReader)
[ProductDetail] Group: "Idioma" (Match: false), IsIndex: false (Identity Check: ClearReader)
[ProductDetail] Group: "Dimens├Áes e Peso" (Match: false), IsIndex: false (Identity Check: ClearReader)
[ProductDetail] Group: "Alimenta├º├úo" (Match: false), IsIndex: false (Identity Check: ClearReader)
[ProductDetail] Group: "Geral" (Match: false), IsIndex: false (Identity Check: Focus 40 Blue)
[ProductDetail] Group: "Teclas" (Match: false), IsIndex: false (Identity Check: Focus 40 Blue)
[ProductDetail] Group: "Compatibilidade" (Match: false), IsIndex: false (Identity Check: Focus 40 Blue)
[ProductDetail] Group: "Conectividade" (Match: false), IsIndex: false (Identity Check: Focus 40 Blue)
[ProductDetail] Group: "Dimens├Áes e Peso" (Match: false), IsIndex: false (Identity Check: Focus 40 Blue)
[ProductDetail] Group: "Alimenta├º├úo" (Match: false), IsIndex: false (Identity Check: Focus 40 Blue)
[ProductDetail] Group: "Geral" (Match: false), IsIndex: true (Identity Check: Everest)
[ProductDetail] Group: "Impress├úo" (Match: true), IsIndex: true (Identity Check: Everest)
[ProductDetail] Group: "Comunica├º├úo" (Match: false), IsIndex: true (Identity Check: Everest)
[ProductDetail] Group: "Alimenta├º├úo" (Match: false), IsIndex: true (Identity Check: Everest)
[ProductDetail] Group: "Dimens├Áes e Peso" (Match: false), IsIndex: true (Identity Check: Everest)
[ProductDetail] Group: "Papel" (Match: false), IsIndex: true (Identity Check: Everest)
­ƒôª Renderizando p├ígina de produto: multiplano
­ƒöî Fetching API: https://innovative-friendship-159ff40007.strapiapp.com/api/categorias?sort=nome:asc&fields[0]=nome&fields[1]=slug&fields[2]=ordem&populate[subcategorias][fields][0]=nome&populate[subcategorias][fields][1]=slug&populate[subcategorias][fields][2]=ordem&pagination[limit]=100
­ƒöî Fetching API: https://innovative-friendship-159ff40007.strapiapp.com/api/produtos?filters[slug][$eq]=multiplano&fields[0]=nome&fields[1]=slug&fields[2]=descricao_curta&fields[3]=descricao_longa&fields[4]=caracteristicas_funcionais&fields[5]=caracteristicas_tecnicas&fields[6]=visao_geral&fields[7]=videos&fields[8]=Fabricante&fields[9]=palavras_chave&populate[imagem_principal][fields][0]=url&populate[imagem_principal][fields][1]=alternativeText&populate[imagem_principal][fields][2]=width&populate[imagem_principal][fields][3]=height&populate[galeria_de_imagens][fields][0]=url&populate[galeria_de_imagens][fields][1]=alternativeText&populate[galeria_de_imagens][fields][2]=width&populate[galeria_de_imagens][fields][3]=height&populate[subcategorias][fields][0]=nome&populate[subcategorias][fields][1]=slug&populate[subcategorias][fields][2]=ordem&populate[categorias][fields][0]=nome&populate[categorias][fields][1]=slug&populate[categorias][fields][2]=ordem&populate[relacao_fabricante][populate]=%2A&populate[documentos][fields][0]=url&populate[documentos][fields][1]=name&populate[documentos][fields][2]=ext&populate[documentos][fields][3]=size&populate[especificacoes_por_categoria][populate]=%2A
­ƒöî Fetching API: https://innovative-friendship-159ff40007.strapiapp.com/api/produtos?filters[slug][$eq]=multiplano&fields[0]=nome&fields[1]=slug&fields[2]=descricao_curta&fields[3]=descricao_longa&fields[4]=caracteristicas_funcionais&fields[5]=caracteristicas_tecnicas&fields[6]=visao_geral&fields[7]=videos&fields[8]=Fabricante&fields[9]=palavras_chave&populate[imagem_principal][fields][0]=url&populate[imagem_principal][fields][1]=alternativeText&populate[imagem_principal][fields][2]=width&populate[imagem_principal][fields][3]=height&populate[galeria_de_imagens][fields][0]=url&populate[galeria_de_imagens][fields][1]=alternativeText&populate[galeria_de_imagens][fields][2]=width&populate[galeria_de_imagens][fields][3]=height&populate[subcategorias][fields][0]=nome&populate[subcategorias][fields][1]=slug&populate[subcategorias][fields][2]=ordem&populate[categorias][fields][0]=nome&populate[categorias][fields][1]=slug&populate[categorias][fields][2]=ordem&populate[relacao_fabricante][populate]=%2A&populate[documentos][fields][0]=url&populate[documentos][fields][1]=name&populate[documentos][fields][2]=ext&populate[documentos][fields][3]=size&populate[especificacoes_por_categoria][populate]=%2A
­ƒôª Renderizando p├ígina de produto: multiplano
­ƒöî Fetching API: https://innovative-friendship-159ff40007.strapiapp.com/api/categorias?sort=nome:asc&fields[0]=nome&fields[1]=slug&fields[2]=ordem&populate[subcategorias][fields][0]=nome&populate[subcategorias][fields][1]=slug&populate[subcategorias][fields][2]=ordem&pagination[limit]=100
­ƒöî Fetching API: https://innovative-friendship-159ff40007.strapiapp.com/api/produtos?filters[slug][$eq]=multiplano&fields[0]=nome&fields[1]=slug&fields[2]=descricao_curta&fields[3]=descricao_longa&fields[4]=caracteristicas_funcionais&fields[5]=caracteristicas_tecnicas&fields[6]=visao_geral&fields[7]=videos&fields[8]=Fabricante&fields[9]=palavras_chave&populate[imagem_principal][fields][0]=url&populate[imagem_principal][fields][1]=alternativeText&populate[imagem_principal][fields][2]=width&populate[imagem_principal][fields][3]=height&populate[galeria_de_imagens][fields][0]=url&populate[galeria_de_imagens][fields][1]=alternativeText&populate[galeria_de_imagens][fields][2]=width&populate[galeria_de_imagens][fields][3]=height&populate[subcategorias][fields][0]=nome&populate[subcategorias][fields][1]=slug&populate[subcategorias][fields][2]=ordem&populate[categorias][fields][0]=nome&populate[categorias][fields][1]=slug&populate[categorias][fields][2]=ordem&populate[relacao_fabricante][populate]=%2A&populate[documentos][fields][0]=url&populate[documentos][fields][1]=name&populate[documentos][fields][2]=ext&populate[documentos][fields][3]=size&populate[especificacoes_por_categoria][populate]=%2A
­ƒöî Fetching API: https://innovative-friendship-159ff40007.strapiapp.com/api/produtos?filters[slug][$eq]=multiplano&fields[0]=nome&fields[1]=slug&fields[2]=descricao_curta&fields[3]=descricao_longa&fields[4]=caracteristicas_funcionais&fields[5]=caracteristicas_tecnicas&fields[6]=visao_geral&fields[7]=videos&fields[8]=Fabricante&fields[9]=palavras_chave&populate[imagem_principal][fields][0]=url&populate[imagem_principal][fields][1]=alternativeText&populate[imagem_principal][fields][2]=width&populate[imagem_principal][fields][3]=height&populate[galeria_de_imagens][fields][0]=url&populate[galeria_de_imagens][fields][1]=alternativeText&populate[galeria_de_imagens][fields][2]=width&populate[galeria_de_imagens][fields][3]=height&populate[subcategorias][fields][0]=nome&populate[subcategorias][fields][1]=slug&populate[subcategorias][fields][2]=ordem&populate[categorias][fields][0]=nome&populate[categorias][fields][1]=slug&populate[categorias][fields][2]=ordem&populate[relacao_fabricante][populate]=%2A&populate[documentos][fields][0]=url&populate[documentos][fields][1]=name&populate[documentos][fields][2]=ext&populate[documentos][fields][3]=size&populate[especificacoes_por_categoria][populate]=%2A
Ô£à Produto renderizado com sucesso: multiplano
Ô£à Produto renderizado com sucesso: multiplano
[ProductDetail] Group: "Geral" (Match: false), IsIndex: false (Identity Check: Multiplano)
[ProductDetail] Group: "Dimens├Áes e Peso" (Match: false), IsIndex: false (Identity Check: Multiplano)
[ProductDetail] Group: "Especifica├º├Áes" (Match: false), IsIndex: false (Identity Check: Liber 2026.AI)
[ProductDetail] Group: "Armazenamento" (Match: false), IsIndex: false (Identity Check: Liber 2026.AI)
[ProductDetail] Group: "Rede" (Match: false), IsIndex: false (Identity Check: Liber 2026.AI)
[ProductDetail] Group: "Comunica├º├úo" (Match: false), IsIndex: false (Identity Check: Liber 2026.AI)
[ProductDetail] Group: "Sa├¡das Poss├¡veis" (Match: false), IsIndex: false (Identity Check: Liber 2026.AI)
[ProductDetail] Group: "Bateria" (Match: false), IsIndex: false (Identity Check: Liber 2026.AI)
[ProductDetail] Group: "Teclados Inter-Troc├íveis de Entrada" (Match: false), IsIndex: false (Identity Check: Liber 2026.AI)
[ProductDetail] Group: "Telas para Visualiza├º├úo" (Match: false), IsIndex: false (Identity Check: Liber 2026.AI)
[ProductDetail] Group: "Formatos de Arquivo" (Match: false), IsIndex: false (Identity Check: Liber 2026.AI)
[ProductDetail] Group: "C├ómeras" (Match: false), IsIndex: false (Identity Check: Liber 2026.AI)
[ProductDetail] Group: "Dimens├Áes e Peso" (Match: false), IsIndex: false (Identity Check: Liber 2026.AI)
[ProductDetail] Group: "Outras Caracter├¡sticas" (Match: false), IsIndex: false (Identity Check: Liber 2026.AI)
[ProductDetail] Group: "Geral" (Match: false), IsIndex: false (Identity Check: Liber 2026.AI)
   Generating static pages (38/153) 
­ƒôª Renderizando p├ígina de produto: clearview-24
­ƒöî Fetching API: https://innovative-friendship-159ff40007.strapiapp.com/api/categorias?sort=nome:asc&fields[0]=nome&fields[1]=slug&fields[2]=ordem&populate[subcategorias][fields][0]=nome&populate[subcategorias][fields][1]=slug&populate[subcategorias][fields][2]=ordem&pagination[limit]=100
­ƒöî Fetching API: https://innovative-friendship-159ff40007.strapiapp.com/api/produtos?filters[slug][$eq]=clearview-24&fields[0]=nome&fields[1]=slug&fields[2]=descricao_curta&fields[3]=descricao_longa&fields[4]=caracteristicas_funcionais&fields[5]=caracteristicas_tecnicas&fields[6]=visao_geral&fields[7]=videos&fields[8]=Fabricante&fields[9]=palavras_chave&populate[imagem_principal][fields][0]=url&populate[imagem_principal][fields][1]=alternativeText&populate[imagem_principal][fields][2]=width&populate[imagem_principal][fields][3]=height&populate[galeria_de_imagens][fields][0]=url&populate[galeria_de_imagens][fields][1]=alternativeText&populate[galeria_de_imagens][fields][2]=width&populate[galeria_de_imagens][fields][3]=height&populate[subcategorias][fields][0]=nome&populate[subcategorias][fields][1]=slug&populate[subcategorias][fields][2]=ordem&populate[categorias][fields][0]=nome&populate[categorias][fields][1]=slug&populate[categorias][fields][2]=ordem&populate[relacao_fabricante][populate]=%2A&populate[documentos][fields][0]=url&populate[documentos][fields][1]=name&populate[documentos][fields][2]=ext&populate[documentos][fields][3]=size&populate[especificacoes_por_categoria][populate]=%2A
­ƒöî Fetching API: https://innovative-friendship-159ff40007.strapiapp.com/api/produtos?filters[slug][$eq]=clearview-24&fields[0]=nome&fields[1]=slug&fields[2]=descricao_curta&fields[3]=descricao_longa&fields[4]=caracteristicas_funcionais&fields[5]=caracteristicas_tecnicas&fields[6]=visao_geral&fields[7]=videos&fields[8]=Fabricante&fields[9]=palavras_chave&populate[imagem_principal][fields][0]=url&populate[imagem_principal][fields][1]=alternativeText&populate[imagem_principal][fields][2]=width&populate[imagem_principal][fields][3]=height&populate[galeria_de_imagens][fields][0]=url&populate[galeria_de_imagens][fields][1]=alternativeText&populate[galeria_de_imagens][fields][2]=width&populate[galeria_de_imagens][fields][3]=height&populate[subcategorias][fields][0]=nome&populate[subcategorias][fields][1]=slug&populate[subcategorias][fields][2]=ordem&populate[categorias][fields][0]=nome&populate[categorias][fields][1]=slug&populate[categorias][fields][2]=ordem&populate[relacao_fabricante][populate]=%2A&populate[documentos][fields][0]=url&populate[documentos][fields][1]=name&populate[documentos][fields][2]=ext&populate[documentos][fields][3]=size&populate[especificacoes_por_categoria][populate]=%2A
­ƒôª Renderizando p├ígina de produto: clearview-24
­ƒöî Fetching API: https://innovative-friendship-159ff40007.strapiapp.com/api/categorias?sort=nome:asc&fields[0]=nome&fields[1]=slug&fields[2]=ordem&populate[subcategorias][fields][0]=nome&populate[subcategorias][fields][1]=slug&populate[subcategorias][fields][2]=ordem&pagination[limit]=100
­ƒöî Fetching API: https://innovative-friendship-159ff40007.strapiapp.com/api/produtos?filters[slug][$eq]=clearview-24&fields[0]=nome&fields[1]=slug&fields[2]=descricao_curta&fields[3]=descricao_longa&fields[4]=caracteristicas_funcionais&fields[5]=caracteristicas_tecnicas&fields[6]=visao_geral&fields[7]=videos&fields[8]=Fabricante&fields[9]=palavras_chave&populate[imagem_principal][fields][0]=url&populate[imagem_principal][fields][1]=alternativeText&populate[imagem_principal][fields][2]=width&populate[imagem_principal][fields][3]=height&populate[galeria_de_imagens][fields][0]=url&populate[galeria_de_imagens][fields][1]=alternativeText&populate[galeria_de_imagens][fields][2]=width&populate[galeria_de_imagens][fields][3]=height&populate[subcategorias][fields][0]=nome&populate[subcategorias][fields][1]=slug&populate[subcategorias][fields][2]=ordem&populate[categorias][fields][0]=nome&populate[categorias][fields][1]=slug&populate[categorias][fields][2]=ordem&populate[relacao_fabricante][populate]=%2A&populate[documentos][fields][0]=url&populate[documentos][fields][1]=name&populate[documentos][fields][2]=ext&populate[documentos][fields][3]=size&populate[especificacoes_por_categoria][populate]=%2A
­ƒöî Fetching API: https://innovative-friendship-159ff40007.strapiapp.com/api/produtos?filters[slug][$eq]=clearview-24&fields[0]=nome&fields[1]=slug&fields[2]=descricao_curta&fields[3]=descricao_longa&fields[4]=caracteristicas_funcionais&fields[5]=caracteristicas_tecnicas&fields[6]=visao_geral&fields[7]=videos&fields[8]=Fabricante&fields[9]=palavras_chave&populate[imagem_principal][fields][0]=url&populate[imagem_principal][fields][1]=alternativeText&populate[imagem_principal][fields][2]=width&populate[imagem_principal][fields][3]=height&populate[galeria_de_imagens][fields][0]=url&populate[galeria_de_imagens][fields][1]=alternativeText&populate[galeria_de_imagens][fields][2]=width&populate[galeria_de_imagens][fields][3]=height&populate[subcategorias][fields][0]=nome&populate[subcategorias][fields][1]=slug&populate[subcategorias][fields][2]=ordem&populate[categorias][fields][0]=nome&populate[categorias][fields][1]=slug&populate[categorias][fields][2]=ordem&populate[relacao_fabricante][populate]=%2A&populate[documentos][fields][0]=url&populate[documentos][fields][1]=name&populate[documentos][fields][2]=ext&populate[documentos][fields][3]=size&populate[especificacoes_por_categoria][populate]=%2A
Ô£à Produto renderizado com sucesso: clearview-24
Ô£à Produto renderizado com sucesso: clearview-24
[ProductDetail] Group: "Geral" (Match: false), IsIndex: false (Identity Check: ClearView 24ÔÇ│ Full HD)
[ProductDetail] Group: "Tela" (Match: false), IsIndex: false (Identity Check: ClearView 24ÔÇ│ Full HD)
[ProductDetail] Group: "Recursos" (Match: false), IsIndex: false (Identity Check: ClearView 24ÔÇ│ Full HD)
[ProductDetail] Group: "Vis├úo Geral" (Match: false), IsIndex: false (Identity Check: ClearView 24ÔÇ│ Full HD)
[ProductDetail] Group: "Comunica├º├úo" (Match: false), IsIndex: false (Identity Check: ClearView 24ÔÇ│ Full HD)
[ProductDetail] Group: "Dimens├Áes e Peso" (Match: false), IsIndex: false (Identity Check: ClearView 24ÔÇ│ Full HD)
­ƒôª Renderizando p├ígina de produto: clearview-24-com-voz
­ƒöî Fetching API: https://innovative-friendship-159ff40007.strapiapp.com/api/categorias?sort=nome:asc&fields[0]=nome&fields[1]=slug&fields[2]=ordem&populate[subcategorias][fields][0]=nome&populate[subcategorias][fields][1]=slug&populate[subcategorias][fields][2]=ordem&pagination[limit]=100
­ƒöî Fetching API: https://innovative-friendship-159ff40007.strapiapp.com/api/produtos?filters[slug][$eq]=clearview-24-com-voz&fields[0]=nome&fields[1]=slug&fields[2]=descricao_curta&fields[3]=descricao_longa&fields[4]=caracteristicas_funcionais&fields[5]=caracteristicas_tecnicas&fields[6]=visao_geral&fields[7]=videos&fields[8]=Fabricante&fields[9]=palavras_chave&populate[imagem_principal][fields][0]=url&populate[imagem_principal][fields][1]=alternativeText&populate[imagem_principal][fields][2]=width&populate[imagem_principal][fields][3]=height&populate[galeria_de_imagens][fields][0]=url&populate[galeria_de_imagens][fields][1]=alternativeText&populate[galeria_de_imagens][fields][2]=width&populate[galeria_de_imagens][fields][3]=height&populate[subcategorias][fields][0]=nome&populate[subcategorias][fields][1]=slug&populate[subcategorias][fields][2]=ordem&populate[categorias][fields][0]=nome&populate[categorias][fields][1]=slug&populate[categorias][fields][2]=ordem&populate[relacao_fabricante][populate]=%2A&populate[documentos][fields][0]=url&populate[documentos][fields][1]=name&populate[documentos][fields][2]=ext&populate[documentos][fields][3]=size&populate[especificacoes_por_categoria][populate]=%2A
­ƒöî Fetching API: https://innovative-friendship-159ff40007.strapiapp.com/api/produtos?filters[slug][$eq]=clearview-24-com-voz&fields[0]=nome&fields[1]=slug&fields[2]=descricao_curta&fields[3]=descricao_longa&fields[4]=caracteristicas_funcionais&fields[5]=caracteristicas_tecnicas&fields[6]=visao_geral&fields[7]=videos&fields[8]=Fabricante&fields[9]=palavras_chave&populate[imagem_principal][fields][0]=url&populate[imagem_principal][fields][1]=alternativeText&populate[imagem_principal][fields][2]=width&populate[imagem_principal][fields][3]=height&populate[galeria_de_imagens][fields][0]=url&populate[galeria_de_imagens][fields][1]=alternativeText&populate[galeria_de_imagens][fields][2]=width&populate[galeria_de_imagens][fields][3]=height&populate[subcategorias][fields][0]=nome&populate[subcategorias][fields][1]=slug&populate[subcategorias][fields][2]=ordem&populate[categorias][fields][0]=nome&populate[categorias][fields][1]=slug&populate[categorias][fields][2]=ordem&populate[relacao_fabricante][populate]=%2A&populate[documentos][fields][0]=url&populate[documentos][fields][1]=name&populate[documentos][fields][2]=ext&populate[documentos][fields][3]=size&populate[especificacoes_por_categoria][populate]=%2A
­ƒôª Renderizando p├ígina de produto: clearview-24-com-voz
­ƒöî Fetching API: https://innovative-friendship-159ff40007.strapiapp.com/api/categorias?sort=nome:asc&fields[0]=nome&fields[1]=slug&fields[2]=ordem&populate[subcategorias][fields][0]=nome&populate[subcategorias][fields][1]=slug&populate[subcategorias][fields][2]=ordem&pagination[limit]=100
­ƒöî Fetching API: https://innovative-friendship-159ff40007.strapiapp.com/api/produtos?filters[slug][$eq]=clearview-24-com-voz&fields[0]=nome&fields[1]=slug&fields[2]=descricao_curta&fields[3]=descricao_longa&fields[4]=caracteristicas_funcionais&fields[5]=caracteristicas_tecnicas&fields[6]=visao_geral&fields[7]=videos&fields[8]=Fabricante&fields[9]=palavras_chave&populate[imagem_principal][fields][0]=url&populate[imagem_principal][fields][1]=alternativeText&populate[imagem_principal][fields][2]=width&populate[imagem_principal][fields][3]=height&populate[galeria_de_imagens][fields][0]=url&populate[galeria_de_imagens][fields][1]=alternativeText&populate[galeria_de_imagens][fields][2]=width&populate[galeria_de_imagens][fields][3]=height&populate[subcategorias][fields][0]=nome&populate[subcategorias][fields][1]=slug&populate[subcategorias][fields][2]=ordem&populate[categorias][fields][0]=nome&populate[categorias][fields][1]=slug&populate[categorias][fields][2]=ordem&populate[relacao_fabricante][populate]=%2A&populate[documentos][fields][0]=url&populate[documentos][fields][1]=name&populate[documentos][fields][2]=ext&populate[documentos][fields][3]=size&populate[especificacoes_por_categoria][populate]=%2A
­ƒöî Fetching API: https://innovative-friendship-159ff40007.strapiapp.com/api/produtos?filters[slug][$eq]=clearview-24-com-voz&fields[0]=nome&fields[1]=slug&fields[2]=descricao_curta&fields[3]=descricao_longa&fields[4]=caracteristicas_funcionais&fields[5]=caracteristicas_tecnicas&fields[6]=visao_geral&fields[7]=videos&fields[8]=Fabricante&fields[9]=palavras_chave&populate[imagem_principal][fields][0]=url&populate[imagem_principal][fields][1]=alternativeText&populate[imagem_principal][fields][2]=width&populate[imagem_principal][fields][3]=height&populate[galeria_de_imagens][fields][0]=url&populate[galeria_de_imagens][fields][1]=alternativeText&populate[galeria_de_imagens][fields][2]=width&populate[galeria_de_imagens][fields][3]=height&populate[subcategorias][fields][0]=nome&populate[subcategorias][fields][1]=slug&populate[subcategorias][fields][2]=ordem&populate[categorias][fields][0]=nome&populate[categorias][fields][1]=slug&populate[categorias][fields][2]=ordem&populate[relacao_fabricante][populate]=%2A&populate[documentos][fields][0]=url&populate[documentos][fields][1]=name&populate[documentos][fields][2]=ext&populate[documentos][fields][3]=size&populate[especificacoes_por_categoria][populate]=%2A
Ô£à Produto renderizado com sucesso: clearview-24-com-voz
Ô£à Produto renderizado com sucesso: clearview-24-com-voz
[ProductDetail] Group: "Geral" (Match: false), IsIndex: false (Identity Check: ClearView 24ÔÇ│ Full HD com Voz)
[ProductDetail] Group: "Tela" (Match: false), IsIndex: false (Identity Check: ClearView 24ÔÇ│ Full HD com Voz)
[ProductDetail] Group: "Recursos" (Match: false), IsIndex: false (Identity Check: ClearView 24ÔÇ│ Full HD com Voz)
[ProductDetail] Group: "Vis├úo Geral" (Match: false), IsIndex: false (Identity Check: ClearView 24ÔÇ│ Full HD com Voz)
[ProductDetail] Group: "Comunica├º├úo" (Match: false), IsIndex: false (Identity Check: ClearView 24ÔÇ│ Full HD com Voz)
[ProductDetail] Group: "Dimens├Áes e Peso" (Match: false), IsIndex: false (Identity Check: ClearView 24ÔÇ│ Full HD com Voz)
­ƒôª Renderizando p├ígina de produto: basic
­ƒöî Fetching API: https://innovative-friendship-159ff40007.strapiapp.com/api/categorias?sort=nome:asc&fields[0]=nome&fields[1]=slug&fields[2]=ordem&populate[subcategorias][fields][0]=nome&populate[subcategorias][fields][1]=slug&populate[subcategorias][fields][2]=ordem&pagination[limit]=100
­ƒöî Fetching API: https://innovative-friendship-159ff40007.strapiapp.com/api/produtos?filters[slug][$eq]=basic&fields[0]=nome&fields[1]=slug&fields[2]=descricao_curta&fields[3]=descricao_longa&fields[4]=caracteristicas_funcionais&fields[5]=caracteristicas_tecnicas&fields[6]=visao_geral&fields[7]=videos&fields[8]=Fabricante&fields[9]=palavras_chave&populate[imagem_principal][fields][0]=url&populate[imagem_principal][fields][1]=alternativeText&populate[imagem_principal][fields][2]=width&populate[imagem_principal][fields][3]=height&populate[galeria_de_imagens][fields][0]=url&populate[galeria_de_imagens][fields][1]=alternativeText&populate[galeria_de_imagens][fields][2]=width&populate[galeria_de_imagens][fields][3]=height&populate[subcategorias][fields][0]=nome&populate[subcategorias][fields][1]=slug&populate[subcategorias][fields][2]=ordem&populate[categorias][fields][0]=nome&populate[categorias][fields][1]=slug&populate[categorias][fields][2]=ordem&populate[relacao_fabricante][populate]=%2A&populate[documentos][fields][0]=url&populate[documentos][fields][1]=name&populate[documentos][fields][2]=ext&populate[documentos][fields][3]=size&populate[especificacoes_por_categoria][populate]=%2A
­ƒöî Fetching API: https://innovative-friendship-159ff40007.strapiapp.com/api/produtos?filters[slug][$eq]=basic&fields[0]=nome&fields[1]=slug&fields[2]=descricao_curta&fields[3]=descricao_longa&fields[4]=caracteristicas_funcionais&fields[5]=caracteristicas_tecnicas&fields[6]=visao_geral&fields[7]=videos&fields[8]=Fabricante&fields[9]=palavras_chave&populate[imagem_principal][fields][0]=url&populate[imagem_principal][fields][1]=alternativeText&populate[imagem_principal][fields][2]=width&populate[imagem_principal][fields][3]=height&populate[galeria_de_imagens][fields][0]=url&populate[galeria_de_imagens][fields][1]=alternativeText&populate[galeria_de_imagens][fields][2]=width&populate[galeria_de_imagens][fields][3]=height&populate[subcategorias][fields][0]=nome&populate[subcategorias][fields][1]=slug&populate[subcategorias][fields][2]=ordem&populate[categorias][fields][0]=nome&populate[categorias][fields][1]=slug&populate[categorias][fields][2]=ordem&populate[relacao_fabricante][populate]=%2A&populate[documentos][fields][0]=url&populate[documentos][fields][1]=name&populate[documentos][fields][2]=ext&populate[documentos][fields][3]=size&populate[especificacoes_por_categoria][populate]=%2A
­ƒôª Renderizando p├ígina de produto: basic
­ƒöî Fetching API: https://innovative-friendship-159ff40007.strapiapp.com/api/categorias?sort=nome:asc&fields[0]=nome&fields[1]=slug&fields[2]=ordem&populate[subcategorias][fields][0]=nome&populate[subcategorias][fields][1]=slug&populate[subcategorias][fields][2]=ordem&pagination[limit]=100
­ƒöî Fetching API: https://innovative-friendship-159ff40007.strapiapp.com/api/produtos?filters[slug][$eq]=basic&fields[0]=nome&fields[1]=slug&fields[2]=descricao_curta&fields[3]=descricao_longa&fields[4]=caracteristicas_funcionais&fields[5]=caracteristicas_tecnicas&fields[6]=visao_geral&fields[7]=videos&fields[8]=Fabricante&fields[9]=palavras_chave&populate[imagem_principal][fields][0]=url&populate[imagem_principal][fields][1]=alternativeText&populate[imagem_principal][fields][2]=width&populate[imagem_principal][fields][3]=height&populate[galeria_de_imagens][fields][0]=url&populate[galeria_de_imagens][fields][1]=alternativeText&populate[galeria_de_imagens][fields][2]=width&populate[galeria_de_imagens][fields][3]=height&populate[subcategorias][fields][0]=nome&populate[subcategorias][fields][1]=slug&populate[subcategorias][fields][2]=ordem&populate[categorias][fields][0]=nome&populate[categorias][fields][1]=slug&populate[categorias][fields][2]=ordem&populate[relacao_fabricante][populate]=%2A&populate[documentos][fields][0]=url&populate[documentos][fields][1]=name&populate[documentos][fields][2]=ext&populate[documentos][fields][3]=size&populate[especificacoes_por_categoria][populate]=%2A
­ƒöî Fetching API: https://innovative-friendship-159ff40007.strapiapp.com/api/produtos?filters[slug][$eq]=basic&fields[0]=nome&fields[1]=slug&fields[2]=descricao_curta&fields[3]=descricao_longa&fields[4]=caracteristicas_funcionais&fields[5]=caracteristicas_tecnicas&fields[6]=visao_geral&fields[7]=videos&fields[8]=Fabricante&fields[9]=palavras_chave&populate[imagem_principal][fields][0]=url&populate[imagem_principal][fields][1]=alternativeText&populate[imagem_principal][fields][2]=width&populate[imagem_principal][fields][3]=height&populate[galeria_de_imagens][fields][0]=url&populate[galeria_de_imagens][fields][1]=alternativeText&populate[galeria_de_imagens][fields][2]=width&populate[galeria_de_imagens][fields][3]=height&populate[subcategorias][fields][0]=nome&populate[subcategorias][fields][1]=slug&populate[subcategorias][fields][2]=ordem&populate[categorias][fields][0]=nome&populate[categorias][fields][1]=slug&populate[categorias][fields][2]=ordem&populate[relacao_fabricante][populate]=%2A&populate[documentos][fields][0]=url&populate[documentos][fields][1]=name&populate[documentos][fields][2]=ext&populate[documentos][fields][3]=size&populate[especificacoes_por_categoria][populate]=%2A
Ô£à Produto renderizado com sucesso: basic
Ô£à Produto renderizado com sucesso: basic
[ProductDetail] Group: "Geral" (Match: false), IsIndex: true (Identity Check: Basic)
[ProductDetail] Group: "Impress├úo" (Match: true), IsIndex: true (Identity Check: Basic)
[ProductDetail] Group: "Comunica├º├úo" (Match: false), IsIndex: true (Identity Check: Basic)
[ProductDetail] Group: "Alimenta├º├úo" (Match: false), IsIndex: true (Identity Check: Basic)
[ProductDetail] Group: "Dimens├Áes e Peso" (Match: false), IsIndex: true (Identity Check: Basic)
[ProductDetail] Group: "Papel" (Match: false), IsIndex: true (Identity Check: Basic)
­ƒôª Renderizando p├ígina de produto: ruby-7-hd
­ƒöî Fetching API: https://innovative-friendship-159ff40007.strapiapp.com/api/categorias?sort=nome:asc&fields[0]=nome&fields[1]=slug&fields[2]=ordem&populate[subcategorias][fields][0]=nome&populate[subcategorias][fields][1]=slug&populate[subcategorias][fields][2]=ordem&pagination[limit]=100
­ƒöî Fetching API: https://innovative-friendship-159ff40007.strapiapp.com/api/produtos?filters[slug][$eq]=ruby-7-hd&fields[0]=nome&fields[1]=slug&fields[2]=descricao_curta&fields[3]=descricao_longa&fields[4]=caracteristicas_funcionais&fields[5]=caracteristicas_tecnicas&fields[6]=visao_geral&fields[7]=videos&fields[8]=Fabricante&fields[9]=palavras_chave&populate[imagem_principal][fields][0]=url&populate[imagem_principal][fields][1]=alternativeText&populate[imagem_principal][fields][2]=width&populate[imagem_principal][fields][3]=height&populate[galeria_de_imagens][fields][0]=url&populate[galeria_de_imagens][fields][1]=alternativeText&populate[galeria_de_imagens][fields][2]=width&populate[galeria_de_imagens][fields][3]=height&populate[subcategorias][fields][0]=nome&populate[subcategorias][fields][1]=slug&populate[subcategorias][fields][2]=ordem&populate[categorias][fields][0]=nome&populate[categorias][fields][1]=slug&populate[categorias][fields][2]=ordem&populate[relacao_fabricante][populate]=%2A&populate[documentos][fields][0]=url&populate[documentos][fields][1]=name&populate[documentos][fields][2]=ext&populate[documentos][fields][3]=size&populate[especificacoes_por_categoria][populate]=%2A
­ƒöî Fetching API: https://innovative-friendship-159ff40007.strapiapp.com/api/produtos?filters[slug][$eq]=ruby-7-hd&fields[0]=nome&fields[1]=slug&fields[2]=descricao_curta&fields[3]=descricao_longa&fields[4]=caracteristicas_funcionais&fields[5]=caracteristicas_tecnicas&fields[6]=visao_geral&fields[7]=videos&fields[8]=Fabricante&fields[9]=palavras_chave&populate[imagem_principal][fields][0]=url&populate[imagem_principal][fields][1]=alternativeText&populate[imagem_principal][fields][2]=width&populate[imagem_principal][fields][3]=height&populate[galeria_de_imagens][fields][0]=url&populate[galeria_de_imagens][fields][1]=alternativeText&populate[galeria_de_imagens][fields][2]=width&populate[galeria_de_imagens][fields][3]=height&populate[subcategorias][fields][0]=nome&populate[subcategorias][fields][1]=slug&populate[subcategorias][fields][2]=ordem&populate[categorias][fields][0]=nome&populate[categorias][fields][1]=slug&populate[categorias][fields][2]=ordem&populate[relacao_fabricante][populate]=%2A&populate[documentos][fields][0]=url&populate[documentos][fields][1]=name&populate[documentos][fields][2]=ext&populate[documentos][fields][3]=size&populate[especificacoes_por_categoria][populate]=%2A
­ƒôª Renderizando p├ígina de produto: ruby-7-hd
­ƒöî Fetching API: https://innovative-friendship-159ff40007.strapiapp.com/api/categorias?sort=nome:asc&fields[0]=nome&fields[1]=slug&fields[2]=ordem&populate[subcategorias][fields][0]=nome&populate[subcategorias][fields][1]=slug&populate[subcategorias][fields][2]=ordem&pagination[limit]=100
­ƒöî Fetching API: https://innovative-friendship-159ff40007.strapiapp.com/api/produtos?filters[slug][$eq]=ruby-7-hd&fields[0]=nome&fields[1]=slug&fields[2]=descricao_curta&fields[3]=descricao_longa&fields[4]=caracteristicas_funcionais&fields[5]=caracteristicas_tecnicas&fields[6]=visao_geral&fields[7]=videos&fields[8]=Fabricante&fields[9]=palavras_chave&populate[imagem_principal][fields][0]=url&populate[imagem_principal][fields][1]=alternativeText&populate[imagem_principal][fields][2]=width&populate[imagem_principal][fields][3]=height&populate[galeria_de_imagens][fields][0]=url&populate[galeria_de_imagens][fields][1]=alternativeText&populate[galeria_de_imagens][fields][2]=width&populate[galeria_de_imagens][fields][3]=height&populate[subcategorias][fields][0]=nome&populate[subcategorias][fields][1]=slug&populate[subcategorias][fields][2]=ordem&populate[categorias][fields][0]=nome&populate[categorias][fields][1]=slug&populate[categorias][fields][2]=ordem&populate[relacao_fabricante][populate]=%2A&populate[documentos][fields][0]=url&populate[documentos][fields][1]=name&populate[documentos][fields][2]=ext&populate[documentos][fields][3]=size&populate[especificacoes_por_categoria][populate]=%2A
­ƒöî Fetching API: https://innovative-friendship-159ff40007.strapiapp.com/api/produtos?filters[slug][$eq]=ruby-7-hd&fields[0]=nome&fields[1]=slug&fields[2]=descricao_curta&fields[3]=descricao_longa&fields[4]=caracteristicas_funcionais&fields[5]=caracteristicas_tecnicas&fields[6]=visao_geral&fields[7]=videos&fields[8]=Fabricante&fields[9]=palavras_chave&populate[imagem_principal][fields][0]=url&populate[imagem_principal][fields][1]=alternativeText&populate[imagem_principal][fields][2]=width&populate[imagem_principal][fields][3]=height&populate[galeria_de_imagens][fields][0]=url&populate[galeria_de_imagens][fields][1]=alternativeText&populate[galeria_de_imagens][fields][2]=width&populate[galeria_de_imagens][fields][3]=height&populate[subcategorias][fields][0]=nome&populate[subcategorias][fields][1]=slug&populate[subcategorias][fields][2]=ordem&populate[categorias][fields][0]=nome&populate[categorias][fields][1]=slug&populate[categorias][fields][2]=ordem&populate[relacao_fabricante][populate]=%2A&populate[documentos][fields][0]=url&populate[documentos][fields][1]=name&populate[documentos][fields][2]=ext&populate[documentos][fields][3]=size&populate[especificacoes_por_categoria][populate]=%2A
Ô£à Produto renderizado com sucesso: ruby-7-hd
Ô£à Produto renderizado com sucesso: ruby-7-hd
[ProductDetail] Group: "Geral" (Match: false), IsIndex: false (Identity Check: Ruby 7 HD)
[ProductDetail] Group: "Dimens├Áes e Peso" (Match: false), IsIndex: false (Identity Check: Ruby 7 HD)
[ProductDetail] Group: "Alimenta├º├úo" (Match: false), IsIndex: false (Identity Check: Ruby 7 HD)
[ProductDetail] Group: "Conectividade" (Match: false), IsIndex: false (Identity Check: Ruby 7 HD)
[ProductDetail] Group: "Armazenamento" (Match: false), IsIndex: false (Identity Check: Ruby 7 HD)
­ƒôª Renderizando p├ígina de produto: papel-encapsulado-a4
­ƒöî Fetching API: https://innovative-friendship-159ff40007.strapiapp.com/api/categorias?sort=nome:asc&fields[0]=nome&fields[1]=slug&fields[2]=ordem&populate[subcategorias][fields][0]=nome&populate[subcategorias][fields][1]=slug&populate[subcategorias][fields][2]=ordem&pagination[limit]=100
­ƒöî Fetching API: https://innovative-friendship-159ff40007.strapiapp.com/api/produtos?filters[slug][$eq]=papel-encapsulado-a4&fields[0]=nome&fields[1]=slug&fields[2]=descricao_curta&fields[3]=descricao_longa&fields[4]=caracteristicas_funcionais&fields[5]=caracteristicas_tecnicas&fields[6]=visao_geral&fields[7]=videos&fields[8]=Fabricante&fields[9]=palavras_chave&populate[imagem_principal][fields][0]=url&populate[imagem_principal][fields][1]=alternativeText&populate[imagem_principal][fields][2]=width&populate[imagem_principal][fields][3]=height&populate[galeria_de_imagens][fields][0]=url&populate[galeria_de_imagens][fields][1]=alternativeText&populate[galeria_de_imagens][fields][2]=width&populate[galeria_de_imagens][fields][3]=height&populate[subcategorias][fields][0]=nome&populate[subcategorias][fields][1]=slug&populate[subcategorias][fields][2]=ordem&populate[categorias][fields][0]=nome&populate[categorias][fields][1]=slug&populate[categorias][fields][2]=ordem&populate[relacao_fabricante][populate]=%2A&populate[documentos][fields][0]=url&populate[documentos][fields][1]=name&populate[documentos][fields][2]=ext&populate[documentos][fields][3]=size&populate[especificacoes_por_categoria][populate]=%2A
­ƒöî Fetching API: https://innovative-friendship-159ff40007.strapiapp.com/api/produtos?filters[slug][$eq]=papel-encapsulado-a4&fields[0]=nome&fields[1]=slug&fields[2]=descricao_curta&fields[3]=descricao_longa&fields[4]=caracteristicas_funcionais&fields[5]=caracteristicas_tecnicas&fields[6]=visao_geral&fields[7]=videos&fields[8]=Fabricante&fields[9]=palavras_chave&populate[imagem_principal][fields][0]=url&populate[imagem_principal][fields][1]=alternativeText&populate[imagem_principal][fields][2]=width&populate[imagem_principal][fields][3]=height&populate[galeria_de_imagens][fields][0]=url&populate[galeria_de_imagens][fields][1]=alternativeText&populate[galeria_de_imagens][fields][2]=width&populate[galeria_de_imagens][fields][3]=height&populate[subcategorias][fields][0]=nome&populate[subcategorias][fields][1]=slug&populate[subcategorias][fields][2]=ordem&populate[categorias][fields][0]=nome&populate[categorias][fields][1]=slug&populate[categorias][fields][2]=ordem&populate[relacao_fabricante][populate]=%2A&populate[documentos][fields][0]=url&populate[documentos][fields][1]=name&populate[documentos][fields][2]=ext&populate[documentos][fields][3]=size&populate[especificacoes_por_categoria][populate]=%2A
­ƒôª Renderizando p├ígina de produto: papel-encapsulado-a4
­ƒöî Fetching API: https://innovative-friendship-159ff40007.strapiapp.com/api/categorias?sort=nome:asc&fields[0]=nome&fields[1]=slug&fields[2]=ordem&populate[subcategorias][fields][0]=nome&populate[subcategorias][fields][1]=slug&populate[subcategorias][fields][2]=ordem&pagination[limit]=100
­ƒöî Fetching API: https://innovative-friendship-159ff40007.strapiapp.com/api/produtos?filters[slug][$eq]=papel-encapsulado-a4&fields[0]=nome&fields[1]=slug&fields[2]=descricao_curta&fields[3]=descricao_longa&fields[4]=caracteristicas_funcionais&fields[5]=caracteristicas_tecnicas&fields[6]=visao_geral&fields[7]=videos&fields[8]=Fabricante&fields[9]=palavras_chave&populate[imagem_principal][fields][0]=url&populate[imagem_principal][fields][1]=alternativeText&populate[imagem_principal][fields][2]=width&populate[imagem_principal][fields][3]=height&populate[galeria_de_imagens][fields][0]=url&populate[galeria_de_imagens][fields][1]=alternativeText&populate[galeria_de_imagens][fields][2]=width&populate[galeria_de_imagens][fields][3]=height&populate[subcategorias][fields][0]=nome&populate[subcategorias][fields][1]=slug&populate[subcategorias][fields][2]=ordem&populate[categorias][fields][0]=nome&populate[categorias][fields][1]=slug&populate[categorias][fields][2]=ordem&populate[relacao_fabricante][populate]=%2A&populate[documentos][fields][0]=url&populate[documentos][fields][1]=name&populate[documentos][fields][2]=ext&populate[documentos][fields][3]=size&populate[especificacoes_por_categoria][populate]=%2A
­ƒöî Fetching API: https://innovative-friendship-159ff40007.strapiapp.com/api/produtos?filters[slug][$eq]=papel-encapsulado-a4&fields[0]=nome&fields[1]=slug&fields[2]=descricao_curta&fields[3]=descricao_longa&fields[4]=caracteristicas_funcionais&fields[5]=caracteristicas_tecnicas&fields[6]=visao_geral&fields[7]=videos&fields[8]=Fabricante&fields[9]=palavras_chave&populate[imagem_principal][fields][0]=url&populate[imagem_principal][fields][1]=alternativeText&populate[imagem_principal][fields][2]=width&populate[imagem_principal][fields][3]=height&populate[galeria_de_imagens][fields][0]=url&populate[galeria_de_imagens][fields][1]=alternativeText&populate[galeria_de_imagens][fields][2]=width&populate[galeria_de_imagens][fields][3]=height&populate[subcategorias][fields][0]=nome&populate[subcategorias][fields][1]=slug&populate[subcategorias][fields][2]=ordem&populate[categorias][fields][0]=nome&populate[categorias][fields][1]=slug&populate[categorias][fields][2]=ordem&populate[relacao_fabricante][populate]=%2A&populate[documentos][fields][0]=url&populate[documentos][fields][1]=name&populate[documentos][fields][2]=ext&populate[documentos][fields][3]=size&populate[especificacoes_por_categoria][populate]=%2A
Ô£à Produto renderizado com sucesso: papel-encapsulado-a4
Ô£à Produto renderizado com sucesso: papel-encapsulado-a4
­ƒôª Renderizando p├ígina de produto: tutor
­ƒöî Fetching API: https://innovative-friendship-159ff40007.strapiapp.com/api/categorias?sort=nome:asc&fields[0]=nome&fields[1]=slug&fields[2]=ordem&populate[subcategorias][fields][0]=nome&populate[subcategorias][fields][1]=slug&populate[subcategorias][fields][2]=ordem&pagination[limit]=100
­ƒöî Fetching API: https://innovative-friendship-159ff40007.strapiapp.com/api/produtos?filters[slug][$eq]=tutor&fields[0]=nome&fields[1]=slug&fields[2]=descricao_curta&fields[3]=descricao_longa&fields[4]=caracteristicas_funcionais&fields[5]=caracteristicas_tecnicas&fields[6]=visao_geral&fields[7]=videos&fields[8]=Fabricante&fields[9]=palavras_chave&populate[imagem_principal][fields][0]=url&populate[imagem_principal][fields][1]=alternativeText&populate[imagem_principal][fields][2]=width&populate[imagem_principal][fields][3]=height&populate[galeria_de_imagens][fields][0]=url&populate[galeria_de_imagens][fields][1]=alternativeText&populate[galeria_de_imagens][fields][2]=width&populate[galeria_de_imagens][fields][3]=height&populate[subcategorias][fields][0]=nome&populate[subcategorias][fields][1]=slug&populate[subcategorias][fields][2]=ordem&populate[categorias][fields][0]=nome&populate[categorias][fields][1]=slug&populate[categorias][fields][2]=ordem&populate[relacao_fabricante][populate]=%2A&populate[documentos][fields][0]=url&populate[documentos][fields][1]=name&populate[documentos][fields][2]=ext&populate[documentos][fields][3]=size&populate[especificacoes_por_categoria][populate]=%2A
­ƒöî Fetching API: https://innovative-friendship-159ff40007.strapiapp.com/api/produtos?filters[slug][$eq]=tutor&fields[0]=nome&fields[1]=slug&fields[2]=descricao_curta&fields[3]=descricao_longa&fields[4]=caracteristicas_funcionais&fields[5]=caracteristicas_tecnicas&fields[6]=visao_geral&fields[7]=videos&fields[8]=Fabricante&fields[9]=palavras_chave&populate[imagem_principal][fields][0]=url&populate[imagem_principal][fields][1]=alternativeText&populate[imagem_principal][fields][2]=width&populate[imagem_principal][fields][3]=height&populate[galeria_de_imagens][fields][0]=url&populate[galeria_de_imagens][fields][1]=alternativeText&populate[galeria_de_imagens][fields][2]=width&populate[galeria_de_imagens][fields][3]=height&populate[subcategorias][fields][0]=nome&populate[subcategorias][fields][1]=slug&populate[subcategorias][fields][2]=ordem&populate[categorias][fields][0]=nome&populate[categorias][fields][1]=slug&populate[categorias][fields][2]=ordem&populate[relacao_fabricante][populate]=%2A&populate[documentos][fields][0]=url&populate[documentos][fields][1]=name&populate[documentos][fields][2]=ext&populate[documentos][fields][3]=size&populate[especificacoes_por_categoria][populate]=%2A
­ƒôª Renderizando p├ígina de produto: tutor
­ƒöî Fetching API: https://innovative-friendship-159ff40007.strapiapp.com/api/categorias?sort=nome:asc&fields[0]=nome&fields[1]=slug&fields[2]=ordem&populate[subcategorias][fields][0]=nome&populate[subcategorias][fields][1]=slug&populate[subcategorias][fields][2]=ordem&pagination[limit]=100
­ƒöî Fetching API: https://innovative-friendship-159ff40007.strapiapp.com/api/produtos?filters[slug][$eq]=tutor&fields[0]=nome&fields[1]=slug&fields[2]=descricao_curta&fields[3]=descricao_longa&fields[4]=caracteristicas_funcionais&fields[5]=caracteristicas_tecnicas&fields[6]=visao_geral&fields[7]=videos&fields[8]=Fabricante&fields[9]=palavras_chave&populate[imagem_principal][fields][0]=url&populate[imagem_principal][fields][1]=alternativeText&populate[imagem_principal][fields][2]=width&populate[imagem_principal][fields][3]=height&populate[galeria_de_imagens][fields][0]=url&populate[galeria_de_imagens][fields][1]=alternativeText&populate[galeria_de_imagens][fields][2]=width&populate[galeria_de_imagens][fields][3]=height&populate[subcategorias][fields][0]=nome&populate[subcategorias][fields][1]=slug&populate[subcategorias][fields][2]=ordem&populate[categorias][fields][0]=nome&populate[categorias][fields][1]=slug&populate[categorias][fields][2]=ordem&populate[relacao_fabricante][populate]=%2A&populate[documentos][fields][0]=url&populate[documentos][fields][1]=name&populate[documentos][fields][2]=ext&populate[documentos][fields][3]=size&populate[especificacoes_por_categoria][populate]=%2A
­ƒöî Fetching API: https://innovative-friendship-159ff40007.strapiapp.com/api/produtos?filters[slug][$eq]=tutor&fields[0]=nome&fields[1]=slug&fields[2]=descricao_curta&fields[3]=descricao_longa&fields[4]=caracteristicas_funcionais&fields[5]=caracteristicas_tecnicas&fields[6]=visao_geral&fields[7]=videos&fields[8]=Fabricante&fields[9]=palavras_chave&populate[imagem_principal][fields][0]=url&populate[imagem_principal][fields][1]=alternativeText&populate[imagem_principal][fields][2]=width&populate[imagem_principal][fields][3]=height&populate[galeria_de_imagens][fields][0]=url&populate[galeria_de_imagens][fields][1]=alternativeText&populate[galeria_de_imagens][fields][2]=width&populate[galeria_de_imagens][fields][3]=height&populate[subcategorias][fields][0]=nome&populate[subcategorias][fields][1]=slug&populate[subcategorias][fields][2]=ordem&populate[categorias][fields][0]=nome&populate[categorias][fields][1]=slug&populate[categorias][fields][2]=ordem&populate[relacao_fabricante][populate]=%2A&populate[documentos][fields][0]=url&populate[documentos][fields][1]=name&populate[documentos][fields][2]=ext&populate[documentos][fields][3]=size&populate[especificacoes_por_categoria][populate]=%2A
Ô£à Produto renderizado com sucesso: tutor
Ô£à Produto renderizado com sucesso: tutor
[ProductDetail] Group: "Geral" (Match: false), IsIndex: false (Identity Check: Tutor)
[ProductDetail] Group: "Dimens├Áes e Peso" (Match: false), IsIndex: false (Identity Check: Tutor)
[ProductDetail] Group: "Conectividade" (Match: false), IsIndex: false (Identity Check: Tutor)
[ProductDetail] Group: "Alimenta├º├úo" (Match: false), IsIndex: false (Identity Check: Tutor)
[ProductDetail] Group: "Impress├úo e Escrita" (Match: true), IsIndex: false (Identity Check: Tutor)
­ƒôª Renderizando p├ígina de produto: traveller-hd
­ƒöî Fetching API: https://innovative-friendship-159ff40007.strapiapp.com/api/categorias?sort=nome:asc&fields[0]=nome&fields[1]=slug&fields[2]=ordem&populate[subcategorias][fields][0]=nome&populate[subcategorias][fields][1]=slug&populate[subcategorias][fields][2]=ordem&pagination[limit]=100
­ƒöî Fetching API: https://innovative-friendship-159ff40007.strapiapp.com/api/produtos?filters[slug][$eq]=traveller-hd&fields[0]=nome&fields[1]=slug&fields[2]=descricao_curta&fields[3]=descricao_longa&fields[4]=caracteristicas_funcionais&fields[5]=caracteristicas_tecnicas&fields[6]=visao_geral&fields[7]=videos&fields[8]=Fabricante&fields[9]=palavras_chave&populate[imagem_principal][fields][0]=url&populate[imagem_principal][fields][1]=alternativeText&populate[imagem_principal][fields][2]=width&populate[imagem_principal][fields][3]=height&populate[galeria_de_imagens][fields][0]=url&populate[galeria_de_imagens][fields][1]=alternativeText&populate[galeria_de_imagens][fields][2]=width&populate[galeria_de_imagens][fields][3]=height&populate[subcategorias][fields][0]=nome&populate[subcategorias][fields][1]=slug&populate[subcategorias][fields][2]=ordem&populate[categorias][fields][0]=nome&populate[categorias][fields][1]=slug&populate[categorias][fields][2]=ordem&populate[relacao_fabricante][populate]=%2A&populate[documentos][fields][0]=url&populate[documentos][fields][1]=name&populate[documentos][fields][2]=ext&populate[documentos][fields][3]=size&populate[especificacoes_por_categoria][populate]=%2A
­ƒöî Fetching API: https://innovative-friendship-159ff40007.strapiapp.com/api/produtos?filters[slug][$eq]=traveller-hd&fields[0]=nome&fields[1]=slug&fields[2]=descricao_curta&fields[3]=descricao_longa&fields[4]=caracteristicas_funcionais&fields[5]=caracteristicas_tecnicas&fields[6]=visao_geral&fields[7]=videos&fields[8]=Fabricante&fields[9]=palavras_chave&populate[imagem_principal][fields][0]=url&populate[imagem_principal][fields][1]=alternativeText&populate[imagem_principal][fields][2]=width&populate[imagem_principal][fields][3]=height&populate[galeria_de_imagens][fields][0]=url&populate[galeria_de_imagens][fields][1]=alternativeText&populate[galeria_de_imagens][fields][2]=width&populate[galeria_de_imagens][fields][3]=height&populate[subcategorias][fields][0]=nome&populate[subcategorias][fields][1]=slug&populate[subcategorias][fields][2]=ordem&populate[categorias][fields][0]=nome&populate[categorias][fields][1]=slug&populate[categorias][fields][2]=ordem&populate[relacao_fabricante][populate]=%2A&populate[documentos][fields][0]=url&populate[documentos][fields][1]=name&populate[documentos][fields][2]=ext&populate[documentos][fields][3]=size&populate[especificacoes_por_categoria][populate]=%2A
­ƒôª Renderizando p├ígina de produto: traveller-hd
­ƒöî Fetching API: https://innovative-friendship-159ff40007.strapiapp.com/api/categorias?sort=nome:asc&fields[0]=nome&fields[1]=slug&fields[2]=ordem&populate[subcategorias][fields][0]=nome&populate[subcategorias][fields][1]=slug&populate[subcategorias][fields][2]=ordem&pagination[limit]=100
­ƒöî Fetching API: https://innovative-friendship-159ff40007.strapiapp.com/api/produtos?filters[slug][$eq]=traveller-hd&fields[0]=nome&fields[1]=slug&fields[2]=descricao_curta&fields[3]=descricao_longa&fields[4]=caracteristicas_funcionais&fields[5]=caracteristicas_tecnicas&fields[6]=visao_geral&fields[7]=videos&fields[8]=Fabricante&fields[9]=palavras_chave&populate[imagem_principal][fields][0]=url&populate[imagem_principal][fields][1]=alternativeText&populate[imagem_principal][fields][2]=width&populate[imagem_principal][fields][3]=height&populate[galeria_de_imagens][fields][0]=url&populate[galeria_de_imagens][fields][1]=alternativeText&populate[galeria_de_imagens][fields][2]=width&populate[galeria_de_imagens][fields][3]=height&populate[subcategorias][fields][0]=nome&populate[subcategorias][fields][1]=slug&populate[subcategorias][fields][2]=ordem&populate[categorias][fields][0]=nome&populate[categorias][fields][1]=slug&populate[categorias][fields][2]=ordem&populate[relacao_fabricante][populate]=%2A&populate[documentos][fields][0]=url&populate[documentos][fields][1]=name&populate[documentos][fields][2]=ext&populate[documentos][fields][3]=size&populate[especificacoes_por_categoria][populate]=%2A
­ƒöî Fetching API: https://innovative-friendship-159ff40007.strapiapp.com/api/produtos?filters[slug][$eq]=traveller-hd&fields[0]=nome&fields[1]=slug&fields[2]=descricao_curta&fields[3]=descricao_longa&fields[4]=caracteristicas_funcionais&fields[5]=caracteristicas_tecnicas&fields[6]=visao_geral&fields[7]=videos&fields[8]=Fabricante&fields[9]=palavras_chave&populate[imagem_principal][fields][0]=url&populate[imagem_principal][fields][1]=alternativeText&populate[imagem_principal][fields][2]=width&populate[imagem_principal][fields][3]=height&populate[galeria_de_imagens][fields][0]=url&populate[galeria_de_imagens][fields][1]=alternativeText&populate[galeria_de_imagens][fields][2]=width&populate[galeria_de_imagens][fields][3]=height&populate[subcategorias][fields][0]=nome&populate[subcategorias][fields][1]=slug&populate[subcategorias][fields][2]=ordem&populate[categorias][fields][0]=nome&populate[categorias][fields][1]=slug&populate[categorias][fields][2]=ordem&populate[relacao_fabricante][populate]=%2A&populate[documentos][fields][0]=url&populate[documentos][fields][1]=name&populate[documentos][fields][2]=ext&populate[documentos][fields][3]=size&populate[especificacoes_por_categoria][populate]=%2A
Ô£à Produto renderizado com sucesso: traveller-hd
Ô£à Produto renderizado com sucesso: traveller-hd
­ƒôª Renderizando p├ígina de produto: papel-encapsulado-a3
­ƒöî Fetching API: https://innovative-friendship-159ff40007.strapiapp.com/api/categorias?sort=nome:asc&fields[0]=nome&fields[1]=slug&fields[2]=ordem&populate[subcategorias][fields][0]=nome&populate[subcategorias][fields][1]=slug&populate[subcategorias][fields][2]=ordem&pagination[limit]=100
­ƒöî Fetching API: https://innovative-friendship-159ff40007.strapiapp.com/api/produtos?filters[slug][$eq]=papel-encapsulado-a3&fields[0]=nome&fields[1]=slug&fields[2]=descricao_curta&fields[3]=descricao_longa&fields[4]=caracteristicas_funcionais&fields[5]=caracteristicas_tecnicas&fields[6]=visao_geral&fields[7]=videos&fields[8]=Fabricante&fields[9]=palavras_chave&populate[imagem_principal][fields][0]=url&populate[imagem_principal][fields][1]=alternativeText&populate[imagem_principal][fields][2]=width&populate[imagem_principal][fields][3]=height&populate[galeria_de_imagens][fields][0]=url&populate[galeria_de_imagens][fields][1]=alternativeText&populate[galeria_de_imagens][fields][2]=width&populate[galeria_de_imagens][fields][3]=height&populate[subcategorias][fields][0]=nome&populate[subcategorias][fields][1]=slug&populate[subcategorias][fields][2]=ordem&populate[categorias][fields][0]=nome&populate[categorias][fields][1]=slug&populate[categorias][fields][2]=ordem&populate[relacao_fabricante][populate]=%2A&populate[documentos][fields][0]=url&populate[documentos][fields][1]=name&populate[documentos][fields][2]=ext&populate[documentos][fields][3]=size&populate[especificacoes_por_categoria][populate]=%2A
­ƒöî Fetching API: https://innovative-friendship-159ff40007.strapiapp.com/api/produtos?filters[slug][$eq]=papel-encapsulado-a3&fields[0]=nome&fields[1]=slug&fields[2]=descricao_curta&fields[3]=descricao_longa&fields[4]=caracteristicas_funcionais&fields[5]=caracteristicas_tecnicas&fields[6]=visao_geral&fields[7]=videos&fields[8]=Fabricante&fields[9]=palavras_chave&populate[imagem_principal][fields][0]=url&populate[imagem_principal][fields][1]=alternativeText&populate[imagem_principal][fields][2]=width&populate[imagem_principal][fields][3]=height&populate[galeria_de_imagens][fields][0]=url&populate[galeria_de_imagens][fields][1]=alternativeText&populate[galeria_de_imagens][fields][2]=width&populate[galeria_de_imagens][fields][3]=height&populate[subcategorias][fields][0]=nome&populate[subcategorias][fields][1]=slug&populate[subcategorias][fields][2]=ordem&populate[categorias][fields][0]=nome&populate[categorias][fields][1]=slug&populate[categorias][fields][2]=ordem&populate[relacao_fabricante][populate]=%2A&populate[documentos][fields][0]=url&populate[documentos][fields][1]=name&populate[documentos][fields][2]=ext&populate[documentos][fields][3]=size&populate[especificacoes_por_categoria][populate]=%2A
­ƒôª Renderizando p├ígina de produto: papel-encapsulado-a3
­ƒöî Fetching API: https://innovative-friendship-159ff40007.strapiapp.com/api/categorias?sort=nome:asc&fields[0]=nome&fields[1]=slug&fields[2]=ordem&populate[subcategorias][fields][0]=nome&populate[subcategorias][fields][1]=slug&populate[subcategorias][fields][2]=ordem&pagination[limit]=100
­ƒöî Fetching API: https://innovative-friendship-159ff40007.strapiapp.com/api/produtos?filters[slug][$eq]=papel-encapsulado-a3&fields[0]=nome&fields[1]=slug&fields[2]=descricao_curta&fields[3]=descricao_longa&fields[4]=caracteristicas_funcionais&fields[5]=caracteristicas_tecnicas&fields[6]=visao_geral&fields[7]=videos&fields[8]=Fabricante&fields[9]=palavras_chave&populate[imagem_principal][fields][0]=url&populate[imagem_principal][fields][1]=alternativeText&populate[imagem_principal][fields][2]=width&populate[imagem_principal][fields][3]=height&populate[galeria_de_imagens][fields][0]=url&populate[galeria_de_imagens][fields][1]=alternativeText&populate[galeria_de_imagens][fields][2]=width&populate[galeria_de_imagens][fields][3]=height&populate[subcategorias][fields][0]=nome&populate[subcategorias][fields][1]=slug&populate[subcategorias][fields][2]=ordem&populate[categorias][fields][0]=nome&populate[categorias][fields][1]=slug&populate[categorias][fields][2]=ordem&populate[relacao_fabricante][populate]=%2A&populate[documentos][fields][0]=url&populate[documentos][fields][1]=name&populate[documentos][fields][2]=ext&populate[documentos][fields][3]=size&populate[especificacoes_por_categoria][populate]=%2A
­ƒöî Fetching API: https://innovative-friendship-159ff40007.strapiapp.com/api/produtos?filters[slug][$eq]=papel-encapsulado-a3&fields[0]=nome&fields[1]=slug&fields[2]=descricao_curta&fields[3]=descricao_longa&fields[4]=caracteristicas_funcionais&fields[5]=caracteristicas_tecnicas&fields[6]=visao_geral&fields[7]=videos&fields[8]=Fabricante&fields[9]=palavras_chave&populate[imagem_principal][fields][0]=url&populate[imagem_principal][fields][1]=alternativeText&populate[imagem_principal][fields][2]=width&populate[imagem_principal][fields][3]=height&populate[galeria_de_imagens][fields][0]=url&populate[galeria_de_imagens][fields][1]=alternativeText&populate[galeria_de_imagens][fields][2]=width&populate[galeria_de_imagens][fields][3]=height&populate[subcategorias][fields][0]=nome&populate[subcategorias][fields][1]=slug&populate[subcategorias][fields][2]=ordem&populate[categorias][fields][0]=nome&populate[categorias][fields][1]=slug&populate[categorias][fields][2]=ordem&populate[relacao_fabricante][populate]=%2A&populate[documentos][fields][0]=url&populate[documentos][fields][1]=name&populate[documentos][fields][2]=ext&populate[documentos][fields][3]=size&populate[especificacoes_por_categoria][populate]=%2A
Ô£à Produto renderizado com sucesso: papel-encapsulado-a3
Ô£à Produto renderizado com sucesso: papel-encapsulado-a3
[ProductDetail] Group: "Geral" (Match: false), IsIndex: false (Identity Check: Traveller HD)
[ProductDetail] Group: "Recursos" (Match: false), IsIndex: false (Identity Check: Traveller HD)
[ProductDetail] Group: "Dimens├Áes e Peso" (Match: false), IsIndex: false (Identity Check: Traveller HD)
[ProductDetail] Group: "Alimenta├º├úo" (Match: false), IsIndex: false (Identity Check: Traveller HD)
­ƒôª Renderizando p├ígina de produto: onyx-deskset-24
­ƒöî Fetching API: https://innovative-friendship-159ff40007.strapiapp.com/api/categorias?sort=nome:asc&fields[0]=nome&fields[1]=slug&fields[2]=ordem&populate[subcategorias][fields][0]=nome&populate[subcategorias][fields][1]=slug&populate[subcategorias][fields][2]=ordem&pagination[limit]=100
­ƒöî Fetching API: https://innovative-friendship-159ff40007.strapiapp.com/api/produtos?filters[slug][$eq]=onyx-deskset-24&fields[0]=nome&fields[1]=slug&fields[2]=descricao_curta&fields[3]=descricao_longa&fields[4]=caracteristicas_funcionais&fields[5]=caracteristicas_tecnicas&fields[6]=visao_geral&fields[7]=videos&fields[8]=Fabricante&fields[9]=palavras_chave&populate[imagem_principal][fields][0]=url&populate[imagem_principal][fields][1]=alternativeText&populate[imagem_principal][fields][2]=width&populate[imagem_principal][fields][3]=height&populate[galeria_de_imagens][fields][0]=url&populate[galeria_de_imagens][fields][1]=alternativeText&populate[galeria_de_imagens][fields][2]=width&populate[galeria_de_imagens][fields][3]=height&populate[subcategorias][fields][0]=nome&populate[subcategorias][fields][1]=slug&populate[subcategorias][fields][2]=ordem&populate[categorias][fields][0]=nome&populate[categorias][fields][1]=slug&populate[categorias][fields][2]=ordem&populate[relacao_fabricante][populate]=%2A&populate[documentos][fields][0]=url&populate[documentos][fields][1]=name&populate[documentos][fields][2]=ext&populate[documentos][fields][3]=size&populate[especificacoes_por_categoria][populate]=%2A
­ƒöî Fetching API: https://innovative-friendship-159ff40007.strapiapp.com/api/produtos?filters[slug][$eq]=onyx-deskset-24&fields[0]=nome&fields[1]=slug&fields[2]=descricao_curta&fields[3]=descricao_longa&fields[4]=caracteristicas_funcionais&fields[5]=caracteristicas_tecnicas&fields[6]=visao_geral&fields[7]=videos&fields[8]=Fabricante&fields[9]=palavras_chave&populate[imagem_principal][fields][0]=url&populate[imagem_principal][fields][1]=alternativeText&populate[imagem_principal][fields][2]=width&populate[imagem_principal][fields][3]=height&populate[galeria_de_imagens][fields][0]=url&populate[galeria_de_imagens][fields][1]=alternativeText&populate[galeria_de_imagens][fields][2]=width&populate[galeria_de_imagens][fields][3]=height&populate[subcategorias][fields][0]=nome&populate[subcategorias][fields][1]=slug&populate[subcategorias][fields][2]=ordem&populate[categorias][fields][0]=nome&populate[categorias][fields][1]=slug&populate[categorias][fields][2]=ordem&populate[relacao_fabricante][populate]=%2A&populate[documentos][fields][0]=url&populate[documentos][fields][1]=name&populate[documentos][fields][2]=ext&populate[documentos][fields][3]=size&populate[especificacoes_por_categoria][populate]=%2A
­ƒôª Renderizando p├ígina de produto: onyx-deskset-24
­ƒöî Fetching API: https://innovative-friendship-159ff40007.strapiapp.com/api/categorias?sort=nome:asc&fields[0]=nome&fields[1]=slug&fields[2]=ordem&populate[subcategorias][fields][0]=nome&populate[subcategorias][fields][1]=slug&populate[subcategorias][fields][2]=ordem&pagination[limit]=100
­ƒöî Fetching API: https://innovative-friendship-159ff40007.strapiapp.com/api/produtos?filters[slug][$eq]=onyx-deskset-24&fields[0]=nome&fields[1]=slug&fields[2]=descricao_curta&fields[3]=descricao_longa&fields[4]=caracteristicas_funcionais&fields[5]=caracteristicas_tecnicas&fields[6]=visao_geral&fields[7]=videos&fields[8]=Fabricante&fields[9]=palavras_chave&populate[imagem_principal][fields][0]=url&populate[imagem_principal][fields][1]=alternativeText&populate[imagem_principal][fields][2]=width&populate[imagem_principal][fields][3]=height&populate[galeria_de_imagens][fields][0]=url&populate[galeria_de_imagens][fields][1]=alternativeText&populate[galeria_de_imagens][fields][2]=width&populate[galeria_de_imagens][fields][3]=height&populate[subcategorias][fields][0]=nome&populate[subcategorias][fields][1]=slug&populate[subcategorias][fields][2]=ordem&populate[categorias][fields][0]=nome&populate[categorias][fields][1]=slug&populate[categorias][fields][2]=ordem&populate[relacao_fabricante][populate]=%2A&populate[documentos][fields][0]=url&populate[documentos][fields][1]=name&populate[documentos][fields][2]=ext&populate[documentos][fields][3]=size&populate[especificacoes_por_categoria][populate]=%2A
­ƒöî Fetching API: https://innovative-friendship-159ff40007.strapiapp.com/api/produtos?filters[slug][$eq]=onyx-deskset-24&fields[0]=nome&fields[1]=slug&fields[2]=descricao_curta&fields[3]=descricao_longa&fields[4]=caracteristicas_funcionais&fields[5]=caracteristicas_tecnicas&fields[6]=visao_geral&fields[7]=videos&fields[8]=Fabricante&fields[9]=palavras_chave&populate[imagem_principal][fields][0]=url&populate[imagem_principal][fields][1]=alternativeText&populate[imagem_principal][fields][2]=width&populate[imagem_principal][fields][3]=height&populate[galeria_de_imagens][fields][0]=url&populate[galeria_de_imagens][fields][1]=alternativeText&populate[galeria_de_imagens][fields][2]=width&populate[galeria_de_imagens][fields][3]=height&populate[subcategorias][fields][0]=nome&populate[subcategorias][fields][1]=slug&populate[subcategorias][fields][2]=ordem&populate[categorias][fields][0]=nome&populate[categorias][fields][1]=slug&populate[categorias][fields][2]=ordem&populate[relacao_fabricante][populate]=%2A&populate[documentos][fields][0]=url&populate[documentos][fields][1]=name&populate[documentos][fields][2]=ext&populate[documentos][fields][3]=size&populate[especificacoes_por_categoria][populate]=%2A
­ƒôª Renderizando p├ígina de produto: perkins-classica
­ƒöî Fetching API: https://innovative-friendship-159ff40007.strapiapp.com/api/categorias?sort=nome:asc&fields[0]=nome&fields[1]=slug&fields[2]=ordem&populate[subcategorias][fields][0]=nome&populate[subcategorias][fields][1]=slug&populate[subcategorias][fields][2]=ordem&pagination[limit]=100
­ƒöî Fetching API: https://innovative-friendship-159ff40007.strapiapp.com/api/produtos?filters[slug][$eq]=perkins-classica&fields[0]=nome&fields[1]=slug&fields[2]=descricao_curta&fields[3]=descricao_longa&fields[4]=caracteristicas_funcionais&fields[5]=caracteristicas_tecnicas&fields[6]=visao_geral&fields[7]=videos&fields[8]=Fabricante&fields[9]=palavras_chave&populate[imagem_principal][fields][0]=url&populate[imagem_principal][fields][1]=alternativeText&populate[imagem_principal][fields][2]=width&populate[imagem_principal][fields][3]=height&populate[galeria_de_imagens][fields][0]=url&populate[galeria_de_imagens][fields][1]=alternativeText&populate[galeria_de_imagens][fields][2]=width&populate[galeria_de_imagens][fields][3]=height&populate[subcategorias][fields][0]=nome&populate[subcategorias][fields][1]=slug&populate[subcategorias][fields][2]=ordem&populate[categorias][fields][0]=nome&populate[categorias][fields][1]=slug&populate[categorias][fields][2]=ordem&populate[relacao_fabricante][populate]=%2A&populate[documentos][fields][0]=url&populate[documentos][fields][1]=name&populate[documentos][fields][2]=ext&populate[documentos][fields][3]=size&populate[especificacoes_por_categoria][populate]=%2A
­ƒöî Fetching API: https://innovative-friendship-159ff40007.strapiapp.com/api/produtos?filters[slug][$eq]=perkins-classica&fields[0]=nome&fields[1]=slug&fields[2]=descricao_curta&fields[3]=descricao_longa&fields[4]=caracteristicas_funcionais&fields[5]=caracteristicas_tecnicas&fields[6]=visao_geral&fields[7]=videos&fields[8]=Fabricante&fields[9]=palavras_chave&populate[imagem_principal][fields][0]=url&populate[imagem_principal][fields][1]=alternativeText&populate[imagem_principal][fields][2]=width&populate[imagem_principal][fields][3]=height&populate[galeria_de_imagens][fields][0]=url&populate[galeria_de_imagens][fields][1]=alternativeText&populate[galeria_de_imagens][fields][2]=width&populate[galeria_de_imagens][fields][3]=height&populate[subcategorias][fields][0]=nome&populate[subcategorias][fields][1]=slug&populate[subcategorias][fields][2]=ordem&populate[categorias][fields][0]=nome&populate[categorias][fields][1]=slug&populate[categorias][fields][2]=ordem&populate[relacao_fabricante][populate]=%2A&populate[documentos][fields][0]=url&populate[documentos][fields][1]=name&populate[documentos][fields][2]=ext&populate[documentos][fields][3]=size&populate[especificacoes_por_categoria][populate]=%2A
­ƒôª Renderizando p├ígina de produto: perkins-classica
­ƒöî Fetching API: https://innovative-friendship-159ff40007.strapiapp.com/api/categorias?sort=nome:asc&fields[0]=nome&fields[1]=slug&fields[2]=ordem&populate[subcategorias][fields][0]=nome&populate[subcategorias][fields][1]=slug&populate[subcategorias][fields][2]=ordem&pagination[limit]=100
­ƒöî Fetching API: https://innovative-friendship-159ff40007.strapiapp.com/api/produtos?filters[slug][$eq]=perkins-classica&fields[0]=nome&fields[1]=slug&fields[2]=descricao_curta&fields[3]=descricao_longa&fields[4]=caracteristicas_funcionais&fields[5]=caracteristicas_tecnicas&fields[6]=visao_geral&fields[7]=videos&fields[8]=Fabricante&fields[9]=palavras_chave&populate[imagem_principal][fields][0]=url&populate[imagem_principal][fields][1]=alternativeText&populate[imagem_principal][fields][2]=width&populate[imagem_principal][fields][3]=height&populate[galeria_de_imagens][fields][0]=url&populate[galeria_de_imagens][fields][1]=alternativeText&populate[galeria_de_imagens][fields][2]=width&populate[galeria_de_imagens][fields][3]=height&populate[subcategorias][fields][0]=nome&populate[subcategorias][fields][1]=slug&populate[subcategorias][fields][2]=ordem&populate[categorias][fields][0]=nome&populate[categorias][fields][1]=slug&populate[categorias][fields][2]=ordem&populate[relacao_fabricante][populate]=%2A&populate[documentos][fields][0]=url&populate[documentos][fields][1]=name&populate[documentos][fields][2]=ext&populate[documentos][fields][3]=size&populate[especificacoes_por_categoria][populate]=%2A
­ƒöî Fetching API: https://innovative-friendship-159ff40007.strapiapp.com/api/produtos?filters[slug][$eq]=perkins-classica&fields[0]=nome&fields[1]=slug&fields[2]=descricao_curta&fields[3]=descricao_longa&fields[4]=caracteristicas_funcionais&fields[5]=caracteristicas_tecnicas&fields[6]=visao_geral&fields[7]=videos&fields[8]=Fabricante&fields[9]=palavras_chave&populate[imagem_principal][fields][0]=url&populate[imagem_principal][fields][1]=alternativeText&populate[imagem_principal][fields][2]=width&populate[imagem_principal][fields][3]=height&populate[galeria_de_imagens][fields][0]=url&populate[galeria_de_imagens][fields][1]=alternativeText&populate[galeria_de_imagens][fields][2]=width&populate[galeria_de_imagens][fields][3]=height&populate[subcategorias][fields][0]=nome&populate[subcategorias][fields][1]=slug&populate[subcategorias][fields][2]=ordem&populate[categorias][fields][0]=nome&populate[categorias][fields][1]=slug&populate[categorias][fields][2]=ordem&populate[relacao_fabricante][populate]=%2A&populate[documentos][fields][0]=url&populate[documentos][fields][1]=name&populate[documentos][fields][2]=ext&populate[documentos][fields][3]=size&populate[especificacoes_por_categoria][populate]=%2A
­ƒôª Renderizando p├ígina de produto: abafador-index
­ƒöî Fetching API: https://innovative-friendship-159ff40007.strapiapp.com/api/categorias?sort=nome:asc&fields[0]=nome&fields[1]=slug&fields[2]=ordem&populate[subcategorias][fields][0]=nome&populate[subcategorias][fields][1]=slug&populate[subcategorias][fields][2]=ordem&pagination[limit]=100
­ƒöî Fetching API: https://innovative-friendship-159ff40007.strapiapp.com/api/produtos?filters[slug][$eq]=abafador-index&fields[0]=nome&fields[1]=slug&fields[2]=descricao_curta&fields[3]=descricao_longa&fields[4]=caracteristicas_funcionais&fields[5]=caracteristicas_tecnicas&fields[6]=visao_geral&fields[7]=videos&fields[8]=Fabricante&fields[9]=palavras_chave&populate[imagem_principal][fields][0]=url&populate[imagem_principal][fields][1]=alternativeText&populate[imagem_principal][fields][2]=width&populate[imagem_principal][fields][3]=height&populate[galeria_de_imagens][fields][0]=url&populate[galeria_de_imagens][fields][1]=alternativeText&populate[galeria_de_imagens][fields][2]=width&populate[galeria_de_imagens][fields][3]=height&populate[subcategorias][fields][0]=nome&populate[subcategorias][fields][1]=slug&populate[subcategorias][fields][2]=ordem&populate[categorias][fields][0]=nome&populate[categorias][fields][1]=slug&populate[categorias][fields][2]=ordem&populate[relacao_fabricante][populate]=%2A&populate[documentos][fields][0]=url&populate[documentos][fields][1]=name&populate[documentos][fields][2]=ext&populate[documentos][fields][3]=size&populate[especificacoes_por_categoria][populate]=%2A
­ƒöî Fetching API: https://innovative-friendship-159ff40007.strapiapp.com/api/produtos?filters[slug][$eq]=abafador-index&fields[0]=nome&fields[1]=slug&fields[2]=descricao_curta&fields[3]=descricao_longa&fields[4]=caracteristicas_funcionais&fields[5]=caracteristicas_tecnicas&fields[6]=visao_geral&fields[7]=videos&fields[8]=Fabricante&fields[9]=palavras_chave&populate[imagem_principal][fields][0]=url&populate[imagem_principal][fields][1]=alternativeText&populate[imagem_principal][fields][2]=width&populate[imagem_principal][fields][3]=height&populate[galeria_de_imagens][fields][0]=url&populate[galeria_de_imagens][fields][1]=alternativeText&populate[galeria_de_imagens][fields][2]=width&populate[galeria_de_imagens][fields][3]=height&populate[subcategorias][fields][0]=nome&populate[subcategorias][fields][1]=slug&populate[subcategorias][fields][2]=ordem&populate[categorias][fields][0]=nome&populate[categorias][fields][1]=slug&populate[categorias][fields][2]=ordem&populate[relacao_fabricante][populate]=%2A&populate[documentos][fields][0]=url&populate[documentos][fields][1]=name&populate[documentos][fields][2]=ext&populate[documentos][fields][3]=size&populate[especificacoes_por_categoria][populate]=%2A
­ƒôª Renderizando p├ígina de produto: abafador-index
­ƒöî Fetching API: https://innovative-friendship-159ff40007.strapiapp.com/api/categorias?sort=nome:asc&fields[0]=nome&fields[1]=slug&fields[2]=ordem&populate[subcategorias][fields][0]=nome&populate[subcategorias][fields][1]=slug&populate[subcategorias][fields][2]=ordem&pagination[limit]=100
­ƒöî Fetching API: https://innovative-friendship-159ff40007.strapiapp.com/api/produtos?filters[slug][$eq]=abafador-index&fields[0]=nome&fields[1]=slug&fields[2]=descricao_curta&fields[3]=descricao_longa&fields[4]=caracteristicas_funcionais&fields[5]=caracteristicas_tecnicas&fields[6]=visao_geral&fields[7]=videos&fields[8]=Fabricante&fields[9]=palavras_chave&populate[imagem_principal][fields][0]=url&populate[imagem_principal][fields][1]=alternativeText&populate[imagem_principal][fields][2]=width&populate[imagem_principal][fields][3]=height&populate[galeria_de_imagens][fields][0]=url&populate[galeria_de_imagens][fields][1]=alternativeText&populate[galeria_de_imagens][fields][2]=width&populate[galeria_de_imagens][fields][3]=height&populate[subcategorias][fields][0]=nome&populate[subcategorias][fields][1]=slug&populate[subcategorias][fields][2]=ordem&populate[categorias][fields][0]=nome&populate[categorias][fields][1]=slug&populate[categorias][fields][2]=ordem&populate[relacao_fabricante][populate]=%2A&populate[documentos][fields][0]=url&populate[documentos][fields][1]=name&populate[documentos][fields][2]=ext&populate[documentos][fields][3]=size&populate[especificacoes_por_categoria][populate]=%2A
­ƒöî Fetching API: https://innovative-friendship-159ff40007.strapiapp.com/api/produtos?filters[slug][$eq]=abafador-index&fields[0]=nome&fields[1]=slug&fields[2]=descricao_curta&fields[3]=descricao_longa&fields[4]=caracteristicas_funcionais&fields[5]=caracteristicas_tecnicas&fields[6]=visao_geral&fields[7]=videos&fields[8]=Fabricante&fields[9]=palavras_chave&populate[imagem_principal][fields][0]=url&populate[imagem_principal][fields][1]=alternativeText&populate[imagem_principal][fields][2]=width&populate[imagem_principal][fields][3]=height&populate[galeria_de_imagens][fields][0]=url&populate[galeria_de_imagens][fields][1]=alternativeText&populate[galeria_de_imagens][fields][2]=width&populate[galeria_de_imagens][fields][3]=height&populate[subcategorias][fields][0]=nome&populate[subcategorias][fields][1]=slug&populate[subcategorias][fields][2]=ordem&populate[categorias][fields][0]=nome&populate[categorias][fields][1]=slug&populate[categorias][fields][2]=ordem&populate[relacao_fabricante][populate]=%2A&populate[documentos][fields][0]=url&populate[documentos][fields][1]=name&populate[documentos][fields][2]=ext&populate[documentos][fields][3]=size&populate[especificacoes_por_categoria][populate]=%2A
­ƒôª Renderizando p├ígina de produto: onyx-ocr
­ƒöî Fetching API: https://innovative-friendship-159ff40007.strapiapp.com/api/categorias?sort=nome:asc&fields[0]=nome&fields[1]=slug&fields[2]=ordem&populate[subcategorias][fields][0]=nome&populate[subcategorias][fields][1]=slug&populate[subcategorias][fields][2]=ordem&pagination[limit]=100
­ƒöî Fetching API: https://innovative-friendship-159ff40007.strapiapp.com/api/produtos?filters[slug][$eq]=onyx-ocr&fields[0]=nome&fields[1]=slug&fields[2]=descricao_curta&fields[3]=descricao_longa&fields[4]=caracteristicas_funcionais&fields[5]=caracteristicas_tecnicas&fields[6]=visao_geral&fields[7]=videos&fields[8]=Fabricante&fields[9]=palavras_chave&populate[imagem_principal][fields][0]=url&populate[imagem_principal][fields][1]=alternativeText&populate[imagem_principal][fields][2]=width&populate[imagem_principal][fields][3]=height&populate[galeria_de_imagens][fields][0]=url&populate[galeria_de_imagens][fields][1]=alternativeText&populate[galeria_de_imagens][fields][2]=width&populate[galeria_de_imagens][fields][3]=height&populate[subcategorias][fields][0]=nome&populate[subcategorias][fields][1]=slug&populate[subcategorias][fields][2]=ordem&populate[categorias][fields][0]=nome&populate[categorias][fields][1]=slug&populate[categorias][fields][2]=ordem&populate[relacao_fabricante][populate]=%2A&populate[documentos][fields][0]=url&populate[documentos][fields][1]=name&populate[documentos][fields][2]=ext&populate[documentos][fields][3]=size&populate[especificacoes_por_categoria][populate]=%2A
­ƒôª Renderizando p├ígina de produto: teclado-colmeia
­ƒöî Fetching API: https://innovative-friendship-159ff40007.strapiapp.com/api/categorias?sort=nome:asc&fields[0]=nome&fields[1]=slug&fields[2]=ordem&populate[subcategorias][fields][0]=nome&populate[subcategorias][fields][1]=slug&populate[subcategorias][fields][2]=ordem&pagination[limit]=100
­ƒöî Fetching API: https://innovative-friendship-159ff40007.strapiapp.com/api/produtos?filters[slug][$eq]=teclado-colmeia&fields[0]=nome&fields[1]=slug&fields[2]=descricao_curta&fields[3]=descricao_longa&fields[4]=caracteristicas_funcionais&fields[5]=caracteristicas_tecnicas&fields[6]=visao_geral&fields[7]=videos&fields[8]=Fabricante&fields[9]=palavras_chave&populate[imagem_principal][fields][0]=url&populate[imagem_principal][fields][1]=alternativeText&populate[imagem_principal][fields][2]=width&populate[imagem_principal][fields][3]=height&populate[galeria_de_imagens][fields][0]=url&populate[galeria_de_imagens][fields][1]=alternativeText&populate[galeria_de_imagens][fields][2]=width&populate[galeria_de_imagens][fields][3]=height&populate[subcategorias][fields][0]=nome&populate[subcategorias][fields][1]=slug&populate[subcategorias][fields][2]=ordem&populate[categorias][fields][0]=nome&populate[categorias][fields][1]=slug&populate[categorias][fields][2]=ordem&populate[relacao_fabricante][populate]=%2A&populate[documentos][fields][0]=url&populate[documentos][fields][1]=name&populate[documentos][fields][2]=ext&populate[documentos][fields][3]=size&populate[especificacoes_por_categoria][populate]=%2A
­ƒôª Renderizando p├ígina de produto: zoomtext-com-voz
­ƒöî Fetching API: https://innovative-friendship-159ff40007.strapiapp.com/api/categorias?sort=nome:asc&fields[0]=nome&fields[1]=slug&fields[2]=ordem&populate[subcategorias][fields][0]=nome&populate[subcategorias][fields][1]=slug&populate[subcategorias][fields][2]=ordem&pagination[limit]=100
­ƒöî Fetching API: https://innovative-friendship-159ff40007.strapiapp.com/api/produtos?filters[slug][$eq]=zoomtext-com-voz&fields[0]=nome&fields[1]=slug&fields[2]=descricao_curta&fields[3]=descricao_longa&fields[4]=caracteristicas_funcionais&fields[5]=caracteristicas_tecnicas&fields[6]=visao_geral&fields[7]=videos&fields[8]=Fabricante&fields[9]=palavras_chave&populate[imagem_principal][fields][0]=url&populate[imagem_principal][fields][1]=alternativeText&populate[imagem_principal][fields][2]=width&populate[imagem_principal][fields][3]=height&populate[galeria_de_imagens][fields][0]=url&populate[galeria_de_imagens][fields][1]=alternativeText&populate[galeria_de_imagens][fields][2]=width&populate[galeria_de_imagens][fields][3]=height&populate[subcategorias][fields][0]=nome&populate[subcategorias][fields][1]=slug&populate[subcategorias][fields][2]=ordem&populate[categorias][fields][0]=nome&populate[categorias][fields][1]=slug&populate[categorias][fields][2]=ordem&populate[relacao_fabricante][populate]=%2A&populate[documentos][fields][0]=url&populate[documentos][fields][1]=name&populate[documentos][fields][2]=ext&populate[documentos][fields][3]=size&populate[especificacoes_por_categoria][populate]=%2A
­ƒôª Renderizando p├ígina de produto: ruby-xl-hd
­ƒöî Fetching API: https://innovative-friendship-159ff40007.strapiapp.com/api/categorias?sort=nome:asc&fields[0]=nome&fields[1]=slug&fields[2]=ordem&populate[subcategorias][fields][0]=nome&populate[subcategorias][fields][1]=slug&populate[subcategorias][fields][2]=ordem&pagination[limit]=100
­ƒöî Fetching API: https://innovative-friendship-159ff40007.strapiapp.com/api/produtos?filters[slug][$eq]=ruby-xl-hd&fields[0]=nome&fields[1]=slug&fields[2]=descricao_curta&fields[3]=descricao_longa&fields[4]=caracteristicas_funcionais&fields[5]=caracteristicas_tecnicas&fields[6]=visao_geral&fields[7]=videos&fields[8]=Fabricante&fields[9]=palavras_chave&populate[imagem_principal][fields][0]=url&populate[imagem_principal][fields][1]=alternativeText&populate[imagem_principal][fields][2]=width&populate[imagem_principal][fields][3]=height&populate[galeria_de_imagens][fields][0]=url&populate[galeria_de_imagens][fields][1]=alternativeText&populate[galeria_de_imagens][fields][2]=width&populate[galeria_de_imagens][fields][3]=height&populate[subcategorias][fields][0]=nome&populate[subcategorias][fields][1]=slug&populate[subcategorias][fields][2]=ordem&populate[categorias][fields][0]=nome&populate[categorias][fields][1]=slug&populate[categorias][fields][2]=ordem&populate[relacao_fabricante][populate]=%2A&populate[documentos][fields][0]=url&populate[documentos][fields][1]=name&populate[documentos][fields][2]=ext&populate[documentos][fields][3]=size&populate[especificacoes_por_categoria][populate]=%2A
­ƒôª Renderizando p├ígina de produto: ruby-hd
­ƒöî Fetching API: https://innovative-friendship-159ff40007.strapiapp.com/api/categorias?sort=nome:asc&fields[0]=nome&fields[1]=slug&fields[2]=ordem&populate[subcategorias][fields][0]=nome&populate[subcategorias][fields][1]=slug&populate[subcategorias][fields][2]=ordem&pagination[limit]=100
­ƒöî Fetching API: https://innovative-friendship-159ff40007.strapiapp.com/api/produtos?filters[slug][$eq]=ruby-hd&fields[0]=nome&fields[1]=slug&fields[2]=descricao_curta&fields[3]=descricao_longa&fields[4]=caracteristicas_funcionais&fields[5]=caracteristicas_tecnicas&fields[6]=visao_geral&fields[7]=videos&fields[8]=Fabricante&fields[9]=palavras_chave&populate[imagem_principal][fields][0]=url&populate[imagem_principal][fields][1]=alternativeText&populate[imagem_principal][fields][2]=width&populate[imagem_principal][fields][3]=height&populate[galeria_de_imagens][fields][0]=url&populate[galeria_de_imagens][fields][1]=alternativeText&populate[galeria_de_imagens][fields][2]=width&populate[galeria_de_imagens][fields][3]=height&populate[subcategorias][fields][0]=nome&populate[subcategorias][fields][1]=slug&populate[subcategorias][fields][2]=ordem&populate[categorias][fields][0]=nome&populate[categorias][fields][1]=slug&populate[categorias][fields][2]=ordem&populate[relacao_fabricante][populate]=%2A&populate[documentos][fields][0]=url&populate[documentos][fields][1]=name&populate[documentos][fields][2]=ext&populate[documentos][fields][3]=size&populate[especificacoes_por_categoria][populate]=%2A
­ƒöî Fetching API: https://innovative-friendship-159ff40007.strapiapp.com/api/produtos?filters[slug][$eq]=onyx-ocr&fields[0]=nome&fields[1]=slug&fields[2]=descricao_curta&fields[3]=descricao_longa&fields[4]=caracteristicas_funcionais&fields[5]=caracteristicas_tecnicas&fields[6]=visao_geral&fields[7]=videos&fields[8]=Fabricante&fields[9]=palavras_chave&populate[imagem_principal][fields][0]=url&populate[imagem_principal][fields][1]=alternativeText&populate[imagem_principal][fields][2]=width&populate[imagem_principal][fields][3]=height&populate[galeria_de_imagens][fields][0]=url&populate[galeria_de_imagens][fields][1]=alternativeText&populate[galeria_de_imagens][fields][2]=width&populate[galeria_de_imagens][fields][3]=height&populate[subcategorias][fields][0]=nome&populate[subcategorias][fields][1]=slug&populate[subcategorias][fields][2]=ordem&populate[categorias][fields][0]=nome&populate[categorias][fields][1]=slug&populate[categorias][fields][2]=ordem&populate[relacao_fabricante][populate]=%2A&populate[documentos][fields][0]=url&populate[documentos][fields][1]=name&populate[documentos][fields][2]=ext&populate[documentos][fields][3]=size&populate[especificacoes_por_categoria][populate]=%2A
­ƒôª Renderizando p├ígina de produto: onyx-ocr
­ƒöî Fetching API: https://innovative-friendship-159ff40007.strapiapp.com/api/categorias?sort=nome:asc&fields[0]=nome&fields[1]=slug&fields[2]=ordem&populate[subcategorias][fields][0]=nome&populate[subcategorias][fields][1]=slug&populate[subcategorias][fields][2]=ordem&pagination[limit]=100
­ƒöî Fetching API: https://innovative-friendship-159ff40007.strapiapp.com/api/produtos?filters[slug][$eq]=teclado-colmeia&fields[0]=nome&fields[1]=slug&fields[2]=descricao_curta&fields[3]=descricao_longa&fields[4]=caracteristicas_funcionais&fields[5]=caracteristicas_tecnicas&fields[6]=visao_geral&fields[7]=videos&fields[8]=Fabricante&fields[9]=palavras_chave&populate[imagem_principal][fields][0]=url&populate[imagem_principal][fields][1]=alternativeText&populate[imagem_principal][fields][2]=width&populate[imagem_principal][fields][3]=height&populate[galeria_de_imagens][fields][0]=url&populate[galeria_de_imagens][fields][1]=alternativeText&populate[galeria_de_imagens][fields][2]=width&populate[galeria_de_imagens][fields][3]=height&populate[subcategorias][fields][0]=nome&populate[subcategorias][fields][1]=slug&populate[subcategorias][fields][2]=ordem&populate[categorias][fields][0]=nome&populate[categorias][fields][1]=slug&populate[categorias][fields][2]=ordem&populate[relacao_fabricante][populate]=%2A&populate[documentos][fields][0]=url&populate[documentos][fields][1]=name&populate[documentos][fields][2]=ext&populate[documentos][fields][3]=size&populate[especificacoes_por_categoria][populate]=%2A
­ƒôª Renderizando p├ígina de produto: teclado-colmeia
­ƒöî Fetching API: https://innovative-friendship-159ff40007.strapiapp.com/api/categorias?sort=nome:asc&fields[0]=nome&fields[1]=slug&fields[2]=ordem&populate[subcategorias][fields][0]=nome&populate[subcategorias][fields][1]=slug&populate[subcategorias][fields][2]=ordem&pagination[limit]=100
­ƒöî Fetching API: https://innovative-friendship-159ff40007.strapiapp.com/api/produtos?filters[slug][$eq]=onyx-ocr&fields[0]=nome&fields[1]=slug&fields[2]=descricao_curta&fields[3]=descricao_longa&fields[4]=caracteristicas_funcionais&fields[5]=caracteristicas_tecnicas&fields[6]=visao_geral&fields[7]=videos&fields[8]=Fabricante&fields[9]=palavras_chave&populate[imagem_principal][fields][0]=url&populate[imagem_principal][fields][1]=alternativeText&populate[imagem_principal][fields][2]=width&populate[imagem_principal][fields][3]=height&populate[galeria_de_imagens][fields][0]=url&populate[galeria_de_imagens][fields][1]=alternativeText&populate[galeria_de_imagens][fields][2]=width&populate[galeria_de_imagens][fields][3]=height&populate[subcategorias][fields][0]=nome&populate[subcategorias][fields][1]=slug&populate[subcategorias][fields][2]=ordem&populate[categorias][fields][0]=nome&populate[categorias][fields][1]=slug&populate[categorias][fields][2]=ordem&populate[relacao_fabricante][populate]=%2A&populate[documentos][fields][0]=url&populate[documentos][fields][1]=name&populate[documentos][fields][2]=ext&populate[documentos][fields][3]=size&populate[especificacoes_por_categoria][populate]=%2A
­ƒöî Fetching API: https://innovative-friendship-159ff40007.strapiapp.com/api/produtos?filters[slug][$eq]=ruby-xl-hd&fields[0]=nome&fields[1]=slug&fields[2]=descricao_curta&fields[3]=descricao_longa&fields[4]=caracteristicas_funcionais&fields[5]=caracteristicas_tecnicas&fields[6]=visao_geral&fields[7]=videos&fields[8]=Fabricante&fields[9]=palavras_chave&populate[imagem_principal][fields][0]=url&populate[imagem_principal][fields][1]=alternativeText&populate[imagem_principal][fields][2]=width&populate[imagem_principal][fields][3]=height&populate[galeria_de_imagens][fields][0]=url&populate[galeria_de_imagens][fields][1]=alternativeText&populate[galeria_de_imagens][fields][2]=width&populate[galeria_de_imagens][fields][3]=height&populate[subcategorias][fields][0]=nome&populate[subcategorias][fields][1]=slug&populate[subcategorias][fields][2]=ordem&populate[categorias][fields][0]=nome&populate[categorias][fields][1]=slug&populate[categorias][fields][2]=ordem&populate[relacao_fabricante][populate]=%2A&populate[documentos][fields][0]=url&populate[documentos][fields][1]=name&populate[documentos][fields][2]=ext&populate[documentos][fields][3]=size&populate[especificacoes_por_categoria][populate]=%2A
­ƒöî Fetching API: https://innovative-friendship-159ff40007.strapiapp.com/api/produtos?filters[slug][$eq]=ruby-hd&fields[0]=nome&fields[1]=slug&fields[2]=descricao_curta&fields[3]=descricao_longa&fields[4]=caracteristicas_funcionais&fields[5]=caracteristicas_tecnicas&fields[6]=visao_geral&fields[7]=videos&fields[8]=Fabricante&fields[9]=palavras_chave&populate[imagem_principal][fields][0]=url&populate[imagem_principal][fields][1]=alternativeText&populate[imagem_principal][fields][2]=width&populate[imagem_principal][fields][3]=height&populate[galeria_de_imagens][fields][0]=url&populate[galeria_de_imagens][fields][1]=alternativeText&populate[galeria_de_imagens][fields][2]=width&populate[galeria_de_imagens][fields][3]=height&populate[subcategorias][fields][0]=nome&populate[subcategorias][fields][1]=slug&populate[subcategorias][fields][2]=ordem&populate[categorias][fields][0]=nome&populate[categorias][fields][1]=slug&populate[categorias][fields][2]=ordem&populate[relacao_fabricante][populate]=%2A&populate[documentos][fields][0]=url&populate[documentos][fields][1]=name&populate[documentos][fields][2]=ext&populate[documentos][fields][3]=size&populate[especificacoes_por_categoria][populate]=%2A
­ƒôª Renderizando p├ígina de produto: ruby-hd
­ƒöî Fetching API: https://innovative-friendship-159ff40007.strapiapp.com/api/categorias?sort=nome:asc&fields[0]=nome&fields[1]=slug&fields[2]=ordem&populate[subcategorias][fields][0]=nome&populate[subcategorias][fields][1]=slug&populate[subcategorias][fields][2]=ordem&pagination[limit]=100
­ƒöî Fetching API: https://innovative-friendship-159ff40007.strapiapp.com/api/produtos?filters[slug][$eq]=teclado-colmeia&fields[0]=nome&fields[1]=slug&fields[2]=descricao_curta&fields[3]=descricao_longa&fields[4]=caracteristicas_funcionais&fields[5]=caracteristicas_tecnicas&fields[6]=visao_geral&fields[7]=videos&fields[8]=Fabricante&fields[9]=palavras_chave&populate[imagem_principal][fields][0]=url&populate[imagem_principal][fields][1]=alternativeText&populate[imagem_principal][fields][2]=width&populate[imagem_principal][fields][3]=height&populate[galeria_de_imagens][fields][0]=url&populate[galeria_de_imagens][fields][1]=alternativeText&populate[galeria_de_imagens][fields][2]=width&populate[galeria_de_imagens][fields][3]=height&populate[subcategorias][fields][0]=nome&populate[subcategorias][fields][1]=slug&populate[subcategorias][fields][2]=ordem&populate[categorias][fields][0]=nome&populate[categorias][fields][1]=slug&populate[categorias][fields][2]=ordem&populate[relacao_fabricante][populate]=%2A&populate[documentos][fields][0]=url&populate[documentos][fields][1]=name&populate[documentos][fields][2]=ext&populate[documentos][fields][3]=size&populate[especificacoes_por_categoria][populate]=%2A
­ƒöî Fetching API: https://innovative-friendship-159ff40007.strapiapp.com/api/produtos?filters[slug][$eq]=onyx-ocr&fields[0]=nome&fields[1]=slug&fields[2]=descricao_curta&fields[3]=descricao_longa&fields[4]=caracteristicas_funcionais&fields[5]=caracteristicas_tecnicas&fields[6]=visao_geral&fields[7]=videos&fields[8]=Fabricante&fields[9]=palavras_chave&populate[imagem_principal][fields][0]=url&populate[imagem_principal][fields][1]=alternativeText&populate[imagem_principal][fields][2]=width&populate[imagem_principal][fields][3]=height&populate[galeria_de_imagens][fields][0]=url&populate[galeria_de_imagens][fields][1]=alternativeText&populate[galeria_de_imagens][fields][2]=width&populate[galeria_de_imagens][fields][3]=height&populate[subcategorias][fields][0]=nome&populate[subcategorias][fields][1]=slug&populate[subcategorias][fields][2]=ordem&populate[categorias][fields][0]=nome&populate[categorias][fields][1]=slug&populate[categorias][fields][2]=ordem&populate[relacao_fabricante][populate]=%2A&populate[documentos][fields][0]=url&populate[documentos][fields][1]=name&populate[documentos][fields][2]=ext&populate[documentos][fields][3]=size&populate[especificacoes_por_categoria][populate]=%2A
­ƒöî Fetching API: https://innovative-friendship-159ff40007.strapiapp.com/api/produtos?filters[slug][$eq]=ruby-hd&fields[0]=nome&fields[1]=slug&fields[2]=descricao_curta&fields[3]=descricao_longa&fields[4]=caracteristicas_funcionais&fields[5]=caracteristicas_tecnicas&fields[6]=visao_geral&fields[7]=videos&fields[8]=Fabricante&fields[9]=palavras_chave&populate[imagem_principal][fields][0]=url&populate[imagem_principal][fields][1]=alternativeText&populate[imagem_principal][fields][2]=width&populate[imagem_principal][fields][3]=height&populate[galeria_de_imagens][fields][0]=url&populate[galeria_de_imagens][fields][1]=alternativeText&populate[galeria_de_imagens][fields][2]=width&populate[galeria_de_imagens][fields][3]=height&populate[subcategorias][fields][0]=nome&populate[subcategorias][fields][1]=slug&populate[subcategorias][fields][2]=ordem&populate[categorias][fields][0]=nome&populate[categorias][fields][1]=slug&populate[categorias][fields][2]=ordem&populate[relacao_fabricante][populate]=%2A&populate[documentos][fields][0]=url&populate[documentos][fields][1]=name&populate[documentos][fields][2]=ext&populate[documentos][fields][3]=size&populate[especificacoes_por_categoria][populate]=%2A
­ƒôª Renderizando p├ígina de produto: ruby-xl-hd
­ƒöî Fetching API: https://innovative-friendship-159ff40007.strapiapp.com/api/produtos?filters[slug][$eq]=teclado-colmeia&fields[0]=nome&fields[1]=slug&fields[2]=descricao_curta&fields[3]=descricao_longa&fields[4]=caracteristicas_funcionais&fields[5]=caracteristicas_tecnicas&fields[6]=visao_geral&fields[7]=videos&fields[8]=Fabricante&fields[9]=palavras_chave&populate[imagem_principal][fields][0]=url&populate[imagem_principal][fields][1]=alternativeText&populate[imagem_principal][fields][2]=width&populate[imagem_principal][fields][3]=height&populate[galeria_de_imagens][fields][0]=url&populate[galeria_de_imagens][fields][1]=alternativeText&populate[galeria_de_imagens][fields][2]=width&populate[galeria_de_imagens][fields][3]=height&populate[subcategorias][fields][0]=nome&populate[subcategorias][fields][1]=slug&populate[subcategorias][fields][2]=ordem&populate[categorias][fields][0]=nome&populate[categorias][fields][1]=slug&populate[categorias][fields][2]=ordem&populate[relacao_fabricante][populate]=%2A&populate[documentos][fields][0]=url&populate[documentos][fields][1]=name&populate[documentos][fields][2]=ext&populate[documentos][fields][3]=size&populate[especificacoes_por_categoria][populate]=%2A
­ƒöî Fetching API: https://innovative-friendship-159ff40007.strapiapp.com/api/categorias?sort=nome:asc&fields[0]=nome&fields[1]=slug&fields[2]=ordem&populate[subcategorias][fields][0]=nome&populate[subcategorias][fields][1]=slug&populate[subcategorias][fields][2]=ordem&pagination[limit]=100
­ƒöî Fetching API: https://innovative-friendship-159ff40007.strapiapp.com/api/produtos?filters[slug][$eq]=ruby-hd&fields[0]=nome&fields[1]=slug&fields[2]=descricao_curta&fields[3]=descricao_longa&fields[4]=caracteristicas_funcionais&fields[5]=caracteristicas_tecnicas&fields[6]=visao_geral&fields[7]=videos&fields[8]=Fabricante&fields[9]=palavras_chave&populate[imagem_principal][fields][0]=url&populate[imagem_principal][fields][1]=alternativeText&populate[imagem_principal][fields][2]=width&populate[imagem_principal][fields][3]=height&populate[galeria_de_imagens][fields][0]=url&populate[galeria_de_imagens][fields][1]=alternativeText&populate[galeria_de_imagens][fields][2]=width&populate[galeria_de_imagens][fields][3]=height&populate[subcategorias][fields][0]=nome&populate[subcategorias][fields][1]=slug&populate[subcategorias][fields][2]=ordem&populate[categorias][fields][0]=nome&populate[categorias][fields][1]=slug&populate[categorias][fields][2]=ordem&populate[relacao_fabricante][populate]=%2A&populate[documentos][fields][0]=url&populate[documentos][fields][1]=name&populate[documentos][fields][2]=ext&populate[documentos][fields][3]=size&populate[especificacoes_por_categoria][populate]=%2A
­ƒöî Fetching API: https://innovative-friendship-159ff40007.strapiapp.com/api/produtos?filters[slug][$eq]=ruby-xl-hd&fields[0]=nome&fields[1]=slug&fields[2]=descricao_curta&fields[3]=descricao_longa&fields[4]=caracteristicas_funcionais&fields[5]=caracteristicas_tecnicas&fields[6]=visao_geral&fields[7]=videos&fields[8]=Fabricante&fields[9]=palavras_chave&populate[imagem_principal][fields][0]=url&populate[imagem_principal][fields][1]=alternativeText&populate[imagem_principal][fields][2]=width&populate[imagem_principal][fields][3]=height&populate[galeria_de_imagens][fields][0]=url&populate[galeria_de_imagens][fields][1]=alternativeText&populate[galeria_de_imagens][fields][2]=width&populate[galeria_de_imagens][fields][3]=height&populate[subcategorias][fields][0]=nome&populate[subcategorias][fields][1]=slug&populate[subcategorias][fields][2]=ordem&populate[categorias][fields][0]=nome&populate[categorias][fields][1]=slug&populate[categorias][fields][2]=ordem&populate[relacao_fabricante][populate]=%2A&populate[documentos][fields][0]=url&populate[documentos][fields][1]=name&populate[documentos][fields][2]=ext&populate[documentos][fields][3]=size&populate[especificacoes_por_categoria][populate]=%2A
­ƒöî Fetching API: https://innovative-friendship-159ff40007.strapiapp.com/api/produtos?filters[slug][$eq]=ruby-xl-hd&fields[0]=nome&fields[1]=slug&fields[2]=descricao_curta&fields[3]=descricao_longa&fields[4]=caracteristicas_funcionais&fields[5]=caracteristicas_tecnicas&fields[6]=visao_geral&fields[7]=videos&fields[8]=Fabricante&fields[9]=palavras_chave&populate[imagem_principal][fields][0]=url&populate[imagem_principal][fields][1]=alternativeText&populate[imagem_principal][fields][2]=width&populate[imagem_principal][fields][3]=height&populate[galeria_de_imagens][fields][0]=url&populate[galeria_de_imagens][fields][1]=alternativeText&populate[galeria_de_imagens][fields][2]=width&populate[galeria_de_imagens][fields][3]=height&populate[subcategorias][fields][0]=nome&populate[subcategorias][fields][1]=slug&populate[subcategorias][fields][2]=ordem&populate[categorias][fields][0]=nome&populate[categorias][fields][1]=slug&populate[categorias][fields][2]=ordem&populate[relacao_fabricante][populate]=%2A&populate[documentos][fields][0]=url&populate[documentos][fields][1]=name&populate[documentos][fields][2]=ext&populate[documentos][fields][3]=size&populate[especificacoes_por_categoria][populate]=%2A
­ƒöî Fetching API: https://innovative-friendship-159ff40007.strapiapp.com/api/produtos?filters[slug][$eq]=zoomtext-com-voz&fields[0]=nome&fields[1]=slug&fields[2]=descricao_curta&fields[3]=descricao_longa&fields[4]=caracteristicas_funcionais&fields[5]=caracteristicas_tecnicas&fields[6]=visao_geral&fields[7]=videos&fields[8]=Fabricante&fields[9]=palavras_chave&populate[imagem_principal][fields][0]=url&populate[imagem_principal][fields][1]=alternativeText&populate[imagem_principal][fields][2]=width&populate[imagem_principal][fields][3]=height&populate[galeria_de_imagens][fields][0]=url&populate[galeria_de_imagens][fields][1]=alternativeText&populate[galeria_de_imagens][fields][2]=width&populate[galeria_de_imagens][fields][3]=height&populate[subcategorias][fields][0]=nome&populate[subcategorias][fields][1]=slug&populate[subcategorias][fields][2]=ordem&populate[categorias][fields][0]=nome&populate[categorias][fields][1]=slug&populate[categorias][fields][2]=ordem&populate[relacao_fabricante][populate]=%2A&populate[documentos][fields][0]=url&populate[documentos][fields][1]=name&populate[documentos][fields][2]=ext&populate[documentos][fields][3]=size&populate[especificacoes_por_categoria][populate]=%2A
­ƒôª Renderizando p├ígina de produto: zoomtext-com-voz
­ƒöî Fetching API: https://innovative-friendship-159ff40007.strapiapp.com/api/categorias?sort=nome:asc&fields[0]=nome&fields[1]=slug&fields[2]=ordem&populate[subcategorias][fields][0]=nome&populate[subcategorias][fields][1]=slug&populate[subcategorias][fields][2]=ordem&pagination[limit]=100
­ƒöî Fetching API: https://innovative-friendship-159ff40007.strapiapp.com/api/produtos?filters[slug][$eq]=zoomtext-com-voz&fields[0]=nome&fields[1]=slug&fields[2]=descricao_curta&fields[3]=descricao_longa&fields[4]=caracteristicas_funcionais&fields[5]=caracteristicas_tecnicas&fields[6]=visao_geral&fields[7]=videos&fields[8]=Fabricante&fields[9]=palavras_chave&populate[imagem_principal][fields][0]=url&populate[imagem_principal][fields][1]=alternativeText&populate[imagem_principal][fields][2]=width&populate[imagem_principal][fields][3]=height&populate[galeria_de_imagens][fields][0]=url&populate[galeria_de_imagens][fields][1]=alternativeText&populate[galeria_de_imagens][fields][2]=width&populate[galeria_de_imagens][fields][3]=height&populate[subcategorias][fields][0]=nome&populate[subcategorias][fields][1]=slug&populate[subcategorias][fields][2]=ordem&populate[categorias][fields][0]=nome&populate[categorias][fields][1]=slug&populate[categorias][fields][2]=ordem&populate[relacao_fabricante][populate]=%2A&populate[documentos][fields][0]=url&populate[documentos][fields][1]=name&populate[documentos][fields][2]=ext&populate[documentos][fields][3]=size&populate[especificacoes_por_categoria][populate]=%2A
­ƒöî Fetching API: https://innovative-friendship-159ff40007.strapiapp.com/api/produtos?filters[slug][$eq]=zoomtext-com-voz&fields[0]=nome&fields[1]=slug&fields[2]=descricao_curta&fields[3]=descricao_longa&fields[4]=caracteristicas_funcionais&fields[5]=caracteristicas_tecnicas&fields[6]=visao_geral&fields[7]=videos&fields[8]=Fabricante&fields[9]=palavras_chave&populate[imagem_principal][fields][0]=url&populate[imagem_principal][fields][1]=alternativeText&populate[imagem_principal][fields][2]=width&populate[imagem_principal][fields][3]=height&populate[galeria_de_imagens][fields][0]=url&populate[galeria_de_imagens][fields][1]=alternativeText&populate[galeria_de_imagens][fields][2]=width&populate[galeria_de_imagens][fields][3]=height&populate[subcategorias][fields][0]=nome&populate[subcategorias][fields][1]=slug&populate[subcategorias][fields][2]=ordem&populate[categorias][fields][0]=nome&populate[categorias][fields][1]=slug&populate[categorias][fields][2]=ordem&populate[relacao_fabricante][populate]=%2A&populate[documentos][fields][0]=url&populate[documentos][fields][1]=name&populate[documentos][fields][2]=ext&populate[documentos][fields][3]=size&populate[especificacoes_por_categoria][populate]=%2A
Ô£à Produto renderizado com sucesso: abafador-index
Ô£à Produto renderizado com sucesso: abafador-index
Ô£à Produto renderizado com sucesso: perkins-classica
Ô£à Produto renderizado com sucesso: perkins-classica
[ProductDetail] Group: "Geral" (Match: false), IsIndex: false (Identity Check: Perkins Cl├íssica)
[ProductDetail] Group: "Papel" (Match: false), IsIndex: false (Identity Check: Perkins Cl├íssica)
[ProductDetail] Group: "Dimens├Áes e Peso" (Match: false), IsIndex: false (Identity Check: Perkins Cl├íssica)
­ƒôª Renderizando p├ígina de produto: zoomtext-ampliador
­ƒöî Fetching API: https://innovative-friendship-159ff40007.strapiapp.com/api/categorias?sort=nome:asc&fields[0]=nome&fields[1]=slug&fields[2]=ordem&populate[subcategorias][fields][0]=nome&populate[subcategorias][fields][1]=slug&populate[subcategorias][fields][2]=ordem&pagination[limit]=100
­ƒöî Fetching API: https://innovative-friendship-159ff40007.strapiapp.com/api/produtos?filters[slug][$eq]=zoomtext-ampliador&fields[0]=nome&fields[1]=slug&fields[2]=descricao_curta&fields[3]=descricao_longa&fields[4]=caracteristicas_funcionais&fields[5]=caracteristicas_tecnicas&fields[6]=visao_geral&fields[7]=videos&fields[8]=Fabricante&fields[9]=palavras_chave&populate[imagem_principal][fields][0]=url&populate[imagem_principal][fields][1]=alternativeText&populate[imagem_principal][fields][2]=width&populate[imagem_principal][fields][3]=height&populate[galeria_de_imagens][fields][0]=url&populate[galeria_de_imagens][fields][1]=alternativeText&populate[galeria_de_imagens][fields][2]=width&populate[galeria_de_imagens][fields][3]=height&populate[subcategorias][fields][0]=nome&populate[subcategorias][fields][1]=slug&populate[subcategorias][fields][2]=ordem&populate[categorias][fields][0]=nome&populate[categorias][fields][1]=slug&populate[categorias][fields][2]=ordem&populate[relacao_fabricante][populate]=%2A&populate[documentos][fields][0]=url&populate[documentos][fields][1]=name&populate[documentos][fields][2]=ext&populate[documentos][fields][3]=size&populate[especificacoes_por_categoria][populate]=%2A
­ƒöî Fetching API: https://innovative-friendship-159ff40007.strapiapp.com/api/produtos?filters[slug][$eq]=zoomtext-ampliador&fields[0]=nome&fields[1]=slug&fields[2]=descricao_curta&fields[3]=descricao_longa&fields[4]=caracteristicas_funcionais&fields[5]=caracteristicas_tecnicas&fields[6]=visao_geral&fields[7]=videos&fields[8]=Fabricante&fields[9]=palavras_chave&populate[imagem_principal][fields][0]=url&populate[imagem_principal][fields][1]=alternativeText&populate[imagem_principal][fields][2]=width&populate[imagem_principal][fields][3]=height&populate[galeria_de_imagens][fields][0]=url&populate[galeria_de_imagens][fields][1]=alternativeText&populate[galeria_de_imagens][fields][2]=width&populate[galeria_de_imagens][fields][3]=height&populate[subcategorias][fields][0]=nome&populate[subcategorias][fields][1]=slug&populate[subcategorias][fields][2]=ordem&populate[categorias][fields][0]=nome&populate[categorias][fields][1]=slug&populate[categorias][fields][2]=ordem&populate[relacao_fabricante][populate]=%2A&populate[documentos][fields][0]=url&populate[documentos][fields][1]=name&populate[documentos][fields][2]=ext&populate[documentos][fields][3]=size&populate[especificacoes_por_categoria][populate]=%2A
­ƒôª Renderizando p├ígina de produto: zoomtext-ampliador
­ƒöî Fetching API: https://innovative-friendship-159ff40007.strapiapp.com/api/categorias?sort=nome:asc&fields[0]=nome&fields[1]=slug&fields[2]=ordem&populate[subcategorias][fields][0]=nome&populate[subcategorias][fields][1]=slug&populate[subcategorias][fields][2]=ordem&pagination[limit]=100
­ƒöî Fetching API: https://innovative-friendship-159ff40007.strapiapp.com/api/produtos?filters[slug][$eq]=zoomtext-ampliador&fields[0]=nome&fields[1]=slug&fields[2]=descricao_curta&fields[3]=descricao_longa&fields[4]=caracteristicas_funcionais&fields[5]=caracteristicas_tecnicas&fields[6]=visao_geral&fields[7]=videos&fields[8]=Fabricante&fields[9]=palavras_chave&populate[imagem_principal][fields][0]=url&populate[imagem_principal][fields][1]=alternativeText&populate[imagem_principal][fields][2]=width&populate[imagem_principal][fields][3]=height&populate[galeria_de_imagens][fields][0]=url&populate[galeria_de_imagens][fields][1]=alternativeText&populate[galeria_de_imagens][fields][2]=width&populate[galeria_de_imagens][fields][3]=height&populate[subcategorias][fields][0]=nome&populate[subcategorias][fields][1]=slug&populate[subcategorias][fields][2]=ordem&populate[categorias][fields][0]=nome&populate[categorias][fields][1]=slug&populate[categorias][fields][2]=ordem&populate[relacao_fabricante][populate]=%2A&populate[documentos][fields][0]=url&populate[documentos][fields][1]=name&populate[documentos][fields][2]=ext&populate[documentos][fields][3]=size&populate[especificacoes_por_categoria][populate]=%2A
­ƒöî Fetching API: https://innovative-friendship-159ff40007.strapiapp.com/api/produtos?filters[slug][$eq]=zoomtext-ampliador&fields[0]=nome&fields[1]=slug&fields[2]=descricao_curta&fields[3]=descricao_longa&fields[4]=caracteristicas_funcionais&fields[5]=caracteristicas_tecnicas&fields[6]=visao_geral&fields[7]=videos&fields[8]=Fabricante&fields[9]=palavras_chave&populate[imagem_principal][fields][0]=url&populate[imagem_principal][fields][1]=alternativeText&populate[imagem_principal][fields][2]=width&populate[imagem_principal][fields][3]=height&populate[galeria_de_imagens][fields][0]=url&populate[galeria_de_imagens][fields][1]=alternativeText&populate[galeria_de_imagens][fields][2]=width&populate[galeria_de_imagens][fields][3]=height&populate[subcategorias][fields][0]=nome&populate[subcategorias][fields][1]=slug&populate[subcategorias][fields][2]=ordem&populate[categorias][fields][0]=nome&populate[categorias][fields][1]=slug&populate[categorias][fields][2]=ordem&populate[relacao_fabricante][populate]=%2A&populate[documentos][fields][0]=url&populate[documentos][fields][1]=name&populate[documentos][fields][2]=ext&populate[documentos][fields][3]=size&populate[especificacoes_por_categoria][populate]=%2A
Ô£à Produto renderizado com sucesso: teclado-colmeia
Ô£à Produto renderizado com sucesso: teclado-colmeia
Ô£à Produto renderizado com sucesso: onyx-deskset-24
Ô£à Produto renderizado com sucesso: onyx-deskset-24
Ô£à Produto renderizado com sucesso: ruby-xl-hd
Ô£à Produto renderizado com sucesso: ruby-xl-hd
Ô£à Produto renderizado com sucesso: onyx-ocr
Ô£à Produto renderizado com sucesso: onyx-ocr
Ô£à Produto renderizado com sucesso: ruby-hd
Ô£à Produto renderizado com sucesso: ruby-hd
[ProductDetail] Group: "Geral" (Match: false), IsIndex: false (Identity Check: Teclado Colmeia)
[ProductDetail] Group: "Conectividade e Compatibilidade" (Match: false), IsIndex: false (Identity Check: Teclado Colmeia)
[ProductDetail] Group: "Dimens├Áes e Peso" (Match: false), IsIndex: false (Identity Check: Teclado Colmeia)
[ProductDetail] Group: "Papel" (Match: false), IsIndex: true (Identity Check: Abafador para Impressora Index Braille)
[ProductDetail] Group: "Pesos e Dimens├Áes" (Match: false), IsIndex: true (Identity Check: Abafador para Impressora Index Braille)
Ô£à Produto renderizado com sucesso: zoomtext-com-voz
Ô£à Produto renderizado com sucesso: zoomtext-com-voz
[ProductDetail] Group: "Geral" (Match: false), IsIndex: false (Identity Check: Ruby HD)
[ProductDetail] Group: "Dimens├Áes e Peso" (Match: false), IsIndex: false (Identity Check: Ruby HD)
[ProductDetail] Group: "Alimenta├º├úo" (Match: false), IsIndex: false (Identity Check: Ruby HD)
[ProductDetail] Group: "Geral" (Match: false), IsIndex: false (Identity Check: Ruby XL HD)
[ProductDetail] Group: "Dimens├Áes e Peso" (Match: false), IsIndex: false (Identity Check: Ruby XL HD)
[ProductDetail] Group: "Alimenta├º├úo" (Match: false), IsIndex: false (Identity Check: Ruby XL HD)
[ProductDetail] Group: "Camera" (Match: false), IsIndex: false (Identity Check: Onyx OCR)
Ô£à Produto renderizado com sucesso: zoomtext-ampliador
[ProductDetail] Group: "Tela" (Match: false), IsIndex: false (Identity Check: Onyx OCR)
[ProductDetail] Group: "Geral" (Match: false), IsIndex: false (Identity Check: Onyx OCR)
[ProductDetail] Group: "Conectividade" (Match: false), IsIndex: false (Identity Check: Onyx OCR)
[ProductDetail] Group: "Dimens├Áes e Peso" (Match: false), IsIndex: false (Identity Check: Onyx OCR)
Ô£à Produto renderizado com sucesso: zoomtext-ampliador
­ƒôª Renderizando p├ígina de produto: braille-box
­ƒöî Fetching API: https://innovative-friendship-159ff40007.strapiapp.com/api/categorias?sort=nome:asc&fields[0]=nome&fields[1]=slug&fields[2]=ordem&populate[subcategorias][fields][0]=nome&populate[subcategorias][fields][1]=slug&populate[subcategorias][fields][2]=ordem&pagination[limit]=100
­ƒöî Fetching API: https://innovative-friendship-159ff40007.strapiapp.com/api/produtos?filters[slug][$eq]=braille-box&fields[0]=nome&fields[1]=slug&fields[2]=descricao_curta&fields[3]=descricao_longa&fields[4]=caracteristicas_funcionais&fields[5]=caracteristicas_tecnicas&fields[6]=visao_geral&fields[7]=videos&fields[8]=Fabricante&fields[9]=palavras_chave&populate[imagem_principal][fields][0]=url&populate[imagem_principal][fields][1]=alternativeText&populate[imagem_principal][fields][2]=width&populate[imagem_principal][fields][3]=height&populate[galeria_de_imagens][fields][0]=url&populate[galeria_de_imagens][fields][1]=alternativeText&populate[galeria_de_imagens][fields][2]=width&populate[galeria_de_imagens][fields][3]=height&populate[subcategorias][fields][0]=nome&populate[subcategorias][fields][1]=slug&populate[subcategorias][fields][2]=ordem&populate[categorias][fields][0]=nome&populate[categorias][fields][1]=slug&populate[categorias][fields][2]=ordem&populate[relacao_fabricante][populate]=%2A&populate[documentos][fields][0]=url&populate[documentos][fields][1]=name&populate[documentos][fields][2]=ext&populate[documentos][fields][3]=size&populate[especificacoes_por_categoria][populate]=%2A
­ƒöî Fetching API: https://innovative-friendship-159ff40007.strapiapp.com/api/produtos?filters[slug][$eq]=braille-box&fields[0]=nome&fields[1]=slug&fields[2]=descricao_curta&fields[3]=descricao_longa&fields[4]=caracteristicas_funcionais&fields[5]=caracteristicas_tecnicas&fields[6]=visao_geral&fields[7]=videos&fields[8]=Fabricante&fields[9]=palavras_chave&populate[imagem_principal][fields][0]=url&populate[imagem_principal][fields][1]=alternativeText&populate[imagem_principal][fields][2]=width&populate[imagem_principal][fields][3]=height&populate[galeria_de_imagens][fields][0]=url&populate[galeria_de_imagens][fields][1]=alternativeText&populate[galeria_de_imagens][fields][2]=width&populate[galeria_de_imagens][fields][3]=height&populate[subcategorias][fields][0]=nome&populate[subcategorias][fields][1]=slug&populate[subcategorias][fields][2]=ordem&populate[categorias][fields][0]=nome&populate[categorias][fields][1]=slug&populate[categorias][fields][2]=ordem&populate[relacao_fabricante][populate]=%2A&populate[documentos][fields][0]=url&populate[documentos][fields][1]=name&populate[documentos][fields][2]=ext&populate[documentos][fields][3]=size&populate[especificacoes_por_categoria][populate]=%2A
­ƒôª Renderizando p├ígina de produto: transformer-hd-com-voz
­ƒöî Fetching API: https://innovative-friendship-159ff40007.strapiapp.com/api/categorias?sort=nome:asc&fields[0]=nome&fields[1]=slug&fields[2]=ordem&populate[subcategorias][fields][0]=nome&populate[subcategorias][fields][1]=slug&populate[subcategorias][fields][2]=ordem&pagination[limit]=100
­ƒöî Fetching API: https://innovative-friendship-159ff40007.strapiapp.com/api/produtos?filters[slug][$eq]=transformer-hd-com-voz&fields[0]=nome&fields[1]=slug&fields[2]=descricao_curta&fields[3]=descricao_longa&fields[4]=caracteristicas_funcionais&fields[5]=caracteristicas_tecnicas&fields[6]=visao_geral&fields[7]=videos&fields[8]=Fabricante&fields[9]=palavras_chave&populate[imagem_principal][fields][0]=url&populate[imagem_principal][fields][1]=alternativeText&populate[imagem_principal][fields][2]=width&populate[imagem_principal][fields][3]=height&populate[galeria_de_imagens][fields][0]=url&populate[galeria_de_imagens][fields][1]=alternativeText&populate[galeria_de_imagens][fields][2]=width&populate[galeria_de_imagens][fields][3]=height&populate[subcategorias][fields][0]=nome&populate[subcategorias][fields][1]=slug&populate[subcategorias][fields][2]=ordem&populate[categorias][fields][0]=nome&populate[categorias][fields][1]=slug&populate[categorias][fields][2]=ordem&populate[relacao_fabricante][populate]=%2A&populate[documentos][fields][0]=url&populate[documentos][fields][1]=name&populate[documentos][fields][2]=ext&populate[documentos][fields][3]=size&populate[especificacoes_por_categoria][populate]=%2A
­ƒôª Renderizando p├ígina de produto: braille-box
­ƒöî Fetching API: https://innovative-friendship-159ff40007.strapiapp.com/api/categorias?sort=nome:asc&fields[0]=nome&fields[1]=slug&fields[2]=ordem&populate[subcategorias][fields][0]=nome&populate[subcategorias][fields][1]=slug&populate[subcategorias][fields][2]=ordem&pagination[limit]=100
­ƒöî Fetching API: https://innovative-friendship-159ff40007.strapiapp.com/api/produtos?filters[slug][$eq]=braille-box&fields[0]=nome&fields[1]=slug&fields[2]=descricao_curta&fields[3]=descricao_longa&fields[4]=caracteristicas_funcionais&fields[5]=caracteristicas_tecnicas&fields[6]=visao_geral&fields[7]=videos&fields[8]=Fabricante&fields[9]=palavras_chave&populate[imagem_principal][fields][0]=url&populate[imagem_principal][fields][1]=alternativeText&populate[imagem_principal][fields][2]=width&populate[imagem_principal][fields][3]=height&populate[galeria_de_imagens][fields][0]=url&populate[galeria_de_imagens][fields][1]=alternativeText&populate[galeria_de_imagens][fields][2]=width&populate[galeria_de_imagens][fields][3]=height&populate[subcategorias][fields][0]=nome&populate[subcategorias][fields][1]=slug&populate[subcategorias][fields][2]=ordem&populate[categorias][fields][0]=nome&populate[categorias][fields][1]=slug&populate[categorias][fields][2]=ordem&populate[relacao_fabricante][populate]=%2A&populate[documentos][fields][0]=url&populate[documentos][fields][1]=name&populate[documentos][fields][2]=ext&populate[documentos][fields][3]=size&populate[especificacoes_por_categoria][populate]=%2A
­ƒöî Fetching API: https://innovative-friendship-159ff40007.strapiapp.com/api/produtos?filters[slug][$eq]=transformer-hd-com-voz&fields[0]=nome&fields[1]=slug&fields[2]=descricao_curta&fields[3]=descricao_longa&fields[4]=caracteristicas_funcionais&fields[5]=caracteristicas_tecnicas&fields[6]=visao_geral&fields[7]=videos&fields[8]=Fabricante&fields[9]=palavras_chave&populate[imagem_principal][fields][0]=url&populate[imagem_principal][fields][1]=alternativeText&populate[imagem_principal][fields][2]=width&populate[imagem_principal][fields][3]=height&populate[galeria_de_imagens][fields][0]=url&populate[galeria_de_imagens][fields][1]=alternativeText&populate[galeria_de_imagens][fields][2]=width&populate[galeria_de_imagens][fields][3]=height&populate[subcategorias][fields][0]=nome&populate[subcategorias][fields][1]=slug&populate[subcategorias][fields][2]=ordem&populate[categorias][fields][0]=nome&populate[categorias][fields][1]=slug&populate[categorias][fields][2]=ordem&populate[relacao_fabricante][populate]=%2A&populate[documentos][fields][0]=url&populate[documentos][fields][1]=name&populate[documentos][fields][2]=ext&populate[documentos][fields][3]=size&populate[especificacoes_por_categoria][populate]=%2A
­ƒôª Renderizando p├ígina de produto: transformer-hd-com-voz
­ƒöî Fetching API: https://innovative-friendship-159ff40007.strapiapp.com/api/categorias?sort=nome:asc&fields[0]=nome&fields[1]=slug&fields[2]=ordem&populate[subcategorias][fields][0]=nome&populate[subcategorias][fields][1]=slug&populate[subcategorias][fields][2]=ordem&pagination[limit]=100
­ƒöî Fetching API: https://innovative-friendship-159ff40007.strapiapp.com/api/produtos?filters[slug][$eq]=braille-box&fields[0]=nome&fields[1]=slug&fields[2]=descricao_curta&fields[3]=descricao_longa&fields[4]=caracteristicas_funcionais&fields[5]=caracteristicas_tecnicas&fields[6]=visao_geral&fields[7]=videos&fields[8]=Fabricante&fields[9]=palavras_chave&populate[imagem_principal][fields][0]=url&populate[imagem_principal][fields][1]=alternativeText&populate[imagem_principal][fields][2]=width&populate[imagem_principal][fields][3]=height&populate[galeria_de_imagens][fields][0]=url&populate[galeria_de_imagens][fields][1]=alternativeText&populate[galeria_de_imagens][fields][2]=width&populate[galeria_de_imagens][fields][3]=height&populate[subcategorias][fields][0]=nome&populate[subcategorias][fields][1]=slug&populate[subcategorias][fields][2]=ordem&populate[categorias][fields][0]=nome&populate[categorias][fields][1]=slug&populate[categorias][fields][2]=ordem&populate[relacao_fabricante][populate]=%2A&populate[documentos][fields][0]=url&populate[documentos][fields][1]=name&populate[documentos][fields][2]=ext&populate[documentos][fields][3]=size&populate[especificacoes_por_categoria][populate]=%2A
­ƒöî Fetching API: https://innovative-friendship-159ff40007.strapiapp.com/api/produtos?filters[slug][$eq]=transformer-hd-com-voz&fields[0]=nome&fields[1]=slug&fields[2]=descricao_curta&fields[3]=descricao_longa&fields[4]=caracteristicas_funcionais&fields[5]=caracteristicas_tecnicas&fields[6]=visao_geral&fields[7]=videos&fields[8]=Fabricante&fields[9]=palavras_chave&populate[imagem_principal][fields][0]=url&populate[imagem_principal][fields][1]=alternativeText&populate[imagem_principal][fields][2]=width&populate[imagem_principal][fields][3]=height&populate[galeria_de_imagens][fields][0]=url&populate[galeria_de_imagens][fields][1]=alternativeText&populate[galeria_de_imagens][fields][2]=width&populate[galeria_de_imagens][fields][3]=height&populate[subcategorias][fields][0]=nome&populate[subcategorias][fields][1]=slug&populate[subcategorias][fields][2]=ordem&populate[categorias][fields][0]=nome&populate[categorias][fields][1]=slug&populate[categorias][fields][2]=ordem&populate[relacao_fabricante][populate]=%2A&populate[documentos][fields][0]=url&populate[documentos][fields][1]=name&populate[documentos][fields][2]=ext&populate[documentos][fields][3]=size&populate[especificacoes_por_categoria][populate]=%2A
[ProductDetail] Group: "Geral" (Match: false), IsIndex: false (Identity Check: ZoomText Ampliador)
­ƒöî Fetching API: https://innovative-friendship-159ff40007.strapiapp.com/api/produtos?filters[slug][$eq]=transformer-hd-com-voz&fields[0]=nome&fields[1]=slug&fields[2]=descricao_curta&fields[3]=descricao_longa&fields[4]=caracteristicas_funcionais&fields[5]=caracteristicas_tecnicas&fields[6]=visao_geral&fields[7]=videos&fields[8]=Fabricante&fields[9]=palavras_chave&populate[imagem_principal][fields][0]=url&populate[imagem_principal][fields][1]=alternativeText&populate[imagem_principal][fields][2]=width&populate[imagem_principal][fields][3]=height&populate[galeria_de_imagens][fields][0]=url&populate[galeria_de_imagens][fields][1]=alternativeText&populate[galeria_de_imagens][fields][2]=width&populate[galeria_de_imagens][fields][3]=height&populate[subcategorias][fields][0]=nome&populate[subcategorias][fields][1]=slug&populate[subcategorias][fields][2]=ordem&populate[categorias][fields][0]=nome&populate[categorias][fields][1]=slug&populate[categorias][fields][2]=ordem&populate[relacao_fabricante][populate]=%2A&populate[documentos][fields][0]=url&populate[documentos][fields][1]=name&populate[documentos][fields][2]=ext&populate[documentos][fields][3]=size&populate[especificacoes_por_categoria][populate]=%2A
Ô£à Produto renderizado com sucesso: transformer-hd-com-voz
Ô£à Produto renderizado com sucesso: transformer-hd-com-voz
[ProductDetail] Group: "Geral" (Match: false), IsIndex: false (Identity Check: ZoomText Ampliador com Voz)
­ƒôª Renderizando p├ígina de produto: ruby-10
­ƒöî Fetching API: https://innovative-friendship-159ff40007.strapiapp.com/api/categorias?sort=nome:asc&fields[0]=nome&fields[1]=slug&fields[2]=ordem&populate[subcategorias][fields][0]=nome&populate[subcategorias][fields][1]=slug&populate[subcategorias][fields][2]=ordem&pagination[limit]=100
­ƒöî Fetching API: https://innovative-friendship-159ff40007.strapiapp.com/api/produtos?filters[slug][$eq]=ruby-10&fields[0]=nome&fields[1]=slug&fields[2]=descricao_curta&fields[3]=descricao_longa&fields[4]=caracteristicas_funcionais&fields[5]=caracteristicas_tecnicas&fields[6]=visao_geral&fields[7]=videos&fields[8]=Fabricante&fields[9]=palavras_chave&populate[imagem_principal][fields][0]=url&populate[imagem_principal][fields][1]=alternativeText&populate[imagem_principal][fields][2]=width&populate[imagem_principal][fields][3]=height&populate[galeria_de_imagens][fields][0]=url&populate[galeria_de_imagens][fields][1]=alternativeText&populate[galeria_de_imagens][fields][2]=width&populate[galeria_de_imagens][fields][3]=height&populate[subcategorias][fields][0]=nome&populate[subcategorias][fields][1]=slug&populate[subcategorias][fields][2]=ordem&populate[categorias][fields][0]=nome&populate[categorias][fields][1]=slug&populate[categorias][fields][2]=ordem&populate[relacao_fabricante][populate]=%2A&populate[documentos][fields][0]=url&populate[documentos][fields][1]=name&populate[documentos][fields][2]=ext&populate[documentos][fields][3]=size&populate[especificacoes_por_categoria][populate]=%2A
­ƒöî Fetching API: https://innovative-friendship-159ff40007.strapiapp.com/api/produtos?filters[slug][$eq]=ruby-10&fields[0]=nome&fields[1]=slug&fields[2]=descricao_curta&fields[3]=descricao_longa&fields[4]=caracteristicas_funcionais&fields[5]=caracteristicas_tecnicas&fields[6]=visao_geral&fields[7]=videos&fields[8]=Fabricante&fields[9]=palavras_chave&populate[imagem_principal][fields][0]=url&populate[imagem_principal][fields][1]=alternativeText&populate[imagem_principal][fields][2]=width&populate[imagem_principal][fields][3]=height&populate[galeria_de_imagens][fields][0]=url&populate[galeria_de_imagens][fields][1]=alternativeText&populate[galeria_de_imagens][fields][2]=width&populate[galeria_de_imagens][fields][3]=height&populate[subcategorias][fields][0]=nome&populate[subcategorias][fields][1]=slug&populate[subcategorias][fields][2]=ordem&populate[categorias][fields][0]=nome&populate[categorias][fields][1]=slug&populate[categorias][fields][2]=ordem&populate[relacao_fabricante][populate]=%2A&populate[documentos][fields][0]=url&populate[documentos][fields][1]=name&populate[documentos][fields][2]=ext&populate[documentos][fields][3]=size&populate[especificacoes_por_categoria][populate]=%2A
­ƒôª Renderizando p├ígina de produto: ruby-10
­ƒöî Fetching API: https://innovative-friendship-159ff40007.strapiapp.com/api/categorias?sort=nome:asc&fields[0]=nome&fields[1]=slug&fields[2]=ordem&populate[subcategorias][fields][0]=nome&populate[subcategorias][fields][1]=slug&populate[subcategorias][fields][2]=ordem&pagination[limit]=100
­ƒöî Fetching API: https://innovative-friendship-159ff40007.strapiapp.com/api/produtos?filters[slug][$eq]=ruby-10&fields[0]=nome&fields[1]=slug&fields[2]=descricao_curta&fields[3]=descricao_longa&fields[4]=caracteristicas_funcionais&fields[5]=caracteristicas_tecnicas&fields[6]=visao_geral&fields[7]=videos&fields[8]=Fabricante&fields[9]=palavras_chave&populate[imagem_principal][fields][0]=url&populate[imagem_principal][fields][1]=alternativeText&populate[imagem_principal][fields][2]=width&populate[imagem_principal][fields][3]=height&populate[galeria_de_imagens][fields][0]=url&populate[galeria_de_imagens][fields][1]=alternativeText&populate[galeria_de_imagens][fields][2]=width&populate[galeria_de_imagens][fields][3]=height&populate[subcategorias][fields][0]=nome&populate[subcategorias][fields][1]=slug&populate[subcategorias][fields][2]=ordem&populate[categorias][fields][0]=nome&populate[categorias][fields][1]=slug&populate[categorias][fields][2]=ordem&populate[relacao_fabricante][populate]=%2A&populate[documentos][fields][0]=url&populate[documentos][fields][1]=name&populate[documentos][fields][2]=ext&populate[documentos][fields][3]=size&populate[especificacoes_por_categoria][populate]=%2A
­ƒöî Fetching API: https://innovative-friendship-159ff40007.strapiapp.com/api/produtos?filters[slug][$eq]=ruby-10&fields[0]=nome&fields[1]=slug&fields[2]=descricao_curta&fields[3]=descricao_longa&fields[4]=caracteristicas_funcionais&fields[5]=caracteristicas_tecnicas&fields[6]=visao_geral&fields[7]=videos&fields[8]=Fabricante&fields[9]=palavras_chave&populate[imagem_principal][fields][0]=url&populate[imagem_principal][fields][1]=alternativeText&populate[imagem_principal][fields][2]=width&populate[imagem_principal][fields][3]=height&populate[galeria_de_imagens][fields][0]=url&populate[galeria_de_imagens][fields][1]=alternativeText&populate[galeria_de_imagens][fields][2]=width&populate[galeria_de_imagens][fields][3]=height&populate[subcategorias][fields][0]=nome&populate[subcategorias][fields][1]=slug&populate[subcategorias][fields][2]=ordem&populate[categorias][fields][0]=nome&populate[categorias][fields][1]=slug&populate[categorias][fields][2]=ordem&populate[relacao_fabricante][populate]=%2A&populate[documentos][fields][0]=url&populate[documentos][fields][1]=name&populate[documentos][fields][2]=ext&populate[documentos][fields][3]=size&populate[especificacoes_por_categoria][populate]=%2A
Ô£à Produto renderizado com sucesso: ruby-10
Ô£à Produto renderizado com sucesso: ruby-10
[ProductDetail] Group: "Geral" (Match: false), IsIndex: false (Identity Check: Ruby 10)
[ProductDetail] Group: "Recursos" (Match: false), IsIndex: false (Identity Check: Ruby 10)
[ProductDetail] Group: "Dimens├Áes e Peso" (Match: false), IsIndex: false (Identity Check: Ruby 10)
[ProductDetail] Group: "El├®trica" (Match: false), IsIndex: false (Identity Check: Ruby 10)
[ProductDetail] Group: "Medidas" (Match: false), IsIndex: false (Identity Check: Transformer HD com Voz)
[ProductDetail] Group: "C├ómera" (Match: false), IsIndex: false (Identity Check: Transformer HD com Voz)
[ProductDetail] Group: "Peso" (Match: false), IsIndex: false (Identity Check: Transformer HD com Voz)
[ProductDetail] Group: "Faixa de Amplia├º├úo" (Match: false), IsIndex: false (Identity Check: Transformer HD com Voz)
[ProductDetail] Group: "Fonte de Alimenta├º├úo" (Match: false), IsIndex: false (Identity Check: Transformer HD com Voz)
[ProductDetail] Group: "Vida ├║til da bateria" (Match: false), IsIndex: false (Identity Check: Transformer HD com Voz)
­ƒôª Renderizando p├ígina de produto: big-red
­ƒöî Fetching API: https://innovative-friendship-159ff40007.strapiapp.com/api/categorias?sort=nome:asc&fields[0]=nome&fields[1]=slug&fields[2]=ordem&populate[subcategorias][fields][0]=nome&populate[subcategorias][fields][1]=slug&populate[subcategorias][fields][2]=ordem&pagination[limit]=100
­ƒöî Fetching API: https://innovative-friendship-159ff40007.strapiapp.com/api/produtos?filters[slug][$eq]=big-red&fields[0]=nome&fields[1]=slug&fields[2]=descricao_curta&fields[3]=descricao_longa&fields[4]=caracteristicas_funcionais&fields[5]=caracteristicas_tecnicas&fields[6]=visao_geral&fields[7]=videos&fields[8]=Fabricante&fields[9]=palavras_chave&populate[imagem_principal][fields][0]=url&populate[imagem_principal][fields][1]=alternativeText&populate[imagem_principal][fields][2]=width&populate[imagem_principal][fields][3]=height&populate[galeria_de_imagens][fields][0]=url&populate[galeria_de_imagens][fields][1]=alternativeText&populate[galeria_de_imagens][fields][2]=width&populate[galeria_de_imagens][fields][3]=height&populate[subcategorias][fields][0]=nome&populate[subcategorias][fields][1]=slug&populate[subcategorias][fields][2]=ordem&populate[categorias][fields][0]=nome&populate[categorias][fields][1]=slug&populate[categorias][fields][2]=ordem&populate[relacao_fabricante][populate]=%2A&populate[documentos][fields][0]=url&populate[documentos][fields][1]=name&populate[documentos][fields][2]=ext&populate[documentos][fields][3]=size&populate[especificacoes_por_categoria][populate]=%2A
­ƒöî Fetching API: https://innovative-friendship-159ff40007.strapiapp.com/api/produtos?filters[slug][$eq]=big-red&fields[0]=nome&fields[1]=slug&fields[2]=descricao_curta&fields[3]=descricao_longa&fields[4]=caracteristicas_funcionais&fields[5]=caracteristicas_tecnicas&fields[6]=visao_geral&fields[7]=videos&fields[8]=Fabricante&fields[9]=palavras_chave&populate[imagem_principal][fields][0]=url&populate[imagem_principal][fields][1]=alternativeText&populate[imagem_principal][fields][2]=width&populate[imagem_principal][fields][3]=height&populate[galeria_de_imagens][fields][0]=url&populate[galeria_de_imagens][fields][1]=alternativeText&populate[galeria_de_imagens][fields][2]=width&populate[galeria_de_imagens][fields][3]=height&populate[subcategorias][fields][0]=nome&populate[subcategorias][fields][1]=slug&populate[subcategorias][fields][2]=ordem&populate[categorias][fields][0]=nome&populate[categorias][fields][1]=slug&populate[categorias][fields][2]=ordem&populate[relacao_fabricante][populate]=%2A&populate[documentos][fields][0]=url&populate[documentos][fields][1]=name&populate[documentos][fields][2]=ext&populate[documentos][fields][3]=size&populate[especificacoes_por_categoria][populate]=%2A
­ƒôª Renderizando p├ígina de produto: big-red
­ƒöî Fetching API: https://innovative-friendship-159ff40007.strapiapp.com/api/categorias?sort=nome:asc&fields[0]=nome&fields[1]=slug&fields[2]=ordem&populate[subcategorias][fields][0]=nome&populate[subcategorias][fields][1]=slug&populate[subcategorias][fields][2]=ordem&pagination[limit]=100
­ƒöî Fetching API: https://innovative-friendship-159ff40007.strapiapp.com/api/produtos?filters[slug][$eq]=big-red&fields[0]=nome&fields[1]=slug&fields[2]=descricao_curta&fields[3]=descricao_longa&fields[4]=caracteristicas_funcionais&fields[5]=caracteristicas_tecnicas&fields[6]=visao_geral&fields[7]=videos&fields[8]=Fabricante&fields[9]=palavras_chave&populate[imagem_principal][fields][0]=url&populate[imagem_principal][fields][1]=alternativeText&populate[imagem_principal][fields][2]=width&populate[imagem_principal][fields][3]=height&populate[galeria_de_imagens][fields][0]=url&populate[galeria_de_imagens][fields][1]=alternativeText&populate[galeria_de_imagens][fields][2]=width&populate[galeria_de_imagens][fields][3]=height&populate[subcategorias][fields][0]=nome&populate[subcategorias][fields][1]=slug&populate[subcategorias][fields][2]=ordem&populate[categorias][fields][0]=nome&populate[categorias][fields][1]=slug&populate[categorias][fields][2]=ordem&populate[relacao_fabricante][populate]=%2A&populate[documentos][fields][0]=url&populate[documentos][fields][1]=name&populate[documentos][fields][2]=ext&populate[documentos][fields][3]=size&populate[especificacoes_por_categoria][populate]=%2A
­ƒöî Fetching API: https://innovative-friendship-159ff40007.strapiapp.com/api/produtos?filters[slug][$eq]=big-red&fields[0]=nome&fields[1]=slug&fields[2]=descricao_curta&fields[3]=descricao_longa&fields[4]=caracteristicas_funcionais&fields[5]=caracteristicas_tecnicas&fields[6]=visao_geral&fields[7]=videos&fields[8]=Fabricante&fields[9]=palavras_chave&populate[imagem_principal][fields][0]=url&populate[imagem_principal][fields][1]=alternativeText&populate[imagem_principal][fields][2]=width&populate[imagem_principal][fields][3]=height&populate[galeria_de_imagens][fields][0]=url&populate[galeria_de_imagens][fields][1]=alternativeText&populate[galeria_de_imagens][fields][2]=width&populate[galeria_de_imagens][fields][3]=height&populate[subcategorias][fields][0]=nome&populate[subcategorias][fields][1]=slug&populate[subcategorias][fields][2]=ordem&populate[categorias][fields][0]=nome&populate[categorias][fields][1]=slug&populate[categorias][fields][2]=ordem&populate[relacao_fabricante][populate]=%2A&populate[documentos][fields][0]=url&populate[documentos][fields][1]=name&populate[documentos][fields][2]=ext&populate[documentos][fields][3]=size&populate[especificacoes_por_categoria][populate]=%2A
Ô£à Produto renderizado com sucesso: big-red
Ô£à Produto renderizado com sucesso: big-red
[ProductDetail] Group: "Geral" (Match: false), IsIndex: false (Identity Check: Big Red)
Ô£à Produto renderizado com sucesso: braille-box
Ô£à Produto renderizado com sucesso: braille-box
[ProductDetail] Group: "Geral" (Match: false), IsIndex: true (Identity Check: BrailleBox)
[ProductDetail] Group: "Impress├úo" (Match: true), IsIndex: true (Identity Check: BrailleBox)
[ProductDetail] Group: "Papel" (Match: false), IsIndex: true (Identity Check: BrailleBox)
[ProductDetail] Group: "Dimens├Áes e Peso" (Match: false), IsIndex: true (Identity Check: BrailleBox)
[ProductDetail] Group: "Comunica├º├úo" (Match: false), IsIndex: true (Identity Check: BrailleBox)
[ProductDetail] Group: "Alimenta├º├úo" (Match: false), IsIndex: true (Identity Check: BrailleBox)
­ƒôª Renderizando p├ígina de produto: big-track
­ƒöî Fetching API: https://innovative-friendship-159ff40007.strapiapp.com/api/categorias?sort=nome:asc&fields[0]=nome&fields[1]=slug&fields[2]=ordem&populate[subcategorias][fields][0]=nome&populate[subcategorias][fields][1]=slug&populate[subcategorias][fields][2]=ordem&pagination[limit]=100
­ƒöî Fetching API: https://innovative-friendship-159ff40007.strapiapp.com/api/produtos?filters[slug][$eq]=big-track&fields[0]=nome&fields[1]=slug&fields[2]=descricao_curta&fields[3]=descricao_longa&fields[4]=caracteristicas_funcionais&fields[5]=caracteristicas_tecnicas&fields[6]=visao_geral&fields[7]=videos&fields[8]=Fabricante&fields[9]=palavras_chave&populate[imagem_principal][fields][0]=url&populate[imagem_principal][fields][1]=alternativeText&populate[imagem_principal][fields][2]=width&populate[imagem_principal][fields][3]=height&populate[galeria_de_imagens][fields][0]=url&populate[galeria_de_imagens][fields][1]=alternativeText&populate[galeria_de_imagens][fields][2]=width&populate[galeria_de_imagens][fields][3]=height&populate[subcategorias][fields][0]=nome&populate[subcategorias][fields][1]=slug&populate[subcategorias][fields][2]=ordem&populate[categorias][fields][0]=nome&populate[categorias][fields][1]=slug&populate[categorias][fields][2]=ordem&populate[relacao_fabricante][populate]=%2A&populate[documentos][fields][0]=url&populate[documentos][fields][1]=name&populate[documentos][fields][2]=ext&populate[documentos][fields][3]=size&populate[especificacoes_por_categoria][populate]=%2A
­ƒöî Fetching API: https://innovative-friendship-159ff40007.strapiapp.com/api/produtos?filters[slug][$eq]=big-track&fields[0]=nome&fields[1]=slug&fields[2]=descricao_curta&fields[3]=descricao_longa&fields[4]=caracteristicas_funcionais&fields[5]=caracteristicas_tecnicas&fields[6]=visao_geral&fields[7]=videos&fields[8]=Fabricante&fields[9]=palavras_chave&populate[imagem_principal][fields][0]=url&populate[imagem_principal][fields][1]=alternativeText&populate[imagem_principal][fields][2]=width&populate[imagem_principal][fields][3]=height&populate[galeria_de_imagens][fields][0]=url&populate[galeria_de_imagens][fields][1]=alternativeText&populate[galeria_de_imagens][fields][2]=width&populate[galeria_de_imagens][fields][3]=height&populate[subcategorias][fields][0]=nome&populate[subcategorias][fields][1]=slug&populate[subcategorias][fields][2]=ordem&populate[categorias][fields][0]=nome&populate[categorias][fields][1]=slug&populate[categorias][fields][2]=ordem&populate[relacao_fabricante][populate]=%2A&populate[documentos][fields][0]=url&populate[documentos][fields][1]=name&populate[documentos][fields][2]=ext&populate[documentos][fields][3]=size&populate[especificacoes_por_categoria][populate]=%2A
­ƒôª Renderizando p├ígina de produto: big-track
­ƒöî Fetching API: https://innovative-friendship-159ff40007.strapiapp.com/api/categorias?sort=nome:asc&fields[0]=nome&fields[1]=slug&fields[2]=ordem&populate[subcategorias][fields][0]=nome&populate[subcategorias][fields][1]=slug&populate[subcategorias][fields][2]=ordem&pagination[limit]=100
­ƒöî Fetching API: https://innovative-friendship-159ff40007.strapiapp.com/api/produtos?filters[slug][$eq]=big-track&fields[0]=nome&fields[1]=slug&fields[2]=descricao_curta&fields[3]=descricao_longa&fields[4]=caracteristicas_funcionais&fields[5]=caracteristicas_tecnicas&fields[6]=visao_geral&fields[7]=videos&fields[8]=Fabricante&fields[9]=palavras_chave&populate[imagem_principal][fields][0]=url&populate[imagem_principal][fields][1]=alternativeText&populate[imagem_principal][fields][2]=width&populate[imagem_principal][fields][3]=height&populate[galeria_de_imagens][fields][0]=url&populate[galeria_de_imagens][fields][1]=alternativeText&populate[galeria_de_imagens][fields][2]=width&populate[galeria_de_imagens][fields][3]=height&populate[subcategorias][fields][0]=nome&populate[subcategorias][fields][1]=slug&populate[subcategorias][fields][2]=ordem&populate[categorias][fields][0]=nome&populate[categorias][fields][1]=slug&populate[categorias][fields][2]=ordem&populate[relacao_fabricante][populate]=%2A&populate[documentos][fields][0]=url&populate[documentos][fields][1]=name&populate[documentos][fields][2]=ext&populate[documentos][fields][3]=size&populate[especificacoes_por_categoria][populate]=%2A
­ƒöî Fetching API: https://innovative-friendship-159ff40007.strapiapp.com/api/produtos?filters[slug][$eq]=big-track&fields[0]=nome&fields[1]=slug&fields[2]=descricao_curta&fields[3]=descricao_longa&fields[4]=caracteristicas_funcionais&fields[5]=caracteristicas_tecnicas&fields[6]=visao_geral&fields[7]=videos&fields[8]=Fabricante&fields[9]=palavras_chave&populate[imagem_principal][fields][0]=url&populate[imagem_principal][fields][1]=alternativeText&populate[imagem_principal][fields][2]=width&populate[imagem_principal][fields][3]=height&populate[galeria_de_imagens][fields][0]=url&populate[galeria_de_imagens][fields][1]=alternativeText&populate[galeria_de_imagens][fields][2]=width&populate[galeria_de_imagens][fields][3]=height&populate[subcategorias][fields][0]=nome&populate[subcategorias][fields][1]=slug&populate[subcategorias][fields][2]=ordem&populate[categorias][fields][0]=nome&populate[categorias][fields][1]=slug&populate[categorias][fields][2]=ordem&populate[relacao_fabricante][populate]=%2A&populate[documentos][fields][0]=url&populate[documentos][fields][1]=name&populate[documentos][fields][2]=ext&populate[documentos][fields][3]=size&populate[especificacoes_por_categoria][populate]=%2A
Ô£à Produto renderizado com sucesso: big-track
Ô£à Produto renderizado com sucesso: big-track
[ProductDetail] Group: "Geral" (Match: false), IsIndex: false (Identity Check: BigTrack 2)
­ƒôª Renderizando p├ígina de produto: fanfold
­ƒöî Fetching API: https://innovative-friendship-159ff40007.strapiapp.com/api/categorias?sort=nome:asc&fields[0]=nome&fields[1]=slug&fields[2]=ordem&populate[subcategorias][fields][0]=nome&populate[subcategorias][fields][1]=slug&populate[subcategorias][fields][2]=ordem&pagination[limit]=100
­ƒöî Fetching API: https://innovative-friendship-159ff40007.strapiapp.com/api/produtos?filters[slug][$eq]=fanfold&fields[0]=nome&fields[1]=slug&fields[2]=descricao_curta&fields[3]=descricao_longa&fields[4]=caracteristicas_funcionais&fields[5]=caracteristicas_tecnicas&fields[6]=visao_geral&fields[7]=videos&fields[8]=Fabricante&fields[9]=palavras_chave&populate[imagem_principal][fields][0]=url&populate[imagem_principal][fields][1]=alternativeText&populate[imagem_principal][fields][2]=width&populate[imagem_principal][fields][3]=height&populate[galeria_de_imagens][fields][0]=url&populate[galeria_de_imagens][fields][1]=alternativeText&populate[galeria_de_imagens][fields][2]=width&populate[galeria_de_imagens][fields][3]=height&populate[subcategorias][fields][0]=nome&populate[subcategorias][fields][1]=slug&populate[subcategorias][fields][2]=ordem&populate[categorias][fields][0]=nome&populate[categorias][fields][1]=slug&populate[categorias][fields][2]=ordem&populate[relacao_fabricante][populate]=%2A&populate[documentos][fields][0]=url&populate[documentos][fields][1]=name&populate[documentos][fields][2]=ext&populate[documentos][fields][3]=size&populate[especificacoes_por_categoria][populate]=%2A
­ƒöî Fetching API: https://innovative-friendship-159ff40007.strapiapp.com/api/produtos?filters[slug][$eq]=fanfold&fields[0]=nome&fields[1]=slug&fields[2]=descricao_curta&fields[3]=descricao_longa&fields[4]=caracteristicas_funcionais&fields[5]=caracteristicas_tecnicas&fields[6]=visao_geral&fields[7]=videos&fields[8]=Fabricante&fields[9]=palavras_chave&populate[imagem_principal][fields][0]=url&populate[imagem_principal][fields][1]=alternativeText&populate[imagem_principal][fields][2]=width&populate[imagem_principal][fields][3]=height&populate[galeria_de_imagens][fields][0]=url&populate[galeria_de_imagens][fields][1]=alternativeText&populate[galeria_de_imagens][fields][2]=width&populate[galeria_de_imagens][fields][3]=height&populate[subcategorias][fields][0]=nome&populate[subcategorias][fields][1]=slug&populate[subcategorias][fields][2]=ordem&populate[categorias][fields][0]=nome&populate[categorias][fields][1]=slug&populate[categorias][fields][2]=ordem&populate[relacao_fabricante][populate]=%2A&populate[documentos][fields][0]=url&populate[documentos][fields][1]=name&populate[documentos][fields][2]=ext&populate[documentos][fields][3]=size&populate[especificacoes_por_categoria][populate]=%2A
­ƒôª Renderizando p├ígina de produto: fanfold
­ƒöî Fetching API: https://innovative-friendship-159ff40007.strapiapp.com/api/categorias?sort=nome:asc&fields[0]=nome&fields[1]=slug&fields[2]=ordem&populate[subcategorias][fields][0]=nome&populate[subcategorias][fields][1]=slug&populate[subcategorias][fields][2]=ordem&pagination[limit]=100
­ƒöî Fetching API: https://innovative-friendship-159ff40007.strapiapp.com/api/produtos?filters[slug][$eq]=fanfold&fields[0]=nome&fields[1]=slug&fields[2]=descricao_curta&fields[3]=descricao_longa&fields[4]=caracteristicas_funcionais&fields[5]=caracteristicas_tecnicas&fields[6]=visao_geral&fields[7]=videos&fields[8]=Fabricante&fields[9]=palavras_chave&populate[imagem_principal][fields][0]=url&populate[imagem_principal][fields][1]=alternativeText&populate[imagem_principal][fields][2]=width&populate[imagem_principal][fields][3]=height&populate[galeria_de_imagens][fields][0]=url&populate[galeria_de_imagens][fields][1]=alternativeText&populate[galeria_de_imagens][fields][2]=width&populate[galeria_de_imagens][fields][3]=height&populate[subcategorias][fields][0]=nome&populate[subcategorias][fields][1]=slug&populate[subcategorias][fields][2]=ordem&populate[categorias][fields][0]=nome&populate[categorias][fields][1]=slug&populate[categorias][fields][2]=ordem&populate[relacao_fabricante][populate]=%2A&populate[documentos][fields][0]=url&populate[documentos][fields][1]=name&populate[documentos][fields][2]=ext&populate[documentos][fields][3]=size&populate[especificacoes_por_categoria][populate]=%2A
­ƒöî Fetching API: https://innovative-friendship-159ff40007.strapiapp.com/api/produtos?filters[slug][$eq]=fanfold&fields[0]=nome&fields[1]=slug&fields[2]=descricao_curta&fields[3]=descricao_longa&fields[4]=caracteristicas_funcionais&fields[5]=caracteristicas_tecnicas&fields[6]=visao_geral&fields[7]=videos&fields[8]=Fabricante&fields[9]=palavras_chave&populate[imagem_principal][fields][0]=url&populate[imagem_principal][fields][1]=alternativeText&populate[imagem_principal][fields][2]=width&populate[imagem_principal][fields][3]=height&populate[galeria_de_imagens][fields][0]=url&populate[galeria_de_imagens][fields][1]=alternativeText&populate[galeria_de_imagens][fields][2]=width&populate[galeria_de_imagens][fields][3]=height&populate[subcategorias][fields][0]=nome&populate[subcategorias][fields][1]=slug&populate[subcategorias][fields][2]=ordem&populate[categorias][fields][0]=nome&populate[categorias][fields][1]=slug&populate[categorias][fields][2]=ordem&populate[relacao_fabricante][populate]=%2A&populate[documentos][fields][0]=url&populate[documentos][fields][1]=name&populate[documentos][fields][2]=ext&populate[documentos][fields][3]=size&populate[especificacoes_por_categoria][populate]=%2A
Ô£à Produto renderizado com sucesso: fanfold
Ô£à Produto renderizado com sucesso: fanfold
[ProductDetail] Group: "Geral" (Match: false), IsIndex: true (Identity Check: Fanfold)
[ProductDetail] Group: "Impress├úo" (Match: true), IsIndex: true (Identity Check: Fanfold)
[ProductDetail] Group: "Comunica├º├úo" (Match: false), IsIndex: true (Identity Check: Fanfold)
[ProductDetail] Group: "Alimenta├º├úo" (Match: false), IsIndex: true (Identity Check: Fanfold)
[ProductDetail] Group: "Dimens├Áes e Peso" (Match: false), IsIndex: true (Identity Check: Fanfold)
[ProductDetail] Group: "Papel" (Match: false), IsIndex: true (Identity Check: Fanfold)
­ƒôª Renderizando p├ígina de produto: fusion
­ƒöî Fetching API: https://innovative-friendship-159ff40007.strapiapp.com/api/categorias?sort=nome:asc&fields[0]=nome&fields[1]=slug&fields[2]=ordem&populate[subcategorias][fields][0]=nome&populate[subcategorias][fields][1]=slug&populate[subcategorias][fields][2]=ordem&pagination[limit]=100
­ƒöî Fetching API: https://innovative-friendship-159ff40007.strapiapp.com/api/produtos?filters[slug][$eq]=fusion&fields[0]=nome&fields[1]=slug&fields[2]=descricao_curta&fields[3]=descricao_longa&fields[4]=caracteristicas_funcionais&fields[5]=caracteristicas_tecnicas&fields[6]=visao_geral&fields[7]=videos&fields[8]=Fabricante&fields[9]=palavras_chave&populate[imagem_principal][fields][0]=url&populate[imagem_principal][fields][1]=alternativeText&populate[imagem_principal][fields][2]=width&populate[imagem_principal][fields][3]=height&populate[galeria_de_imagens][fields][0]=url&populate[galeria_de_imagens][fields][1]=alternativeText&populate[galeria_de_imagens][fields][2]=width&populate[galeria_de_imagens][fields][3]=height&populate[subcategorias][fields][0]=nome&populate[subcategorias][fields][1]=slug&populate[subcategorias][fields][2]=ordem&populate[categorias][fields][0]=nome&populate[categorias][fields][1]=slug&populate[categorias][fields][2]=ordem&populate[relacao_fabricante][populate]=%2A&populate[documentos][fields][0]=url&populate[documentos][fields][1]=name&populate[documentos][fields][2]=ext&populate[documentos][fields][3]=size&populate[especificacoes_por_categoria][populate]=%2A
­ƒöî Fetching API: https://innovative-friendship-159ff40007.strapiapp.com/api/produtos?filters[slug][$eq]=fusion&fields[0]=nome&fields[1]=slug&fields[2]=descricao_curta&fields[3]=descricao_longa&fields[4]=caracteristicas_funcionais&fields[5]=caracteristicas_tecnicas&fields[6]=visao_geral&fields[7]=videos&fields[8]=Fabricante&fields[9]=palavras_chave&populate[imagem_principal][fields][0]=url&populate[imagem_principal][fields][1]=alternativeText&populate[imagem_principal][fields][2]=width&populate[imagem_principal][fields][3]=height&populate[galeria_de_imagens][fields][0]=url&populate[galeria_de_imagens][fields][1]=alternativeText&populate[galeria_de_imagens][fields][2]=width&populate[galeria_de_imagens][fields][3]=height&populate[subcategorias][fields][0]=nome&populate[subcategorias][fields][1]=slug&populate[subcategorias][fields][2]=ordem&populate[categorias][fields][0]=nome&populate[categorias][fields][1]=slug&populate[categorias][fields][2]=ordem&populate[relacao_fabricante][populate]=%2A&populate[documentos][fields][0]=url&populate[documentos][fields][1]=name&populate[documentos][fields][2]=ext&populate[documentos][fields][3]=size&populate[especificacoes_por_categoria][populate]=%2A
­ƒôª Renderizando p├ígina de produto: fusion
­ƒöî Fetching API: https://innovative-friendship-159ff40007.strapiapp.com/api/categorias?sort=nome:asc&fields[0]=nome&fields[1]=slug&fields[2]=ordem&populate[subcategorias][fields][0]=nome&populate[subcategorias][fields][1]=slug&populate[subcategorias][fields][2]=ordem&pagination[limit]=100
­ƒöî Fetching API: https://innovative-friendship-159ff40007.strapiapp.com/api/produtos?filters[slug][$eq]=fusion&fields[0]=nome&fields[1]=slug&fields[2]=descricao_curta&fields[3]=descricao_longa&fields[4]=caracteristicas_funcionais&fields[5]=caracteristicas_tecnicas&fields[6]=visao_geral&fields[7]=videos&fields[8]=Fabricante&fields[9]=palavras_chave&populate[imagem_principal][fields][0]=url&populate[imagem_principal][fields][1]=alternativeText&populate[imagem_principal][fields][2]=width&populate[imagem_principal][fields][3]=height&populate[galeria_de_imagens][fields][0]=url&populate[galeria_de_imagens][fields][1]=alternativeText&populate[galeria_de_imagens][fields][2]=width&populate[galeria_de_imagens][fields][3]=height&populate[subcategorias][fields][0]=nome&populate[subcategorias][fields][1]=slug&populate[subcategorias][fields][2]=ordem&populate[categorias][fields][0]=nome&populate[categorias][fields][1]=slug&populate[categorias][fields][2]=ordem&populate[relacao_fabricante][populate]=%2A&populate[documentos][fields][0]=url&populate[documentos][fields][1]=name&populate[documentos][fields][2]=ext&populate[documentos][fields][3]=size&populate[especificacoes_por_categoria][populate]=%2A
­ƒöî Fetching API: https://innovative-friendship-159ff40007.strapiapp.com/api/produtos?filters[slug][$eq]=fusion&fields[0]=nome&fields[1]=slug&fields[2]=descricao_curta&fields[3]=descricao_longa&fields[4]=caracteristicas_funcionais&fields[5]=caracteristicas_tecnicas&fields[6]=visao_geral&fields[7]=videos&fields[8]=Fabricante&fields[9]=palavras_chave&populate[imagem_principal][fields][0]=url&populate[imagem_principal][fields][1]=alternativeText&populate[imagem_principal][fields][2]=width&populate[imagem_principal][fields][3]=height&populate[galeria_de_imagens][fields][0]=url&populate[galeria_de_imagens][fields][1]=alternativeText&populate[galeria_de_imagens][fields][2]=width&populate[galeria_de_imagens][fields][3]=height&populate[subcategorias][fields][0]=nome&populate[subcategorias][fields][1]=slug&populate[subcategorias][fields][2]=ordem&populate[categorias][fields][0]=nome&populate[categorias][fields][1]=slug&populate[categorias][fields][2]=ordem&populate[relacao_fabricante][populate]=%2A&populate[documentos][fields][0]=url&populate[documentos][fields][1]=name&populate[documentos][fields][2]=ext&populate[documentos][fields][3]=size&populate[especificacoes_por_categoria][populate]=%2A
Ô£à Produto renderizado com sucesso: fusion
Ô£à Produto renderizado com sucesso: fusion
[ProductDetail] Group: "Geral" (Match: false), IsIndex: false (Identity Check: Fusion)
­ƒôª Renderizando p├ígina de produto: leiafacil
­ƒöî Fetching API: https://innovative-friendship-159ff40007.strapiapp.com/api/categorias?sort=nome:asc&fields[0]=nome&fields[1]=slug&fields[2]=ordem&populate[subcategorias][fields][0]=nome&populate[subcategorias][fields][1]=slug&populate[subcategorias][fields][2]=ordem&pagination[limit]=100
­ƒöî Fetching API: https://innovative-friendship-159ff40007.strapiapp.com/api/produtos?filters[slug][$eq]=leiafacil&fields[0]=nome&fields[1]=slug&fields[2]=descricao_curta&fields[3]=descricao_longa&fields[4]=caracteristicas_funcionais&fields[5]=caracteristicas_tecnicas&fields[6]=visao_geral&fields[7]=videos&fields[8]=Fabricante&fields[9]=palavras_chave&populate[imagem_principal][fields][0]=url&populate[imagem_principal][fields][1]=alternativeText&populate[imagem_principal][fields][2]=width&populate[imagem_principal][fields][3]=height&populate[galeria_de_imagens][fields][0]=url&populate[galeria_de_imagens][fields][1]=alternativeText&populate[galeria_de_imagens][fields][2]=width&populate[galeria_de_imagens][fields][3]=height&populate[subcategorias][fields][0]=nome&populate[subcategorias][fields][1]=slug&populate[subcategorias][fields][2]=ordem&populate[categorias][fields][0]=nome&populate[categorias][fields][1]=slug&populate[categorias][fields][2]=ordem&populate[relacao_fabricante][populate]=%2A&populate[documentos][fields][0]=url&populate[documentos][fields][1]=name&populate[documentos][fields][2]=ext&populate[documentos][fields][3]=size&populate[especificacoes_por_categoria][populate]=%2A
­ƒöî Fetching API: https://innovative-friendship-159ff40007.strapiapp.com/api/produtos?filters[slug][$eq]=leiafacil&fields[0]=nome&fields[1]=slug&fields[2]=descricao_curta&fields[3]=descricao_longa&fields[4]=caracteristicas_funcionais&fields[5]=caracteristicas_tecnicas&fields[6]=visao_geral&fields[7]=videos&fields[8]=Fabricante&fields[9]=palavras_chave&populate[imagem_principal][fields][0]=url&populate[imagem_principal][fields][1]=alternativeText&populate[imagem_principal][fields][2]=width&populate[imagem_principal][fields][3]=height&populate[galeria_de_imagens][fields][0]=url&populate[galeria_de_imagens][fields][1]=alternativeText&populate[galeria_de_imagens][fields][2]=width&populate[galeria_de_imagens][fields][3]=height&populate[subcategorias][fields][0]=nome&populate[subcategorias][fields][1]=slug&populate[subcategorias][fields][2]=ordem&populate[categorias][fields][0]=nome&populate[categorias][fields][1]=slug&populate[categorias][fields][2]=ordem&populate[relacao_fabricante][populate]=%2A&populate[documentos][fields][0]=url&populate[documentos][fields][1]=name&populate[documentos][fields][2]=ext&populate[documentos][fields][3]=size&populate[especificacoes_por_categoria][populate]=%2A
­ƒôª Renderizando p├ígina de produto: leiafacil
­ƒöî Fetching API: https://innovative-friendship-159ff40007.strapiapp.com/api/categorias?sort=nome:asc&fields[0]=nome&fields[1]=slug&fields[2]=ordem&populate[subcategorias][fields][0]=nome&populate[subcategorias][fields][1]=slug&populate[subcategorias][fields][2]=ordem&pagination[limit]=100
­ƒöî Fetching API: https://innovative-friendship-159ff40007.strapiapp.com/api/produtos?filters[slug][$eq]=leiafacil&fields[0]=nome&fields[1]=slug&fields[2]=descricao_curta&fields[3]=descricao_longa&fields[4]=caracteristicas_funcionais&fields[5]=caracteristicas_tecnicas&fields[6]=visao_geral&fields[7]=videos&fields[8]=Fabricante&fields[9]=palavras_chave&populate[imagem_principal][fields][0]=url&populate[imagem_principal][fields][1]=alternativeText&populate[imagem_principal][fields][2]=width&populate[imagem_principal][fields][3]=height&populate[galeria_de_imagens][fields][0]=url&populate[galeria_de_imagens][fields][1]=alternativeText&populate[galeria_de_imagens][fields][2]=width&populate[galeria_de_imagens][fields][3]=height&populate[subcategorias][fields][0]=nome&populate[subcategorias][fields][1]=slug&populate[subcategorias][fields][2]=ordem&populate[categorias][fields][0]=nome&populate[categorias][fields][1]=slug&populate[categorias][fields][2]=ordem&populate[relacao_fabricante][populate]=%2A&populate[documentos][fields][0]=url&populate[documentos][fields][1]=name&populate[documentos][fields][2]=ext&populate[documentos][fields][3]=size&populate[especificacoes_por_categoria][populate]=%2A
­ƒöî Fetching API: https://innovative-friendship-159ff40007.strapiapp.com/api/produtos?filters[slug][$eq]=leiafacil&fields[0]=nome&fields[1]=slug&fields[2]=descricao_curta&fields[3]=descricao_longa&fields[4]=caracteristicas_funcionais&fields[5]=caracteristicas_tecnicas&fields[6]=visao_geral&fields[7]=videos&fields[8]=Fabricante&fields[9]=palavras_chave&populate[imagem_principal][fields][0]=url&populate[imagem_principal][fields][1]=alternativeText&populate[imagem_principal][fields][2]=width&populate[imagem_principal][fields][3]=height&populate[galeria_de_imagens][fields][0]=url&populate[galeria_de_imagens][fields][1]=alternativeText&populate[galeria_de_imagens][fields][2]=width&populate[galeria_de_imagens][fields][3]=height&populate[subcategorias][fields][0]=nome&populate[subcategorias][fields][1]=slug&populate[subcategorias][fields][2]=ordem&populate[categorias][fields][0]=nome&populate[categorias][fields][1]=slug&populate[categorias][fields][2]=ordem&populate[relacao_fabricante][populate]=%2A&populate[documentos][fields][0]=url&populate[documentos][fields][1]=name&populate[documentos][fields][2]=ext&populate[documentos][fields][3]=size&populate[especificacoes_por_categoria][populate]=%2A
Ô£à Produto renderizado com sucesso: leiafacil
Ô£à Produto renderizado com sucesso: leiafacil
­ƒôª Renderizando p├ígina de produto: teclado-ampliado
­ƒöî Fetching API: https://innovative-friendship-159ff40007.strapiapp.com/api/categorias?sort=nome:asc&fields[0]=nome&fields[1]=slug&fields[2]=ordem&populate[subcategorias][fields][0]=nome&populate[subcategorias][fields][1]=slug&populate[subcategorias][fields][2]=ordem&pagination[limit]=100
­ƒöî Fetching API: https://innovative-friendship-159ff40007.strapiapp.com/api/produtos?filters[slug][$eq]=teclado-ampliado&fields[0]=nome&fields[1]=slug&fields[2]=descricao_curta&fields[3]=descricao_longa&fields[4]=caracteristicas_funcionais&fields[5]=caracteristicas_tecnicas&fields[6]=visao_geral&fields[7]=videos&fields[8]=Fabricante&fields[9]=palavras_chave&populate[imagem_principal][fields][0]=url&populate[imagem_principal][fields][1]=alternativeText&populate[imagem_principal][fields][2]=width&populate[imagem_principal][fields][3]=height&populate[galeria_de_imagens][fields][0]=url&populate[galeria_de_imagens][fields][1]=alternativeText&populate[galeria_de_imagens][fields][2]=width&populate[galeria_de_imagens][fields][3]=height&populate[subcategorias][fields][0]=nome&populate[subcategorias][fields][1]=slug&populate[subcategorias][fields][2]=ordem&populate[categorias][fields][0]=nome&populate[categorias][fields][1]=slug&populate[categorias][fields][2]=ordem&populate[relacao_fabricante][populate]=%2A&populate[documentos][fields][0]=url&populate[documentos][fields][1]=name&populate[documentos][fields][2]=ext&populate[documentos][fields][3]=size&populate[especificacoes_por_categoria][populate]=%2A
­ƒöî Fetching API: https://innovative-friendship-159ff40007.strapiapp.com/api/produtos?filters[slug][$eq]=teclado-ampliado&fields[0]=nome&fields[1]=slug&fields[2]=descricao_curta&fields[3]=descricao_longa&fields[4]=caracteristicas_funcionais&fields[5]=caracteristicas_tecnicas&fields[6]=visao_geral&fields[7]=videos&fields[8]=Fabricante&fields[9]=palavras_chave&populate[imagem_principal][fields][0]=url&populate[imagem_principal][fields][1]=alternativeText&populate[imagem_principal][fields][2]=width&populate[imagem_principal][fields][3]=height&populate[galeria_de_imagens][fields][0]=url&populate[galeria_de_imagens][fields][1]=alternativeText&populate[galeria_de_imagens][fields][2]=width&populate[galeria_de_imagens][fields][3]=height&populate[subcategorias][fields][0]=nome&populate[subcategorias][fields][1]=slug&populate[subcategorias][fields][2]=ordem&populate[categorias][fields][0]=nome&populate[categorias][fields][1]=slug&populate[categorias][fields][2]=ordem&populate[relacao_fabricante][populate]=%2A&populate[documentos][fields][0]=url&populate[documentos][fields][1]=name&populate[documentos][fields][2]=ext&populate[documentos][fields][3]=size&populate[especificacoes_por_categoria][populate]=%2A
­ƒôª Renderizando p├ígina de produto: teclado-ampliado
­ƒöî Fetching API: https://innovative-friendship-159ff40007.strapiapp.com/api/categorias?sort=nome:asc&fields[0]=nome&fields[1]=slug&fields[2]=ordem&populate[subcategorias][fields][0]=nome&populate[subcategorias][fields][1]=slug&populate[subcategorias][fields][2]=ordem&pagination[limit]=100
­ƒöî Fetching API: https://innovative-friendship-159ff40007.strapiapp.com/api/produtos?filters[slug][$eq]=teclado-ampliado&fields[0]=nome&fields[1]=slug&fields[2]=descricao_curta&fields[3]=descricao_longa&fields[4]=caracteristicas_funcionais&fields[5]=caracteristicas_tecnicas&fields[6]=visao_geral&fields[7]=videos&fields[8]=Fabricante&fields[9]=palavras_chave&populate[imagem_principal][fields][0]=url&populate[imagem_principal][fields][1]=alternativeText&populate[imagem_principal][fields][2]=width&populate[imagem_principal][fields][3]=height&populate[galeria_de_imagens][fields][0]=url&populate[galeria_de_imagens][fields][1]=alternativeText&populate[galeria_de_imagens][fields][2]=width&populate[galeria_de_imagens][fields][3]=height&populate[subcategorias][fields][0]=nome&populate[subcategorias][fields][1]=slug&populate[subcategorias][fields][2]=ordem&populate[categorias][fields][0]=nome&populate[categorias][fields][1]=slug&populate[categorias][fields][2]=ordem&populate[relacao_fabricante][populate]=%2A&populate[documentos][fields][0]=url&populate[documentos][fields][1]=name&populate[documentos][fields][2]=ext&populate[documentos][fields][3]=size&populate[especificacoes_por_categoria][populate]=%2A
­ƒöî Fetching API: https://innovative-friendship-159ff40007.strapiapp.com/api/produtos?filters[slug][$eq]=teclado-ampliado&fields[0]=nome&fields[1]=slug&fields[2]=descricao_curta&fields[3]=descricao_longa&fields[4]=caracteristicas_funcionais&fields[5]=caracteristicas_tecnicas&fields[6]=visao_geral&fields[7]=videos&fields[8]=Fabricante&fields[9]=palavras_chave&populate[imagem_principal][fields][0]=url&populate[imagem_principal][fields][1]=alternativeText&populate[imagem_principal][fields][2]=width&populate[imagem_principal][fields][3]=height&populate[galeria_de_imagens][fields][0]=url&populate[galeria_de_imagens][fields][1]=alternativeText&populate[galeria_de_imagens][fields][2]=width&populate[galeria_de_imagens][fields][3]=height&populate[subcategorias][fields][0]=nome&populate[subcategorias][fields][1]=slug&populate[subcategorias][fields][2]=ordem&populate[categorias][fields][0]=nome&populate[categorias][fields][1]=slug&populate[categorias][fields][2]=ordem&populate[relacao_fabricante][populate]=%2A&populate[documentos][fields][0]=url&populate[documentos][fields][1]=name&populate[documentos][fields][2]=ext&populate[documentos][fields][3]=size&populate[especificacoes_por_categoria][populate]=%2A
Ô£à Produto renderizado com sucesso: teclado-ampliado
Ô£à Produto renderizado com sucesso: teclado-ampliado
[ProductDetail] Group: "Geral" (Match: false), IsIndex: false (Identity Check: Teclado Ampliado)
[ProductDetail] Group: "Conectividade e Compatibilidade" (Match: false), IsIndex: false (Identity Check: Teclado Ampliado)
[ProductDetail] Group: "Dimens├Áes e Peso" (Match: false), IsIndex: false (Identity Check: Teclado Ampliado)
­ƒôª Renderizando p├ígina de produto: guia-assinatura
­ƒöî Fetching API: https://innovative-friendship-159ff40007.strapiapp.com/api/categorias?sort=nome:asc&fields[0]=nome&fields[1]=slug&fields[2]=ordem&populate[subcategorias][fields][0]=nome&populate[subcategorias][fields][1]=slug&populate[subcategorias][fields][2]=ordem&pagination[limit]=100
­ƒöî Fetching API: https://innovative-friendship-159ff40007.strapiapp.com/api/produtos?filters[slug][$eq]=guia-assinatura&fields[0]=nome&fields[1]=slug&fields[2]=descricao_curta&fields[3]=descricao_longa&fields[4]=caracteristicas_funcionais&fields[5]=caracteristicas_tecnicas&fields[6]=visao_geral&fields[7]=videos&fields[8]=Fabricante&fields[9]=palavras_chave&populate[imagem_principal][fields][0]=url&populate[imagem_principal][fields][1]=alternativeText&populate[imagem_principal][fields][2]=width&populate[imagem_principal][fields][3]=height&populate[galeria_de_imagens][fields][0]=url&populate[galeria_de_imagens][fields][1]=alternativeText&populate[galeria_de_imagens][fields][2]=width&populate[galeria_de_imagens][fields][3]=height&populate[subcategorias][fields][0]=nome&populate[subcategorias][fields][1]=slug&populate[subcategorias][fields][2]=ordem&populate[categorias][fields][0]=nome&populate[categorias][fields][1]=slug&populate[categorias][fields][2]=ordem&populate[relacao_fabricante][populate]=%2A&populate[documentos][fields][0]=url&populate[documentos][fields][1]=name&populate[documentos][fields][2]=ext&populate[documentos][fields][3]=size&populate[especificacoes_por_categoria][populate]=%2A
­ƒöî Fetching API: https://innovative-friendship-159ff40007.strapiapp.com/api/produtos?filters[slug][$eq]=guia-assinatura&fields[0]=nome&fields[1]=slug&fields[2]=descricao_curta&fields[3]=descricao_longa&fields[4]=caracteristicas_funcionais&fields[5]=caracteristicas_tecnicas&fields[6]=visao_geral&fields[7]=videos&fields[8]=Fabricante&fields[9]=palavras_chave&populate[imagem_principal][fields][0]=url&populate[imagem_principal][fields][1]=alternativeText&populate[imagem_principal][fields][2]=width&populate[imagem_principal][fields][3]=height&populate[galeria_de_imagens][fields][0]=url&populate[galeria_de_imagens][fields][1]=alternativeText&populate[galeria_de_imagens][fields][2]=width&populate[galeria_de_imagens][fields][3]=height&populate[subcategorias][fields][0]=nome&populate[subcategorias][fields][1]=slug&populate[subcategorias][fields][2]=ordem&populate[categorias][fields][0]=nome&populate[categorias][fields][1]=slug&populate[categorias][fields][2]=ordem&populate[relacao_fabricante][populate]=%2A&populate[documentos][fields][0]=url&populate[documentos][fields][1]=name&populate[documentos][fields][2]=ext&populate[documentos][fields][3]=size&populate[especificacoes_por_categoria][populate]=%2A
­ƒôª Renderizando p├ígina de produto: guia-assinatura
­ƒöî Fetching API: https://innovative-friendship-159ff40007.strapiapp.com/api/categorias?sort=nome:asc&fields[0]=nome&fields[1]=slug&fields[2]=ordem&populate[subcategorias][fields][0]=nome&populate[subcategorias][fields][1]=slug&populate[subcategorias][fields][2]=ordem&pagination[limit]=100
­ƒöî Fetching API: https://innovative-friendship-159ff40007.strapiapp.com/api/produtos?filters[slug][$eq]=guia-assinatura&fields[0]=nome&fields[1]=slug&fields[2]=descricao_curta&fields[3]=descricao_longa&fields[4]=caracteristicas_funcionais&fields[5]=caracteristicas_tecnicas&fields[6]=visao_geral&fields[7]=videos&fields[8]=Fabricante&fields[9]=palavras_chave&populate[imagem_principal][fields][0]=url&populate[imagem_principal][fields][1]=alternativeText&populate[imagem_principal][fields][2]=width&populate[imagem_principal][fields][3]=height&populate[galeria_de_imagens][fields][0]=url&populate[galeria_de_imagens][fields][1]=alternativeText&populate[galeria_de_imagens][fields][2]=width&populate[galeria_de_imagens][fields][3]=height&populate[subcategorias][fields][0]=nome&populate[subcategorias][fields][1]=slug&populate[subcategorias][fields][2]=ordem&populate[categorias][fields][0]=nome&populate[categorias][fields][1]=slug&populate[categorias][fields][2]=ordem&populate[relacao_fabricante][populate]=%2A&populate[documentos][fields][0]=url&populate[documentos][fields][1]=name&populate[documentos][fields][2]=ext&populate[documentos][fields][3]=size&populate[especificacoes_por_categoria][populate]=%2A
­ƒöî Fetching API: https://innovative-friendship-159ff40007.strapiapp.com/api/produtos?filters[slug][$eq]=guia-assinatura&fields[0]=nome&fields[1]=slug&fields[2]=descricao_curta&fields[3]=descricao_longa&fields[4]=caracteristicas_funcionais&fields[5]=caracteristicas_tecnicas&fields[6]=visao_geral&fields[7]=videos&fields[8]=Fabricante&fields[9]=palavras_chave&populate[imagem_principal][fields][0]=url&populate[imagem_principal][fields][1]=alternativeText&populate[imagem_principal][fields][2]=width&populate[imagem_principal][fields][3]=height&populate[galeria_de_imagens][fields][0]=url&populate[galeria_de_imagens][fields][1]=alternativeText&populate[galeria_de_imagens][fields][2]=width&populate[galeria_de_imagens][fields][3]=height&populate[subcategorias][fields][0]=nome&populate[subcategorias][fields][1]=slug&populate[subcategorias][fields][2]=ordem&populate[categorias][fields][0]=nome&populate[categorias][fields][1]=slug&populate[categorias][fields][2]=ordem&populate[relacao_fabricante][populate]=%2A&populate[documentos][fields][0]=url&populate[documentos][fields][1]=name&populate[documentos][fields][2]=ext&populate[documentos][fields][3]=size&populate[especificacoes_por_categoria][populate]=%2A
Ô£à Produto renderizado com sucesso: guia-assinatura
Ô£à Produto renderizado com sucesso: guia-assinatura
­ƒôª Renderizando p├ígina de produto: reglete
­ƒöî Fetching API: https://innovative-friendship-159ff40007.strapiapp.com/api/categorias?sort=nome:asc&fields[0]=nome&fields[1]=slug&fields[2]=ordem&populate[subcategorias][fields][0]=nome&populate[subcategorias][fields][1]=slug&populate[subcategorias][fields][2]=ordem&pagination[limit]=100
­ƒöî Fetching API: https://innovative-friendship-159ff40007.strapiapp.com/api/produtos?filters[slug][$eq]=reglete&fields[0]=nome&fields[1]=slug&fields[2]=descricao_curta&fields[3]=descricao_longa&fields[4]=caracteristicas_funcionais&fields[5]=caracteristicas_tecnicas&fields[6]=visao_geral&fields[7]=videos&fields[8]=Fabricante&fields[9]=palavras_chave&populate[imagem_principal][fields][0]=url&populate[imagem_principal][fields][1]=alternativeText&populate[imagem_principal][fields][2]=width&populate[imagem_principal][fields][3]=height&populate[galeria_de_imagens][fields][0]=url&populate[galeria_de_imagens][fields][1]=alternativeText&populate[galeria_de_imagens][fields][2]=width&populate[galeria_de_imagens][fields][3]=height&populate[subcategorias][fields][0]=nome&populate[subcategorias][fields][1]=slug&populate[subcategorias][fields][2]=ordem&populate[categorias][fields][0]=nome&populate[categorias][fields][1]=slug&populate[categorias][fields][2]=ordem&populate[relacao_fabricante][populate]=%2A&populate[documentos][fields][0]=url&populate[documentos][fields][1]=name&populate[documentos][fields][2]=ext&populate[documentos][fields][3]=size&populate[especificacoes_por_categoria][populate]=%2A
­ƒöî Fetching API: https://innovative-friendship-159ff40007.strapiapp.com/api/produtos?filters[slug][$eq]=reglete&fields[0]=nome&fields[1]=slug&fields[2]=descricao_curta&fields[3]=descricao_longa&fields[4]=caracteristicas_funcionais&fields[5]=caracteristicas_tecnicas&fields[6]=visao_geral&fields[7]=videos&fields[8]=Fabricante&fields[9]=palavras_chave&populate[imagem_principal][fields][0]=url&populate[imagem_principal][fields][1]=alternativeText&populate[imagem_principal][fields][2]=width&populate[imagem_principal][fields][3]=height&populate[galeria_de_imagens][fields][0]=url&populate[galeria_de_imagens][fields][1]=alternativeText&populate[galeria_de_imagens][fields][2]=width&populate[galeria_de_imagens][fields][3]=height&populate[subcategorias][fields][0]=nome&populate[subcategorias][fields][1]=slug&populate[subcategorias][fields][2]=ordem&populate[categorias][fields][0]=nome&populate[categorias][fields][1]=slug&populate[categorias][fields][2]=ordem&populate[relacao_fabricante][populate]=%2A&populate[documentos][fields][0]=url&populate[documentos][fields][1]=name&populate[documentos][fields][2]=ext&populate[documentos][fields][3]=size&populate[especificacoes_por_categoria][populate]=%2A
­ƒôª Renderizando p├ígina de produto: reglete
­ƒöî Fetching API: https://innovative-friendship-159ff40007.strapiapp.com/api/categorias?sort=nome:asc&fields[0]=nome&fields[1]=slug&fields[2]=ordem&populate[subcategorias][fields][0]=nome&populate[subcategorias][fields][1]=slug&populate[subcategorias][fields][2]=ordem&pagination[limit]=100
­ƒöî Fetching API: https://innovative-friendship-159ff40007.strapiapp.com/api/produtos?filters[slug][$eq]=reglete&fields[0]=nome&fields[1]=slug&fields[2]=descricao_curta&fields[3]=descricao_longa&fields[4]=caracteristicas_funcionais&fields[5]=caracteristicas_tecnicas&fields[6]=visao_geral&fields[7]=videos&fields[8]=Fabricante&fields[9]=palavras_chave&populate[imagem_principal][fields][0]=url&populate[imagem_principal][fields][1]=alternativeText&populate[imagem_principal][fields][2]=width&populate[imagem_principal][fields][3]=height&populate[galeria_de_imagens][fields][0]=url&populate[galeria_de_imagens][fields][1]=alternativeText&populate[galeria_de_imagens][fields][2]=width&populate[galeria_de_imagens][fields][3]=height&populate[subcategorias][fields][0]=nome&populate[subcategorias][fields][1]=slug&populate[subcategorias][fields][2]=ordem&populate[categorias][fields][0]=nome&populate[categorias][fields][1]=slug&populate[categorias][fields][2]=ordem&populate[relacao_fabricante][populate]=%2A&populate[documentos][fields][0]=url&populate[documentos][fields][1]=name&populate[documentos][fields][2]=ext&populate[documentos][fields][3]=size&populate[especificacoes_por_categoria][populate]=%2A
­ƒöî Fetching API: https://innovative-friendship-159ff40007.strapiapp.com/api/produtos?filters[slug][$eq]=reglete&fields[0]=nome&fields[1]=slug&fields[2]=descricao_curta&fields[3]=descricao_longa&fields[4]=caracteristicas_funcionais&fields[5]=caracteristicas_tecnicas&fields[6]=visao_geral&fields[7]=videos&fields[8]=Fabricante&fields[9]=palavras_chave&populate[imagem_principal][fields][0]=url&populate[imagem_principal][fields][1]=alternativeText&populate[imagem_principal][fields][2]=width&populate[imagem_principal][fields][3]=height&populate[galeria_de_imagens][fields][0]=url&populate[galeria_de_imagens][fields][1]=alternativeText&populate[galeria_de_imagens][fields][2]=width&populate[galeria_de_imagens][fields][3]=height&populate[subcategorias][fields][0]=nome&populate[subcategorias][fields][1]=slug&populate[subcategorias][fields][2]=ordem&populate[categorias][fields][0]=nome&populate[categorias][fields][1]=slug&populate[categorias][fields][2]=ordem&populate[relacao_fabricante][populate]=%2A&populate[documentos][fields][0]=url&populate[documentos][fields][1]=name&populate[documentos][fields][2]=ext&populate[documentos][fields][3]=size&populate[especificacoes_por_categoria][populate]=%2A
Ô£à Produto renderizado com sucesso: reglete
Ô£à Produto renderizado com sucesso: reglete
­ƒôª Renderizando p├ígina de produto: puma-7
­ƒöî Fetching API: https://innovative-friendship-159ff40007.strapiapp.com/api/categorias?sort=nome:asc&fields[0]=nome&fields[1]=slug&fields[2]=ordem&populate[subcategorias][fields][0]=nome&populate[subcategorias][fields][1]=slug&populate[subcategorias][fields][2]=ordem&pagination[limit]=100
­ƒöî Fetching API: https://innovative-friendship-159ff40007.strapiapp.com/api/produtos?filters[slug][$eq]=puma-7&fields[0]=nome&fields[1]=slug&fields[2]=descricao_curta&fields[3]=descricao_longa&fields[4]=caracteristicas_funcionais&fields[5]=caracteristicas_tecnicas&fields[6]=visao_geral&fields[7]=videos&fields[8]=Fabricante&fields[9]=palavras_chave&populate[imagem_principal][fields][0]=url&populate[imagem_principal][fields][1]=alternativeText&populate[imagem_principal][fields][2]=width&populate[imagem_principal][fields][3]=height&populate[galeria_de_imagens][fields][0]=url&populate[galeria_de_imagens][fields][1]=alternativeText&populate[galeria_de_imagens][fields][2]=width&populate[galeria_de_imagens][fields][3]=height&populate[subcategorias][fields][0]=nome&populate[subcategorias][fields][1]=slug&populate[subcategorias][fields][2]=ordem&populate[categorias][fields][0]=nome&populate[categorias][fields][1]=slug&populate[categorias][fields][2]=ordem&populate[relacao_fabricante][populate]=%2A&populate[documentos][fields][0]=url&populate[documentos][fields][1]=name&populate[documentos][fields][2]=ext&populate[documentos][fields][3]=size&populate[especificacoes_por_categoria][populate]=%2A
­ƒöî Fetching API: https://innovative-friendship-159ff40007.strapiapp.com/api/produtos?filters[slug][$eq]=puma-7&fields[0]=nome&fields[1]=slug&fields[2]=descricao_curta&fields[3]=descricao_longa&fields[4]=caracteristicas_funcionais&fields[5]=caracteristicas_tecnicas&fields[6]=visao_geral&fields[7]=videos&fields[8]=Fabricante&fields[9]=palavras_chave&populate[imagem_principal][fields][0]=url&populate[imagem_principal][fields][1]=alternativeText&populate[imagem_principal][fields][2]=width&populate[imagem_principal][fields][3]=height&populate[galeria_de_imagens][fields][0]=url&populate[galeria_de_imagens][fields][1]=alternativeText&populate[galeria_de_imagens][fields][2]=width&populate[galeria_de_imagens][fields][3]=height&populate[subcategorias][fields][0]=nome&populate[subcategorias][fields][1]=slug&populate[subcategorias][fields][2]=ordem&populate[categorias][fields][0]=nome&populate[categorias][fields][1]=slug&populate[categorias][fields][2]=ordem&populate[relacao_fabricante][populate]=%2A&populate[documentos][fields][0]=url&populate[documentos][fields][1]=name&populate[documentos][fields][2]=ext&populate[documentos][fields][3]=size&populate[especificacoes_por_categoria][populate]=%2A
­ƒôª Renderizando p├ígina de produto: puma-7
­ƒöî Fetching API: https://innovative-friendship-159ff40007.strapiapp.com/api/categorias?sort=nome:asc&fields[0]=nome&fields[1]=slug&fields[2]=ordem&populate[subcategorias][fields][0]=nome&populate[subcategorias][fields][1]=slug&populate[subcategorias][fields][2]=ordem&pagination[limit]=100
­ƒöî Fetching API: https://innovative-friendship-159ff40007.strapiapp.com/api/produtos?filters[slug][$eq]=puma-7&fields[0]=nome&fields[1]=slug&fields[2]=descricao_curta&fields[3]=descricao_longa&fields[4]=caracteristicas_funcionais&fields[5]=caracteristicas_tecnicas&fields[6]=visao_geral&fields[7]=videos&fields[8]=Fabricante&fields[9]=palavras_chave&populate[imagem_principal][fields][0]=url&populate[imagem_principal][fields][1]=alternativeText&populate[imagem_principal][fields][2]=width&populate[imagem_principal][fields][3]=height&populate[galeria_de_imagens][fields][0]=url&populate[galeria_de_imagens][fields][1]=alternativeText&populate[galeria_de_imagens][fields][2]=width&populate[galeria_de_imagens][fields][3]=height&populate[subcategorias][fields][0]=nome&populate[subcategorias][fields][1]=slug&populate[subcategorias][fields][2]=ordem&populate[categorias][fields][0]=nome&populate[categorias][fields][1]=slug&populate[categorias][fields][2]=ordem&populate[relacao_fabricante][populate]=%2A&populate[documentos][fields][0]=url&populate[documentos][fields][1]=name&populate[documentos][fields][2]=ext&populate[documentos][fields][3]=size&populate[especificacoes_por_categoria][populate]=%2A
­ƒöî Fetching API: https://innovative-friendship-159ff40007.strapiapp.com/api/produtos?filters[slug][$eq]=puma-7&fields[0]=nome&fields[1]=slug&fields[2]=descricao_curta&fields[3]=descricao_longa&fields[4]=caracteristicas_funcionais&fields[5]=caracteristicas_tecnicas&fields[6]=visao_geral&fields[7]=videos&fields[8]=Fabricante&fields[9]=palavras_chave&populate[imagem_principal][fields][0]=url&populate[imagem_principal][fields][1]=alternativeText&populate[imagem_principal][fields][2]=width&populate[imagem_principal][fields][3]=height&populate[galeria_de_imagens][fields][0]=url&populate[galeria_de_imagens][fields][1]=alternativeText&populate[galeria_de_imagens][fields][2]=width&populate[galeria_de_imagens][fields][3]=height&populate[subcategorias][fields][0]=nome&populate[subcategorias][fields][1]=slug&populate[subcategorias][fields][2]=ordem&populate[categorias][fields][0]=nome&populate[categorias][fields][1]=slug&populate[categorias][fields][2]=ordem&populate[relacao_fabricante][populate]=%2A&populate[documentos][fields][0]=url&populate[documentos][fields][1]=name&populate[documentos][fields][2]=ext&populate[documentos][fields][3]=size&populate[especificacoes_por_categoria][populate]=%2A
Ô£à Produto renderizado com sucesso: puma-7
Ô£à Produto renderizado com sucesso: puma-7
[ProductDetail] Group: "Impress├úo" (Match: true), IsIndex: false (Identity Check: PUMA 7)
[ProductDetail] Group: "Tamanho da Placa de Impress├úo" (Match: true), IsIndex: false (Identity Check: PUMA 7)
[ProductDetail] Group: "Placa de Impress├úo" (Match: true), IsIndex: false (Identity Check: PUMA 7)
[ProductDetail] Group: "Conectividade" (Match: false), IsIndex: false (Identity Check: PUMA 7)
[ProductDetail] Group: "El├®trica" (Match: false), IsIndex: false (Identity Check: PUMA 7)
[ProductDetail] Group: "Peso" (Match: false), IsIndex: false (Identity Check: PUMA 7)
­ƒôª Renderizando p├ígina de produto: focus-80-blue
­ƒöî Fetching API: https://innovative-friendship-159ff40007.strapiapp.com/api/categorias?sort=nome:asc&fields[0]=nome&fields[1]=slug&fields[2]=ordem&populate[subcategorias][fields][0]=nome&populate[subcategorias][fields][1]=slug&populate[subcategorias][fields][2]=ordem&pagination[limit]=100
­ƒöî Fetching API: https://innovative-friendship-159ff40007.strapiapp.com/api/produtos?filters[slug][$eq]=focus-80-blue&fields[0]=nome&fields[1]=slug&fields[2]=descricao_curta&fields[3]=descricao_longa&fields[4]=caracteristicas_funcionais&fields[5]=caracteristicas_tecnicas&fields[6]=visao_geral&fields[7]=videos&fields[8]=Fabricante&fields[9]=palavras_chave&populate[imagem_principal][fields][0]=url&populate[imagem_principal][fields][1]=alternativeText&populate[imagem_principal][fields][2]=width&populate[imagem_principal][fields][3]=height&populate[galeria_de_imagens][fields][0]=url&populate[galeria_de_imagens][fields][1]=alternativeText&populate[galeria_de_imagens][fields][2]=width&populate[galeria_de_imagens][fields][3]=height&populate[subcategorias][fields][0]=nome&populate[subcategorias][fields][1]=slug&populate[subcategorias][fields][2]=ordem&populate[categorias][fields][0]=nome&populate[categorias][fields][1]=slug&populate[categorias][fields][2]=ordem&populate[relacao_fabricante][populate]=%2A&populate[documentos][fields][0]=url&populate[documentos][fields][1]=name&populate[documentos][fields][2]=ext&populate[documentos][fields][3]=size&populate[especificacoes_por_categoria][populate]=%2A
­ƒöî Fetching API: https://innovative-friendship-159ff40007.strapiapp.com/api/produtos?filters[slug][$eq]=focus-80-blue&fields[0]=nome&fields[1]=slug&fields[2]=descricao_curta&fields[3]=descricao_longa&fields[4]=caracteristicas_funcionais&fields[5]=caracteristicas_tecnicas&fields[6]=visao_geral&fields[7]=videos&fields[8]=Fabricante&fields[9]=palavras_chave&populate[imagem_principal][fields][0]=url&populate[imagem_principal][fields][1]=alternativeText&populate[imagem_principal][fields][2]=width&populate[imagem_principal][fields][3]=height&populate[galeria_de_imagens][fields][0]=url&populate[galeria_de_imagens][fields][1]=alternativeText&populate[galeria_de_imagens][fields][2]=width&populate[galeria_de_imagens][fields][3]=height&populate[subcategorias][fields][0]=nome&populate[subcategorias][fields][1]=slug&populate[subcategorias][fields][2]=ordem&populate[categorias][fields][0]=nome&populate[categorias][fields][1]=slug&populate[categorias][fields][2]=ordem&populate[relacao_fabricante][populate]=%2A&populate[documentos][fields][0]=url&populate[documentos][fields][1]=name&populate[documentos][fields][2]=ext&populate[documentos][fields][3]=size&populate[especificacoes_por_categoria][populate]=%2A
­ƒôª Renderizando p├ígina de produto: focus-80-blue
­ƒöî Fetching API: https://innovative-friendship-159ff40007.strapiapp.com/api/categorias?sort=nome:asc&fields[0]=nome&fields[1]=slug&fields[2]=ordem&populate[subcategorias][fields][0]=nome&populate[subcategorias][fields][1]=slug&populate[subcategorias][fields][2]=ordem&pagination[limit]=100
­ƒöî Fetching API: https://innovative-friendship-159ff40007.strapiapp.com/api/produtos?filters[slug][$eq]=focus-80-blue&fields[0]=nome&fields[1]=slug&fields[2]=descricao_curta&fields[3]=descricao_longa&fields[4]=caracteristicas_funcionais&fields[5]=caracteristicas_tecnicas&fields[6]=visao_geral&fields[7]=videos&fields[8]=Fabricante&fields[9]=palavras_chave&populate[imagem_principal][fields][0]=url&populate[imagem_principal][fields][1]=alternativeText&populate[imagem_principal][fields][2]=width&populate[imagem_principal][fields][3]=height&populate[galeria_de_imagens][fields][0]=url&populate[galeria_de_imagens][fields][1]=alternativeText&populate[galeria_de_imagens][fields][2]=width&populate[galeria_de_imagens][fields][3]=height&populate[subcategorias][fields][0]=nome&populate[subcategorias][fields][1]=slug&populate[subcategorias][fields][2]=ordem&populate[categorias][fields][0]=nome&populate[categorias][fields][1]=slug&populate[categorias][fields][2]=ordem&populate[relacao_fabricante][populate]=%2A&populate[documentos][fields][0]=url&populate[documentos][fields][1]=name&populate[documentos][fields][2]=ext&populate[documentos][fields][3]=size&populate[especificacoes_por_categoria][populate]=%2A
­ƒöî Fetching API: https://innovative-friendship-159ff40007.strapiapp.com/api/produtos?filters[slug][$eq]=focus-80-blue&fields[0]=nome&fields[1]=slug&fields[2]=descricao_curta&fields[3]=descricao_longa&fields[4]=caracteristicas_funcionais&fields[5]=caracteristicas_tecnicas&fields[6]=visao_geral&fields[7]=videos&fields[8]=Fabricante&fields[9]=palavras_chave&populate[imagem_principal][fields][0]=url&populate[imagem_principal][fields][1]=alternativeText&populate[imagem_principal][fields][2]=width&populate[imagem_principal][fields][3]=height&populate[galeria_de_imagens][fields][0]=url&populate[galeria_de_imagens][fields][1]=alternativeText&populate[galeria_de_imagens][fields][2]=width&populate[galeria_de_imagens][fields][3]=height&populate[subcategorias][fields][0]=nome&populate[subcategorias][fields][1]=slug&populate[subcategorias][fields][2]=ordem&populate[categorias][fields][0]=nome&populate[categorias][fields][1]=slug&populate[categorias][fields][2]=ordem&populate[relacao_fabricante][populate]=%2A&populate[documentos][fields][0]=url&populate[documentos][fields][1]=name&populate[documentos][fields][2]=ext&populate[documentos][fields][3]=size&populate[especificacoes_por_categoria][populate]=%2A
Ô£à Produto renderizado com sucesso: focus-80-blue
Ô£à Produto renderizado com sucesso: focus-80-blue
[ProductDetail] Group: "Geral" (Match: false), IsIndex: false (Identity Check: Focus 80 Blue)
[ProductDetail] Group: "Teclas" (Match: false), IsIndex: false (Identity Check: Focus 80 Blue)
[ProductDetail] Group: "Comunica├º├úo" (Match: false), IsIndex: false (Identity Check: Focus 80 Blue)
[ProductDetail] Group: "Dimens├Áes e Peso" (Match: false), IsIndex: false (Identity Check: Focus 80 Blue)
[ProductDetail] Group: "Alimenta├º├úo" (Match: false), IsIndex: false (Identity Check: Focus 80 Blue)
­ƒôª Renderizando p├ígina de produto: jaws
­ƒöî Fetching API: https://innovative-friendship-159ff40007.strapiapp.com/api/categorias?sort=nome:asc&fields[0]=nome&fields[1]=slug&fields[2]=ordem&populate[subcategorias][fields][0]=nome&populate[subcategorias][fields][1]=slug&populate[subcategorias][fields][2]=ordem&pagination[limit]=100
­ƒöî Fetching API: https://innovative-friendship-159ff40007.strapiapp.com/api/produtos?filters[slug][$eq]=jaws&fields[0]=nome&fields[1]=slug&fields[2]=descricao_curta&fields[3]=descricao_longa&fields[4]=caracteristicas_funcionais&fields[5]=caracteristicas_tecnicas&fields[6]=visao_geral&fields[7]=videos&fields[8]=Fabricante&fields[9]=palavras_chave&populate[imagem_principal][fields][0]=url&populate[imagem_principal][fields][1]=alternativeText&populate[imagem_principal][fields][2]=width&populate[imagem_principal][fields][3]=height&populate[galeria_de_imagens][fields][0]=url&populate[galeria_de_imagens][fields][1]=alternativeText&populate[galeria_de_imagens][fields][2]=width&populate[galeria_de_imagens][fields][3]=height&populate[subcategorias][fields][0]=nome&populate[subcategorias][fields][1]=slug&populate[subcategorias][fields][2]=ordem&populate[categorias][fields][0]=nome&populate[categorias][fields][1]=slug&populate[categorias][fields][2]=ordem&populate[relacao_fabricante][populate]=%2A&populate[documentos][fields][0]=url&populate[documentos][fields][1]=name&populate[documentos][fields][2]=ext&populate[documentos][fields][3]=size&populate[especificacoes_por_categoria][populate]=%2A
­ƒöî Fetching API: https://innovative-friendship-159ff40007.strapiapp.com/api/produtos?filters[slug][$eq]=jaws&fields[0]=nome&fields[1]=slug&fields[2]=descricao_curta&fields[3]=descricao_longa&fields[4]=caracteristicas_funcionais&fields[5]=caracteristicas_tecnicas&fields[6]=visao_geral&fields[7]=videos&fields[8]=Fabricante&fields[9]=palavras_chave&populate[imagem_principal][fields][0]=url&populate[imagem_principal][fields][1]=alternativeText&populate[imagem_principal][fields][2]=width&populate[imagem_principal][fields][3]=height&populate[galeria_de_imagens][fields][0]=url&populate[galeria_de_imagens][fields][1]=alternativeText&populate[galeria_de_imagens][fields][2]=width&populate[galeria_de_imagens][fields][3]=height&populate[subcategorias][fields][0]=nome&populate[subcategorias][fields][1]=slug&populate[subcategorias][fields][2]=ordem&populate[categorias][fields][0]=nome&populate[categorias][fields][1]=slug&populate[categorias][fields][2]=ordem&populate[relacao_fabricante][populate]=%2A&populate[documentos][fields][0]=url&populate[documentos][fields][1]=name&populate[documentos][fields][2]=ext&populate[documentos][fields][3]=size&populate[especificacoes_por_categoria][populate]=%2A
­ƒôª Renderizando p├ígina de produto: jaws
­ƒöî Fetching API: https://innovative-friendship-159ff40007.strapiapp.com/api/categorias?sort=nome:asc&fields[0]=nome&fields[1]=slug&fields[2]=ordem&populate[subcategorias][fields][0]=nome&populate[subcategorias][fields][1]=slug&populate[subcategorias][fields][2]=ordem&pagination[limit]=100
­ƒöî Fetching API: https://innovative-friendship-159ff40007.strapiapp.com/api/produtos?filters[slug][$eq]=jaws&fields[0]=nome&fields[1]=slug&fields[2]=descricao_curta&fields[3]=descricao_longa&fields[4]=caracteristicas_funcionais&fields[5]=caracteristicas_tecnicas&fields[6]=visao_geral&fields[7]=videos&fields[8]=Fabricante&fields[9]=palavras_chave&populate[imagem_principal][fields][0]=url&populate[imagem_principal][fields][1]=alternativeText&populate[imagem_principal][fields][2]=width&populate[imagem_principal][fields][3]=height&populate[galeria_de_imagens][fields][0]=url&populate[galeria_de_imagens][fields][1]=alternativeText&populate[galeria_de_imagens][fields][2]=width&populate[galeria_de_imagens][fields][3]=height&populate[subcategorias][fields][0]=nome&populate[subcategorias][fields][1]=slug&populate[subcategorias][fields][2]=ordem&populate[categorias][fields][0]=nome&populate[categorias][fields][1]=slug&populate[categorias][fields][2]=ordem&populate[relacao_fabricante][populate]=%2A&populate[documentos][fields][0]=url&populate[documentos][fields][1]=name&populate[documentos][fields][2]=ext&populate[documentos][fields][3]=size&populate[especificacoes_por_categoria][populate]=%2A
­ƒöî Fetching API: https://innovative-friendship-159ff40007.strapiapp.com/api/produtos?filters[slug][$eq]=jaws&fields[0]=nome&fields[1]=slug&fields[2]=descricao_curta&fields[3]=descricao_longa&fields[4]=caracteristicas_funcionais&fields[5]=caracteristicas_tecnicas&fields[6]=visao_geral&fields[7]=videos&fields[8]=Fabricante&fields[9]=palavras_chave&populate[imagem_principal][fields][0]=url&populate[imagem_principal][fields][1]=alternativeText&populate[imagem_principal][fields][2]=width&populate[imagem_principal][fields][3]=height&populate[galeria_de_imagens][fields][0]=url&populate[galeria_de_imagens][fields][1]=alternativeText&populate[galeria_de_imagens][fields][2]=width&populate[galeria_de_imagens][fields][3]=height&populate[subcategorias][fields][0]=nome&populate[subcategorias][fields][1]=slug&populate[subcategorias][fields][2]=ordem&populate[categorias][fields][0]=nome&populate[categorias][fields][1]=slug&populate[categorias][fields][2]=ordem&populate[relacao_fabricante][populate]=%2A&populate[documentos][fields][0]=url&populate[documentos][fields][1]=name&populate[documentos][fields][2]=ext&populate[documentos][fields][3]=size&populate[especificacoes_por_categoria][populate]=%2A
Ô£à Produto renderizado com sucesso: jaws
Ô£à Produto renderizado com sucesso: jaws
[ProductDetail] Group: "Compatibilidade" (Match: false), IsIndex: false (Identity Check: Jaws)
­ƒôª Renderizando p├ígina de produto: nsf-excel
­ƒöî Fetching API: https://innovative-friendship-159ff40007.strapiapp.com/api/categorias?sort=nome:asc&fields[0]=nome&fields[1]=slug&fields[2]=ordem&populate[subcategorias][fields][0]=nome&populate[subcategorias][fields][1]=slug&populate[subcategorias][fields][2]=ordem&pagination[limit]=100
­ƒöî Fetching API: https://innovative-friendship-159ff40007.strapiapp.com/api/produtos?filters[slug][$eq]=nsf-excel&fields[0]=nome&fields[1]=slug&fields[2]=descricao_curta&fields[3]=descricao_longa&fields[4]=caracteristicas_funcionais&fields[5]=caracteristicas_tecnicas&fields[6]=visao_geral&fields[7]=videos&fields[8]=Fabricante&fields[9]=palavras_chave&populate[imagem_principal][fields][0]=url&populate[imagem_principal][fields][1]=alternativeText&populate[imagem_principal][fields][2]=width&populate[imagem_principal][fields][3]=height&populate[galeria_de_imagens][fields][0]=url&populate[galeria_de_imagens][fields][1]=alternativeText&populate[galeria_de_imagens][fields][2]=width&populate[galeria_de_imagens][fields][3]=height&populate[subcategorias][fields][0]=nome&populate[subcategorias][fields][1]=slug&populate[subcategorias][fields][2]=ordem&populate[categorias][fields][0]=nome&populate[categorias][fields][1]=slug&populate[categorias][fields][2]=ordem&populate[relacao_fabricante][populate]=%2A&populate[documentos][fields][0]=url&populate[documentos][fields][1]=name&populate[documentos][fields][2]=ext&populate[documentos][fields][3]=size&populate[especificacoes_por_categoria][populate]=%2A
­ƒöî Fetching API: https://innovative-friendship-159ff40007.strapiapp.com/api/produtos?filters[slug][$eq]=nsf-excel&fields[0]=nome&fields[1]=slug&fields[2]=descricao_curta&fields[3]=descricao_longa&fields[4]=caracteristicas_funcionais&fields[5]=caracteristicas_tecnicas&fields[6]=visao_geral&fields[7]=videos&fields[8]=Fabricante&fields[9]=palavras_chave&populate[imagem_principal][fields][0]=url&populate[imagem_principal][fields][1]=alternativeText&populate[imagem_principal][fields][2]=width&populate[imagem_principal][fields][3]=height&populate[galeria_de_imagens][fields][0]=url&populate[galeria_de_imagens][fields][1]=alternativeText&populate[galeria_de_imagens][fields][2]=width&populate[galeria_de_imagens][fields][3]=height&populate[subcategorias][fields][0]=nome&populate[subcategorias][fields][1]=slug&populate[subcategorias][fields][2]=ordem&populate[categorias][fields][0]=nome&populate[categorias][fields][1]=slug&populate[categorias][fields][2]=ordem&populate[relacao_fabricante][populate]=%2A&populate[documentos][fields][0]=url&populate[documentos][fields][1]=name&populate[documentos][fields][2]=ext&populate[documentos][fields][3]=size&populate[especificacoes_por_categoria][populate]=%2A
­ƒôª Renderizando p├ígina de produto: nsf-excel
­ƒöî Fetching API: https://innovative-friendship-159ff40007.strapiapp.com/api/categorias?sort=nome:asc&fields[0]=nome&fields[1]=slug&fields[2]=ordem&populate[subcategorias][fields][0]=nome&populate[subcategorias][fields][1]=slug&populate[subcategorias][fields][2]=ordem&pagination[limit]=100
­ƒöî Fetching API: https://innovative-friendship-159ff40007.strapiapp.com/api/produtos?filters[slug][$eq]=nsf-excel&fields[0]=nome&fields[1]=slug&fields[2]=descricao_curta&fields[3]=descricao_longa&fields[4]=caracteristicas_funcionais&fields[5]=caracteristicas_tecnicas&fields[6]=visao_geral&fields[7]=videos&fields[8]=Fabricante&fields[9]=palavras_chave&populate[imagem_principal][fields][0]=url&populate[imagem_principal][fields][1]=alternativeText&populate[imagem_principal][fields][2]=width&populate[imagem_principal][fields][3]=height&populate[galeria_de_imagens][fields][0]=url&populate[galeria_de_imagens][fields][1]=alternativeText&populate[galeria_de_imagens][fields][2]=width&populate[galeria_de_imagens][fields][3]=height&populate[subcategorias][fields][0]=nome&populate[subcategorias][fields][1]=slug&populate[subcategorias][fields][2]=ordem&populate[categorias][fields][0]=nome&populate[categorias][fields][1]=slug&populate[categorias][fields][2]=ordem&populate[relacao_fabricante][populate]=%2A&populate[documentos][fields][0]=url&populate[documentos][fields][1]=name&populate[documentos][fields][2]=ext&populate[documentos][fields][3]=size&populate[especificacoes_por_categoria][populate]=%2A
­ƒöî Fetching API: https://innovative-friendship-159ff40007.strapiapp.com/api/produtos?filters[slug][$eq]=nsf-excel&fields[0]=nome&fields[1]=slug&fields[2]=descricao_curta&fields[3]=descricao_longa&fields[4]=caracteristicas_funcionais&fields[5]=caracteristicas_tecnicas&fields[6]=visao_geral&fields[7]=videos&fields[8]=Fabricante&fields[9]=palavras_chave&populate[imagem_principal][fields][0]=url&populate[imagem_principal][fields][1]=alternativeText&populate[imagem_principal][fields][2]=width&populate[imagem_principal][fields][3]=height&populate[galeria_de_imagens][fields][0]=url&populate[galeria_de_imagens][fields][1]=alternativeText&populate[galeria_de_imagens][fields][2]=width&populate[galeria_de_imagens][fields][3]=height&populate[subcategorias][fields][0]=nome&populate[subcategorias][fields][1]=slug&populate[subcategorias][fields][2]=ordem&populate[categorias][fields][0]=nome&populate[categorias][fields][1]=slug&populate[categorias][fields][2]=ordem&populate[relacao_fabricante][populate]=%2A&populate[documentos][fields][0]=url&populate[documentos][fields][1]=name&populate[documentos][fields][2]=ext&populate[documentos][fields][3]=size&populate[especificacoes_por_categoria][populate]=%2A
Ô£à Produto renderizado com sucesso: nsf-excel
Ô£à Produto renderizado com sucesso: nsf-excel
­ƒöî Fetching API: https://innovative-friendship-159ff40007.strapiapp.com/api/categorias?sort=nome:asc&fields[0]=nome&fields[1]=slug&fields[2]=ordem&populate[subcategorias][fields][0]=nome&populate[subcategorias][fields][1]=slug&populate[subcategorias][fields][2]=ordem&pagination[limit]=100
­ƒöî Fetching API: https://innovative-friendship-159ff40007.strapiapp.com/api/categorias?sort=nome:asc&fields[0]=nome&fields[1]=slug&fields[2]=ordem&populate[subcategorias][fields][0]=nome&populate[subcategorias][fields][1]=slug&populate[subcategorias][fields][2]=ordem&pagination[limit]=100
­ƒôä Renderizando p├ígina de imers├úo: rubyxl
­ƒöî Fetching API: https://innovative-friendship-159ff40007.strapiapp.com/api/categorias?sort=nome:asc&fields[0]=nome&fields[1]=slug&fields[2]=ordem&populate[subcategorias][fields][0]=nome&populate[subcategorias][fields][1]=slug&populate[subcategorias][fields][2]=ordem&pagination[limit]=100
­ƒôä Renderizando p├ígina de imers├úo: rubyxl
­ƒöî Fetching API: https://innovative-friendship-159ff40007.strapiapp.com/api/categorias?sort=nome:asc&fields[0]=nome&fields[1]=slug&fields[2]=ordem&populate[subcategorias][fields][0]=nome&populate[subcategorias][fields][1]=slug&populate[subcategorias][fields][2]=ordem&pagination[limit]=100
Ô£à Imers├úo renderizada com sucesso: rubyxl
Ô£à Imers├úo renderizada com sucesso: rubyxl
­ƒöî Fetching API: https://innovative-friendship-159ff40007.strapiapp.com/api/categorias?sort=nome:asc&fields[0]=nome&fields[1]=slug&fields[2]=ordem&populate[subcategorias][fields][0]=nome&populate[subcategorias][fields][1]=slug&populate[subcategorias][fields][2]=ordem&pagination[limit]=100
­ƒöî Fetching API: https://innovative-friendship-159ff40007.strapiapp.com/api/produtos?populate[0]=documentos&populate[1]=categorias&populate[2]=subcategorias&pagination[limit]=1000&sort=ordem:asc
­ƒöî Fetching API: https://innovative-friendship-159ff40007.strapiapp.com/api/softwares?fields%5B0%5D=nome&fields%5B1%5D=tipo&fields%5B2%5D=ordem&populate%5Binstaladores%5D=*&pagination%5Blimit%5D=1000&populate=produto
­ƒöî Fetching API: https://innovative-friendship-159ff40007.strapiapp.com/api/categorias?sort=nome:asc&fields[0]=nome&fields[1]=slug&fields[2]=ordem&populate[subcategorias][fields][0]=nome&populate[subcategorias][fields][1]=slug&populate[subcategorias][fields][2]=ordem&pagination[limit]=100
­ƒöî Fetching API: https://innovative-friendship-159ff40007.strapiapp.com/api/categorias?sort=nome:asc&fields[0]=nome&fields[1]=slug&fields[2]=ordem&populate[subcategorias][fields][0]=nome&populate[subcategorias][fields][1]=slug&populate[subcategorias][fields][2]=ordem&pagination[limit]=100
­ƒöî Fetching API: https://innovative-friendship-159ff40007.strapiapp.com/api/produtos?populate[0]=documentos&populate[1]=categorias&populate[2]=subcategorias&pagination[limit]=1000&sort=ordem:asc
­ƒöî Fetching API: https://innovative-friendship-159ff40007.strapiapp.com/api/softwares?fields%5B0%5D=nome&fields%5B1%5D=tipo&fields%5B2%5D=ordem&populate%5Binstaladores%5D=*&pagination%5Blimit%5D=1000&populate=produto
­ƒöî Fetching API: https://innovative-friendship-159ff40007.strapiapp.com/api/categorias?sort=nome:asc&fields[0]=nome&fields[1]=slug&fields[2]=ordem&populate[subcategorias][fields][0]=nome&populate[subcategorias][fields][1]=slug&populate[subcategorias][fields][2]=ordem&pagination[limit]=100
=== SUPORTE PAGE DEBUG ===
Total de produtos com documentos: 41
Primeiro produto: {
  "id": 415,
  "attributes": {
    "documentId": "jwnez29nr7lyi0bmdesw4cpl",
    "nome": "Liber 2026.AI",
    "slug": "liber",
    "destaque": true,
    "descricao_curta": "Computador braille",
    "descricao_longa": [
      {
        "type": "paragraph",
        "children": [
          {
            "text": "Com Patente Brasileira, o Liber Braille 2026.AI ├® o mais completo computador braille acess├¡vel integrando linha braille de 40 caracteres e teclado braille de 8 pontos e 1TB de mem├│ria.",
            "type": "text"
          }
        ]
      },
      {
        "type": "paragraph",
        "children": [
          {
            "text": "Crie seus arquivos, digitalize textos impressos, compartilhe email, ou├ºa os seus livros preferidos, viaje pela internet, tudo atrav├®s de um dispositivo com retorno em ├íudio, braille, vibra├º├úo, e texto ampliado.",
            "type": "text"
          }
        ]
      },
      {
        "type": "paragraph",
        "children": [
          {
            "text": "O novo Liber Braille 2026.AI inova mais uma vez lendo texto manuscrito, descrevendo imagens e criando um di├ílogo educativo, falando com o Liber ou escrevendo no teclado braille do Liber, sobre tudo o que o aluno precisar de saber com recurso a AI de ├║ltima gera├º├úo.",
            "type": "text"
          }
        ]
      },
      {
        "type": "list",
        "format": "unordered",
        "children": [
          {
            "type": "list-item",
            "children": [
              {
                "text": "Computador braille acess├¡vel Octa-core Kryo 585, com 1 TB de disco e 64GB+8GB de mem├│ria interna;",
                "type": "text"
              }
            ]
          }
        ]
      },
      {
        "type": "list",
        "format": "unordered",
        "children": [
          {
            "type": "list-item",
            "children": [
              {
                "text": "Retorno em braille, ├íudio e/ou ampliado;",
                "type": "text"
              }
            ]
          },
          {
            "type": "list-item",
            "children": [
              {
                "text": "Linha braille de 40 c├®lulas braille;",
                "type": "text"
              }
            ]
          },
          {
            "type": "list-item",
            "children": [
              {
                "text": "Duplo cursor braille (um para suporte braille, outro para suporte ├íudio);",
                "type": "text"
              }
            ]
          },
          {
            "type": "list-item",
            "children": [
              {
                "text": "Teclado braille padr├úo perkins de 8 teclas",
                "type": "text"
              }
            ]
          },
          {
            "type": "list-item",
            "children": [
              {
                "text": "Conex├úo HDMI para um monitor externo para as pessoas com baixa vis├úo acompanharem o texto ampliado e em alto contraste;",
                "type": "text"
              }
            ]
          },
          {
            "type": "list-item",
            "children": [
              {
                "text": "Tela LCD de 4 polegadas para educadores e pais acompanharem a atividade dos alunos;",
                "type": "text"
              }
            ]
          },
          {
            "type": "list-item",
            "children": [
              {
                "text": "Uma c├ómera de 16 MP acoplada no bra├ºo m├│vel permitem a digitaliza├º├úo de documentos impressos e com a ajuda do software OCR o Liber l├¬ o texto digitalizado;",
                "type": "text"
              }
            ]
          },
          {
            "type": "list-item",
            "children": [
              {
                "text": "Fun├º├úo Aprendizado Braille para treinar o conhecimento em braille;",
                "type": "text"
              }
            ]
          },
          {
            "type": "list-item",
            "children": [
              {
                "text": "Gerenciamento de arquivos na mem├│ria interna e nas mem├│rias externas (USB e cart├úo SD);",
                "type": "text"
              }
            ]
          },
          {
            "type": "list-item",
            "children": [
              {
                "text": "Possui calculadora matem├ítica, calculadora cient├¡fica e calculadora estat├¡stica;",
                "type": "text"
              }
            ]
          },
          {
            "type": "list-item",
            "children": [
              {
                "text": "Leia livros digitais em formato Daisy, ePub; Reproduza ├íudio em MP3, WAV e OGG;",
                "type": "text"
              }
            ]
          },
          {
            "type": "list-item",
            "children": [
              {
                "text": "Grave ├íudio de aulas ou conversas;",
                "type": "text"
              }
            ]
          },
          {
            "type": "list-item",
            "children": [
              {
                "text": "Acesse aos seus e-mails;",
                "type": "text"
              }
            ]
          },
          {
            "type": "list-item",
            "children": [
              {
                "text": "Navegue na internet;",
                "type": "text"
              }
            ]
          },
          {
            "type": "list-item",
            "children": [
              {
                "text": "Diferentes formas de personaliza├º├úo do Liber para diferentes modos de utiliza├º├úo do usu├írio (iniciante e avan├ºado);",
                "type": "text"
              }
            ]
          },
          {
            "type": "list-item",
            "children": [
              {
                "text": "Gerenciamento de arquivos nas extens├Áes PDF, TXT, BRL, BRF, ZIP, ZBK.",
                "type": "text"
              }
            ]
          }
        ]
      }
    ],
    "visao_geral": [
      {
        "type": "heading",
        "level": 5,
        "children": [
          {
            "text": "Liber Braille 2026.AI",
            "type": "text"
          }
        ]
      },
      {
        "type": "paragraph",
        "children": [
          {
            "text": "O novo produto da Tecassistiva alia o melhor da tecnologia acess├¡vel e do design para transformar a vida da pessoa com defici├¬ncia visual. 16 inovadoras fun├º├Áes em apenas um dispositivo, port├ítil e acess├¡vel para pessoas cegas, com baixa vis├úo e para quem enxerga. Ideal para o aluno cego e o professor trabalhar em sala de aula; ideal para o bibliotec├írio e o usu├írio com baixa vis├úo; ideal para o filho com defici├¬ncia visual e os pais.",
            "type": "text"
          }
        ]
      },
      {
        "type": "paragraph",
        "children": [
          {
            "text": "Criado pela Tecassistiva, o Liber foi desenvolvido para suprir as dificuldades educacionais enfrentadas pelas pessoas cegas e com baixa vis├úo, desde o ensino fundamental at├® a p├│s-gradua├º├úo, da inf├óncia at├® a vida adulta e do lazer ao trabalho.",
            "type": "text"
          }
        ]
      },
      {
        "type": "paragraph",
        "children": [
          {
            "text": "Projeto, design, patente e assist├¬ncia t├®cnica 100% verde e amarelo!",
            "type": "text"
          }
        ]
      },
      {
        "type": "heading",
        "level": 5,
        "children": [
          {
            "bold": true,
            "text": "Aplicativos Indispens├íveis",
            "type": "text"
          }
        ]
      },
      {
        "type": "paragraph",
        "children": [
          {
            "text": "O Liber possui 16 funcionalidades: ",
            "type": "text"
          }
        ]
      },
      {
        "type": "list",
        "format": "unordered",
        "children": [
          {
            "type": "list-item",
            "children": [
              {
                "text": "Digitalizar texto;",
                "type": "text"
              }
            ]
          },
          {
            "type": "list-item",
            "children": [
              {
                "text": "Editor;",
                "type": "text"
              }
            ]
          },
          {
            "type": "list-item",
            "children": [
              {
                "text": "Meus arquivos;",
                "type": "text"
              }
            ]
          },
          {
            "type": "list-item",
            "children": [
              {
                "text": "Calculadora;",
                "type": "text"
              }
            ]
          },
          {
            "type": "list-item",
            "children": [
              {
                "text": "Ampliar imagem;",
                "type": "text"
              }
            ]
          },
          {
            "type": "list-item",
            "children": [
              {
                "text": "├üudio;",
                "type": "text"
              }
            ]
          },
          {
            "type": "list-item",
            "children": [
              {
                "text": "Gravador;",
                "type": "text"
              }
            ]
          },
          {
            "type": "list-item",
            "children": [
              {
                "text": "Aprender Braille;",
                "type": "text"
              }
            ]
          },
          {
            "type": "list-item",
            "children": [
              {
                "text": "Contatos;",
                "type": "text"
              }
            ]
          },
          {
            "type": "list-item",
            "children": [
              {
                "text": "E-mail;",
                "type": "text"
              }
            ]
          },
          {
            "type": "list-item",
            "children": [
              {
                "text": "Navegador;",
                "type": "text"
              }
            ]
          },
          {
            "type": "list-item",
            "children": [
              {
                "text": "Livros digitais;",
                "type": "text"
              }
            ]
          },
          {
            "type": "list-item",
            "children": [
              {
                "text": "Imprimir em Braille;",
                "type": "text"
              }
            ]
          },
          {
            "type": "list-item",
            "children": [
              {
                "text": "Usando AI;",
                "type": "text"
              }
            ]
          },
          {
            "type": "list-item",
            "children": [
              {
                "text": "Modo Sala de Aula;",
                "type": "text"
              }
            ]
          },
          {
            "type": "list-item",
            "children": [
              {
                "text": "Modo Prova.",
                "type": "text"
              }
            ]
          }
        ]
      },
      {
        "type": "paragraph",
        "children": [
          {
            "text": "",
            "type": "text"
          }
        ]
      }
    ],
    "caracteristicas_funcionais": [
      {
        "type": "heading",
        "level": 5,
        "children": [
          {
            "bold": true,
            "text": "Digitalizar Texto",
            "type": "text"
          }
        ]
      },
      {
        "type": "paragraph",
        "children": [
          {
            "text": "Voc├¬ j├í sabe que o Liber possui o retorno em ├íudio, mas considere Digitalizar Texto uma funcionalidade ├║nica, pois ├® como se um outro equipamento estivesse acoplado no Liber.",
            "type": "text"
          }
        ]
      },
      {
        "type": "paragraph",
        "children": [
          {
            "text": "Pela primeira vez no mercado mundial, um computador braille port├ítil tem a capacidade integrada de digitalizar e ser, tamb├®m, o seu leitor aut├┤nomo!",
            "type": "text"
          }
        ]
      },
      {
        "type": "paragraph",
        "children": [
          {
            "text": "O Liber possui uma c├ómera anexada no bra├ºo articulado que captura e l├¬ textos impressos at├® tamanho A4 em qualquer sentido ou rota├º├úo. Ap├│s o documento ser fotografado pela c├ómera, o Liber digitaliza o documento e atrav├®s do software OCR de alt├¡ssima qualidade que est├í instalado, o texto ├® reconhecido e a leitura come├ºa em poucos segundos. F├ícil assim!",
            "type": "text"
          }
        ]
      },
      {
        "type": "paragraph",
        "children": [
          {
            "text": "Digitalize, ou├ºa com a melhor voz sint├®tica dispon├¡vel e depois salve no seu Liber, em um pendrive para futuras consultas ou partilhe com um amigo.",
            "type": "text"
          }
        ]
      },
      {
        "type": "heading",
        "level": 6,
        "children": [
          {
            "text": "",
            "type": "text"
          }
        ]
      },
      {
        "type": "heading",
        "level": 5,
        "children": [
          {
            "bold": true,
            "text": "Port├ítil e Leve",
            "type": "text"
          }
        ]
      },
      {
        "type": "paragraph",
        "children": [
          {
            "text": "O Liber ├® um potente computador braille leve e port├ítil. Carregue o seu Liber para a escola, faculdade, trabalho ou viagem. Pesa apenas 1,5 kg e ├® menor que um notebook. O Liber ser├í seu companheiro de vida.",
            "type": "text"
          }
        ]
      },
      {
        "type": "paragraph",
        "children": [
          {
            "text": "Com a bolsa de transporte pr├ítica, que n├úo ├® preciso nem tirar para utilizar o seu Liber, apenas abra o compartimento de cima e pronto. O Liber ainda mais seguro.",
            "type": "text"
          }
        ]
      },
      {
        "type": "paragraph",
        "children": [
          {
            "text": "Al├®m disso possui bateria com 8 horas de autonomia .",
            "type": "text"
          }
        ]
      },
      {
        "type": "heading",
        "level": 6,
        "children": [
          {
            "text": "",
            "type": "text"
          }
        ]
      },
      {
        "type": "heading",
        "level": 5,
        "children": [
          {
            "bold": true,
            "text": "Tela LCD",
            "type": "text"
          }
        ]
      },
      {
        "type": "paragraph",
        "children": [
          {
            "text": "Quer acompanhar o que seu aluno est├í fazendo no Liber? Isso ├® poss├¡vel atrav├®s de uma tela LCD de 4\" que permite acompanhar com os olhos a atividade do aluno cego.",
            "type": "text"
          }
        ]
      },
      {
        "type": "paragraph",
        "children": [
          {
            "text": "Estando ele escrevendo ou lendo um texto, navegando pelos menus, utilizando a calculadora ou realizando uma prova em sala de aula, ser├í poss├¡vel acompanhar atrav├®s da tela e at├® inverter a imagem para acompanhamento em sala de aula .",
            "type": "text"
          }
        ]
      },
      {
        "type": "heading",
        "level": 6,
        "children": [
          {
            "text": "",
            "type": "text"
          }
        ]
      },
      {
        "type": "heading",
        "level": 5,
        "children": [
          {
            "bold": true,
            "text": "Acessibilidade em diversas extens├Áes de arquivos",
            "type": "text"
          }
        ]
      },
      {
        "type": "paragraph",
        "children": [
          {
            "text": "O Liber l├¬ arquivos como PDF, TXT, BRL, BRF para garantir a total inclus├úo da pessoa com defici├¬ncia visual em todos os ambientes: no trabalho, na sala de aula, em casa e na biblioteca .",
            "type": "text"
          }
        ]
      },
      {
        "type": "heading",
        "level": 6,
        "children": [
          {
            "text": "",
            "type": "text"
          }
        ]
      },
      {
        "type": "heading",
        "level": 5,
        "children": [
          {
            "bold": true,
            "text": "Ou├ºa livros em formato DAISY, ePub, MP3 e WAV",
            "type": "text"
          }
        ]
      },
      {
        "type": "paragraph",
        "children": [
          {
            "text": "Se voc├¬ curte audiolivros, conecte seus fones de ouvido ou ou├ºa direto nos alto-falantes do Liber. Ele aceita arquivos em ├íudio DAISY e ePub, e n├úo importa se est├úo zipados, pois o Liber consegue abri-los. Al├®m da leitura, voc├¬ poder├í acompanhar com a linha braille o que est├í sendo lido .",
            "type": "text"
          }
        ]
      },
      {
        "type": "heading",
        "level": 6,
        "children": [
          {
            "text": "",
            "type": "text"
          }
        ]
      },
      {
        "type": "heading",
        "level": 5,
        "children": [
          {
            "bold": true,
            "text": "Assistente Pessoal Liber com IA*",
            "type": "text"
          }
        ]
      },
      {
        "type": "paragraph",
        "children": [
          {
            "text": "As novas tecnologias permitem cen├írios impens├íveis h├í alguns anos. Imagine o benef├¡cio para uma pessoa com defici├¬ncia visual e o salto qualitativo de acesso ├á informa├º├úo nos seguintes cen├írios:",
            "type": "text"
          }
        ]
      },
      {
        "type": "list",
        "format": "ordered",
        "children": [
          {
            "type": "list-item",
            "children": [
              {
                "text": "O Liber converte instantaneamente conte├║dos complexos de livros did├íticos em descri├º├Áes acess├¡veis, permitindo que o aluno compreenda desde o contexto de fotografias at├® a leitura de anota├º├Áes manuscritas do professor, provendo ao aluno as ferramentas necess├írias para acompanhar a din├ómica da aula com total liberdade e Equidade de condi├º├Áes;",
                "type": "text"
              }
            ]
          },
          {
            "type": "list-item",
            "children": [
              {
                "text": "Ao colocar um card├ípio por de baixo da c├ómera, o usu├írio pergunta por voz para o assistente Liber: - Que saladas tem? - e o Liber diz: Salada Ceaser, Salada Rom├óntica, Salada Completa. E pergunta novamente: quanto custa a salada Ceaser? - E o Liber responde: Quarenta e nove reais;",
                "type": "text"
              }
            ]
          },
          {
            "type": "list-item",
            "children": [
              {
                "text": "Ou simplesmente pedir um resumo da aula (pr├®-gravada) para o auxiliar no estudo da mat├®ria.",
                "type": "text"
              }
            ]
          }
        ]
      },
      {
        "type": "heading",
        "level": 6,
        "children": [
          {
            "text": "*necessita de wifi",
            "type": "text",
            "italic": true
          }
        ]
      },
      {
        "type": "heading",
        "level": 6,
        "children": [
          {
            "text": "",
            "type": "text"
          }
        ]
      },
      {
        "type": "heading",
        "level": 5,
        "children": [
          {
            "bold": true,
            "text": "Reproduza seus ├íudios em MP3, WAV e OGG",
            "type": "text"
          }
        ]
      },
      {
        "type": "paragraph",
        "children": [
          {
            "text": "Para os amantes de m├║sica e ├íudio, o Liber ├® a escolha perfeita. Seja com pendrive ou diretamente na mem├│ria interna, ele permite a reprodu├º├úo de seus arquivos de ├íudio em formatos MP3, WAV e OGG. Al├®m disso, voc├¬ pode ouvir pelos alto-falantes ou conectar seus fones de ouvido, garantindo uma experi├¬ncia sonora de alta qualidade .",
            "type": "text"
          }
        ]
      },
      {
        "type": "heading",
        "level": 6,
        "children": [
          {
            "text": "",
            "type": "text"
          }
        ]
      },
      {
        "type": "heading",
        "level": 5,
        "children": [
          {
            "bold": true,
            "text": "Gravador",
            "type": "text"
          }
        ]
      },
      {
        "type": "paragraph",
        "children": [
          {
            "text": "Transforme o Liber em um gravador port├ítil conectando um fone de ouvido com microfone. Capture com clareza conversas importantes, aulas e reuni├Áes para reproduzi-las posteriormente com a mesma facilidade e qualidade ou resumir o seu conte├║do com IA .",
            "type": "text"
          }
        ]
      },
      {
        "type": "heading",
        "level": 6,
        "children": [
          {
            "text": "",
            "type": "text"
          }
        ]
      },
      {
        "type": "heading",
        "level": 5,
        "children": [
          {
            "bold": true,
            "text": "Jogos de Aprendizado de Braille",
            "type": "text"
          }
        ]
      },
      {
        "type": "paragraph",
        "children": [
          {
            "text": "Transforme o aprendizado do Braille em uma experi├¬ncia divertida com os jogos do Liber. Escolha entre atividades como:",
            "type": "text"
          }
        ]
      },
      {
        "type": "paragraph",
        "children": [
          {
            "bold": true,
            "text": "Jogo da forca:",
            "type": "text"
          },
          {
            "text": " Adivinhe palavras antes de esgotar suas tentativas.",
            "type": "text"
          }
        ]
      },
      {
        "type": "paragraph",
        "children": [
          {
            "bold": true,
            "text": "Descobrindo capitais:",
            "type": "text"
          },
          {
            "text": " Identifique capitais de pa├¡ses e estados brasileiros.",
            "type": "text"
          }
        ]
      },
      {
        "type": "paragraph",
        "children": [
          {
            "bold": true,
            "text": "Jogo da tabuada:",
            "type": "text"
          },
          {
            "text": " Pratique multiplica├º├úo de forma interativa.",
            "type": "text"
          }
        ]
      },
      {
        "type": "paragraph",
        "children": [
          {
            "bold": true,
            "text": "Descobrindo sons:",
            "type": "text"
          },
          {
            "text": " Relacione sons com suas categorias correspondentes.",
            "type": "text"
          }
        ]
      },
      {
        "type": "paragraph",
        "children": [
          {
            "bold": true,
            "text": "Aprenda pontos Braille:",
            "type": "text"
          },
          {
            "text": " Descubra as letras, n├║meros e s├¡mbolos do Braille.",
            "type": "text"
          }
        ]
      },
      {
        "type": "paragraph",
        "children": [
          {
            "bold": true,
            "text": "Adivinhe a letra:",
            "type": "text"
          },
          {
            "text": " Desafie-se em diferentes n├¡veis para adivinhar caracteres Braille .",
            "type": "text"
          }
        ]
      }
    ],
    "caracteristicas_tecnicas": [
      {
        "type": "paragraph",
        "children": [
          {
            "text": "",
            "type": "text"
          }
        ]
      }
    ],
    "videos": null,
    "createdAt": "2025-10-15T12:36:18.747Z",
    "updatedAt": "2026-04-29T13:21:57.274Z",
    "publishedAt": "2026-04-29T13:21:57.962Z",
    "Fabricante": "Tecassistiva",
    "ordem": 1,
    "palavras_chave": [
      "Liber 2026",
      "Liber AI",
      "Computador Braille",
      "Linha Braille 40 C├®lulas",
      "Teclado Perkins",
      "Intelig├¬ncia Artificial",
      "OCR",
      "Digitaliza├º├úo de Texto",
      "Leitor de Tela",
      "Inclus├úo Escolar",
      "Cegueira",
      "Tecnologia Assistiva",
      "Tecassistiva",
      "Reconhecimento de Imagens"
    ],
    "documentos": [
      {
        "id": 184,
        "documentId": "ikzdv07fk52mdszry8zzv84b",
        "name": "catalogo_liber-2026-ai.pdf",
        "alternativeText": "Cat├ílogo Liber 2026.AI",
        "caption": null,
        "width": null,
        "height": null,
        "formats": null,
        "hash": "catalogo_liber_2026_ai_3e4612abab",
        "ext": ".pdf",
        "mime": "application/pdf",
        "size": 1044.94,
        "url": "https://innovative-friendship-159ff40007.media.strapiapp.com/catalogo_liber_2026_ai_3e4612abab.pdf",
        "previewUrl": null,
        "provider": "strapi-provider-upload-strapi-cloud",
        "provider_metadata": null,
        "createdAt": "2025-12-04T19:12:16.926Z",
        "updatedAt": "2025-12-04T19:12:16.926Z",
        "publishedAt": "2025-12-04T19:12:16.926Z"
      }
    ],
    "categorias": [
      {
        "id": 15,
        "documentId": "xj7zmz66qrjy84hrhm7utot2",
        "nome": "Cegueira",
        "slug": "cegueira",
        "createdAt": "2025-09-22T16:45:36.297Z",
        "updatedAt": "2025-12-01T16:27:58.728Z",
        "publishedAt": "2025-12-01T16:27:58.772Z",
        "ordem": 1
      }
    ],
    "subcategorias": [
      {
        "id": 140,
        "documentId": "mi0p1pi3ynfer6xzcww443fg",
        "nome": "Computador Braille",
        "slug": "computador-braille",
        "createdAt": "2025-10-17T19:17:50.794Z",
        "updatedAt": "2026-02-18T18:46:34.139Z",
        "publishedAt": "2026-02-18T18:46:34.195Z",
        "ordem": 6
      }
    ]
  }
}
Total de categorias: 4
=========================
=== SUPORTE PAGE DEBUG ===
Total de produtos com documentos: 41
Primeiro produto: {
  "id": 415,
  "attributes": {
    "documentId": "jwnez29nr7lyi0bmdesw4cpl",
    "nome": "Liber 2026.AI",
    "slug": "liber",
    "destaque": true,
    "descricao_curta": "Computador braille",
    "descricao_longa": [
      {
        "type": "paragraph",
        "children": [
          {
            "text": "Com Patente Brasileira, o Liber Braille 2026.AI ├® o mais completo computador braille acess├¡vel integrando linha braille de 40 caracteres e teclado braille de 8 pontos e 1TB de mem├│ria.",
            "type": "text"
          }
        ]
      },
      {
        "type": "paragraph",
        "children": [
          {
            "text": "Crie seus arquivos, digitalize textos impressos, compartilhe email, ou├ºa os seus livros preferidos, viaje pela internet, tudo atrav├®s de um dispositivo com retorno em ├íudio, braille, vibra├º├úo, e texto ampliado.",
            "type": "text"
          }
        ]
      },
      {
        "type": "paragraph",
        "children": [
          {
            "text": "O novo Liber Braille 2026.AI inova mais uma vez lendo texto manuscrito, descrevendo imagens e criando um di├ílogo educativo, falando com o Liber ou escrevendo no teclado braille do Liber, sobre tudo o que o aluno precisar de saber com recurso a AI de ├║ltima gera├º├úo.",
            "type": "text"
          }
        ]
      },
      {
        "type": "list",
        "format": "unordered",
        "children": [
          {
            "type": "list-item",
            "children": [
              {
                "text": "Computador braille acess├¡vel Octa-core Kryo 585, com 1 TB de disco e 64GB+8GB de mem├│ria interna;",
                "type": "text"
              }
            ]
          }
        ]
      },
      {
        "type": "list",
        "format": "unordered",
        "children": [
          {
            "type": "list-item",
            "children": [
              {
                "text": "Retorno em braille, ├íudio e/ou ampliado;",
                "type": "text"
              }
            ]
          },
          {
            "type": "list-item",
            "children": [
              {
                "text": "Linha braille de 40 c├®lulas braille;",
                "type": "text"
              }
            ]
          },
          {
            "type": "list-item",
            "children": [
              {
                "text": "Duplo cursor braille (um para suporte braille, outro para suporte ├íudio);",
                "type": "text"
              }
            ]
          },
          {
            "type": "list-item",
            "children": [
              {
                "text": "Teclado braille padr├úo perkins de 8 teclas",
                "type": "text"
              }
            ]
          },
          {
            "type": "list-item",
            "children": [
              {
                "text": "Conex├úo HDMI para um monitor externo para as pessoas com baixa vis├úo acompanharem o texto ampliado e em alto contraste;",
                "type": "text"
              }
            ]
          },
          {
            "type": "list-item",
            "children": [
              {
                "text": "Tela LCD de 4 polegadas para educadores e pais acompanharem a atividade dos alunos;",
                "type": "text"
              }
            ]
          },
          {
            "type": "list-item",
            "children": [
              {
                "text": "Uma c├ómera de 16 MP acoplada no bra├ºo m├│vel permitem a digitaliza├º├úo de documentos impressos e com a ajuda do software OCR o Liber l├¬ o texto digitalizado;",
                "type": "text"
              }
            ]
          },
          {
            "type": "list-item",
            "children": [
              {
                "text": "Fun├º├úo Aprendizado Braille para treinar o conhecimento em braille;",
                "type": "text"
              }
            ]
          },
          {
            "type": "list-item",
            "children": [
              {
                "text": "Gerenciamento de arquivos na mem├│ria interna e nas mem├│rias externas (USB e cart├úo SD);",
                "type": "text"
              }
            ]
          },
          {
            "type": "list-item",
            "children": [
              {
                "text": "Possui calculadora matem├ítica, calculadora cient├¡fica e calculadora estat├¡stica;",
                "type": "text"
              }
            ]
          },
          {
            "type": "list-item",
            "children": [
              {
                "text": "Leia livros digitais em formato Daisy, ePub; Reproduza ├íudio em MP3, WAV e OGG;",
                "type": "text"
              }
            ]
          },
          {
            "type": "list-item",
            "children": [
              {
                "text": "Grave ├íudio de aulas ou conversas;",
                "type": "text"
              }
            ]
          },
          {
            "type": "list-item",
            "children": [
              {
                "text": "Acesse aos seus e-mails;",
                "type": "text"
              }
            ]
          },
          {
            "type": "list-item",
            "children": [
              {
                "text": "Navegue na internet;",
                "type": "text"
              }
            ]
          },
          {
            "type": "list-item",
            "children": [
              {
                "text": "Diferentes formas de personaliza├º├úo do Liber para diferentes modos de utiliza├º├úo do usu├írio (iniciante e avan├ºado);",
                "type": "text"
              }
            ]
          },
          {
            "type": "list-item",
            "children": [
              {
                "text": "Gerenciamento de arquivos nas extens├Áes PDF, TXT, BRL, BRF, ZIP, ZBK.",
                "type": "text"
              }
            ]
          }
        ]
      }
    ],
    "visao_geral": [
      {
        "type": "heading",
        "level": 5,
        "children": [
          {
            "text": "Liber Braille 2026.AI",
            "type": "text"
          }
        ]
      },
      {
        "type": "paragraph",
        "children": [
          {
            "text": "O novo produto da Tecassistiva alia o melhor da tecnologia acess├¡vel e do design para transformar a vida da pessoa com defici├¬ncia visual. 16 inovadoras fun├º├Áes em apenas um dispositivo, port├ítil e acess├¡vel para pessoas cegas, com baixa vis├úo e para quem enxerga. Ideal para o aluno cego e o professor trabalhar em sala de aula; ideal para o bibliotec├írio e o usu├írio com baixa vis├úo; ideal para o filho com defici├¬ncia visual e os pais.",
            "type": "text"
          }
        ]
      },
      {
        "type": "paragraph",
        "children": [
          {
            "text": "Criado pela Tecassistiva, o Liber foi desenvolvido para suprir as dificuldades educacionais enfrentadas pelas pessoas cegas e com baixa vis├úo, desde o ensino fundamental at├® a p├│s-gradua├º├úo, da inf├óncia at├® a vida adulta e do lazer ao trabalho.",
            "type": "text"
          }
        ]
      },
      {
        "type": "paragraph",
        "children": [
          {
            "text": "Projeto, design, patente e assist├¬ncia t├®cnica 100% verde e amarelo!",
            "type": "text"
          }
        ]
      },
      {
        "type": "heading",
        "level": 5,
        "children": [
          {
            "bold": true,
            "text": "Aplicativos Indispens├íveis",
            "type": "text"
          }
        ]
      },
      {
        "type": "paragraph",
        "children": [
          {
            "text": "O Liber possui 16 funcionalidades: ",
            "type": "text"
          }
        ]
      },
      {
        "type": "list",
        "format": "unordered",
        "children": [
          {
            "type": "list-item",
            "children": [
              {
                "text": "Digitalizar texto;",
                "type": "text"
              }
            ]
          },
          {
            "type": "list-item",
            "children": [
              {
                "text": "Editor;",
                "type": "text"
              }
            ]
          },
          {
            "type": "list-item",
            "children": [
              {
                "text": "Meus arquivos;",
                "type": "text"
              }
            ]
          },
          {
            "type": "list-item",
            "children": [
              {
                "text": "Calculadora;",
                "type": "text"
              }
            ]
          },
          {
            "type": "list-item",
            "children": [
              {
                "text": "Ampliar imagem;",
                "type": "text"
              }
            ]
          },
          {
            "type": "list-item",
            "children": [
              {
                "text": "├üudio;",
                "type": "text"
              }
            ]
          },
          {
            "type": "list-item",
            "children": [
              {
                "text": "Gravador;",
                "type": "text"
              }
            ]
          },
          {
            "type": "list-item",
            "children": [
              {
                "text": "Aprender Braille;",
                "type": "text"
              }
            ]
          },
          {
            "type": "list-item",
            "children": [
              {
                "text": "Contatos;",
                "type": "text"
              }
            ]
          },
          {
            "type": "list-item",
            "children": [
              {
                "text": "E-mail;",
                "type": "text"
              }
            ]
          },
          {
            "type": "list-item",
            "children": [
              {
                "text": "Navegador;",
                "type": "text"
              }
            ]
          },
          {
            "type": "list-item",
            "children": [
              {
                "text": "Livros digitais;",
                "type": "text"
              }
            ]
          },
          {
            "type": "list-item",
            "children": [
              {
                "text": "Imprimir em Braille;",
                "type": "text"
              }
            ]
          },
          {
            "type": "list-item",
            "children": [
              {
                "text": "Usando AI;",
                "type": "text"
              }
            ]
          },
          {
            "type": "list-item",
            "children": [
              {
                "text": "Modo Sala de Aula;",
                "type": "text"
              }
            ]
          },
          {
            "type": "list-item",
            "children": [
              {
                "text": "Modo Prova.",
                "type": "text"
              }
            ]
          }
        ]
      },
      {
        "type": "paragraph",
        "children": [
          {
            "text": "",
            "type": "text"
          }
        ]
      }
    ],
    "caracteristicas_funcionais": [
      {
        "type": "heading",
        "level": 5,
        "children": [
          {
            "bold": true,
            "text": "Digitalizar Texto",
            "type": "text"
          }
        ]
      },
      {
        "type": "paragraph",
        "children": [
          {
            "text": "Voc├¬ j├í sabe que o Liber possui o retorno em ├íudio, mas considere Digitalizar Texto uma funcionalidade ├║nica, pois ├® como se um outro equipamento estivesse acoplado no Liber.",
            "type": "text"
          }
        ]
      },
      {
        "type": "paragraph",
        "children": [
          {
            "text": "Pela primeira vez no mercado mundial, um computador braille port├ítil tem a capacidade integrada de digitalizar e ser, tamb├®m, o seu leitor aut├┤nomo!",
            "type": "text"
          }
        ]
      },
      {
        "type": "paragraph",
        "children": [
          {
            "text": "O Liber possui uma c├ómera anexada no bra├ºo articulado que captura e l├¬ textos impressos at├® tamanho A4 em qualquer sentido ou rota├º├úo. Ap├│s o documento ser fotografado pela c├ómera, o Liber digitaliza o documento e atrav├®s do software OCR de alt├¡ssima qualidade que est├í instalado, o texto ├® reconhecido e a leitura come├ºa em poucos segundos. F├ícil assim!",
            "type": "text"
          }
        ]
      },
      {
        "type": "paragraph",
        "children": [
          {
            "text": "Digitalize, ou├ºa com a melhor voz sint├®tica dispon├¡vel e depois salve no seu Liber, em um pendrive para futuras consultas ou partilhe com um amigo.",
            "type": "text"
          }
        ]
      },
      {
        "type": "heading",
        "level": 6,
        "children": [
          {
            "text": "",
            "type": "text"
          }
        ]
      },
      {
        "type": "heading",
        "level": 5,
        "children": [
          {
            "bold": true,
            "text": "Port├ítil e Leve",
            "type": "text"
          }
        ]
      },
      {
        "type": "paragraph",
        "children": [
          {
            "text": "O Liber ├® um potente computador braille leve e port├ítil. Carregue o seu Liber para a escola, faculdade, trabalho ou viagem. Pesa apenas 1,5 kg e ├® menor que um notebook. O Liber ser├í seu companheiro de vida.",
            "type": "text"
          }
        ]
      },
      {
        "type": "paragraph",
        "children": [
          {
            "text": "Com a bolsa de transporte pr├ítica, que n├úo ├® preciso nem tirar para utilizar o seu Liber, apenas abra o compartimento de cima e pronto. O Liber ainda mais seguro.",
            "type": "text"
          }
        ]
      },
      {
        "type": "paragraph",
        "children": [
          {
            "text": "Al├®m disso possui bateria com 8 horas de autonomia .",
            "type": "text"
          }
        ]
      },
      {
        "type": "heading",
        "level": 6,
        "children": [
          {
            "text": "",
            "type": "text"
          }
        ]
      },
      {
        "type": "heading",
        "level": 5,
        "children": [
          {
            "bold": true,
            "text": "Tela LCD",
            "type": "text"
          }
        ]
      },
      {
        "type": "paragraph",
        "children": [
          {
            "text": "Quer acompanhar o que seu aluno est├í fazendo no Liber? Isso ├® poss├¡vel atrav├®s de uma tela LCD de 4\" que permite acompanhar com os olhos a atividade do aluno cego.",
            "type": "text"
          }
        ]
      },
      {
        "type": "paragraph",
        "children": [
          {
            "text": "Estando ele escrevendo ou lendo um texto, navegando pelos menus, utilizando a calculadora ou realizando uma prova em sala de aula, ser├í poss├¡vel acompanhar atrav├®s da tela e at├® inverter a imagem para acompanhamento em sala de aula .",
            "type": "text"
          }
        ]
      },
      {
        "type": "heading",
        "level": 6,
        "children": [
          {
            "text": "",
            "type": "text"
          }
        ]
      },
      {
        "type": "heading",
        "level": 5,
        "children": [
          {
            "bold": true,
            "text": "Acessibilidade em diversas extens├Áes de arquivos",
            "type": "text"
          }
        ]
      },
      {
        "type": "paragraph",
        "children": [
          {
            "text": "O Liber l├¬ arquivos como PDF, TXT, BRL, BRF para garantir a total inclus├úo da pessoa com defici├¬ncia visual em todos os ambientes: no trabalho, na sala de aula, em casa e na biblioteca .",
            "type": "text"
          }
        ]
      },
      {
        "type": "heading",
        "level": 6,
        "children": [
          {
            "text": "",
            "type": "text"
          }
        ]
      },
      {
        "type": "heading",
        "level": 5,
        "children": [
          {
            "bold": true,
            "text": "Ou├ºa livros em formato DAISY, ePub, MP3 e WAV",
            "type": "text"
          }
        ]
      },
      {
        "type": "paragraph",
        "children": [
          {
            "text": "Se voc├¬ curte audiolivros, conecte seus fones de ouvido ou ou├ºa direto nos alto-falantes do Liber. Ele aceita arquivos em ├íudio DAISY e ePub, e n├úo importa se est├úo zipados, pois o Liber consegue abri-los. Al├®m da leitura, voc├¬ poder├í acompanhar com a linha braille o que est├í sendo lido .",
            "type": "text"
          }
        ]
      },
      {
        "type": "heading",
        "level": 6,
        "children": [
          {
            "text": "",
            "type": "text"
          }
        ]
      },
      {
        "type": "heading",
        "level": 5,
        "children": [
          {
            "bold": true,
            "text": "Assistente Pessoal Liber com IA*",
            "type": "text"
          }
        ]
      },
      {
        "type": "paragraph",
        "children": [
          {
            "text": "As novas tecnologias permitem cen├írios impens├íveis h├í alguns anos. Imagine o benef├¡cio para uma pessoa com defici├¬ncia visual e o salto qualitativo de acesso ├á informa├º├úo nos seguintes cen├írios:",
            "type": "text"
          }
        ]
      },
      {
        "type": "list",
        "format": "ordered",
        "children": [
          {
            "type": "list-item",
            "children": [
              {
                "text": "O Liber converte instantaneamente conte├║dos complexos de livros did├íticos em descri├º├Áes acess├¡veis, permitindo que o aluno compreenda desde o contexto de fotografias at├® a leitura de anota├º├Áes manuscritas do professor, provendo ao aluno as ferramentas necess├írias para acompanhar a din├ómica da aula com total liberdade e Equidade de condi├º├Áes;",
                "type": "text"
              }
            ]
          },
          {
            "type": "list-item",
            "children": [
              {
                "text": "Ao colocar um card├ípio por de baixo da c├ómera, o usu├írio pergunta por voz para o assistente Liber: - Que saladas tem? - e o Liber diz: Salada Ceaser, Salada Rom├óntica, Salada Completa. E pergunta novamente: quanto custa a salada Ceaser? - E o Liber responde: Quarenta e nove reais;",
                "type": "text"
              }
            ]
          },
          {
            "type": "list-item",
            "children": [
              {
                "text": "Ou simplesmente pedir um resumo da aula (pr├®-gravada) para o auxiliar no estudo da mat├®ria.",
                "type": "text"
              }
            ]
          }
        ]
      },
      {
        "type": "heading",
        "level": 6,
        "children": [
          {
            "text": "*necessita de wifi",
            "type": "text",
            "italic": true
          }
        ]
      },
      {
        "type": "heading",
        "level": 6,
        "children": [
          {
            "text": "",
            "type": "text"
          }
        ]
      },
      {
        "type": "heading",
        "level": 5,
        "children": [
          {
            "bold": true,
            "text": "Reproduza seus ├íudios em MP3, WAV e OGG",
            "type": "text"
          }
        ]
      },
      {
        "type": "paragraph",
        "children": [
          {
            "text": "Para os amantes de m├║sica e ├íudio, o Liber ├® a escolha perfeita. Seja com pendrive ou diretamente na mem├│ria interna, ele permite a reprodu├º├úo de seus arquivos de ├íudio em formatos MP3, WAV e OGG. Al├®m disso, voc├¬ pode ouvir pelos alto-falantes ou conectar seus fones de ouvido, garantindo uma experi├¬ncia sonora de alta qualidade .",
            "type": "text"
          }
        ]
      },
      {
        "type": "heading",
        "level": 6,
        "children": [
          {
            "text": "",
            "type": "text"
          }
        ]
      },
      {
        "type": "heading",
        "level": 5,
        "children": [
          {
            "bold": true,
            "text": "Gravador",
            "type": "text"
          }
        ]
      },
      {
        "type": "paragraph",
        "children": [
          {
            "text": "Transforme o Liber em um gravador port├ítil conectando um fone de ouvido com microfone. Capture com clareza conversas importantes, aulas e reuni├Áes para reproduzi-las posteriormente com a mesma facilidade e qualidade ou resumir o seu conte├║do com IA .",
            "type": "text"
          }
        ]
      },
      {
        "type": "heading",
        "level": 6,
        "children": [
          {
            "text": "",
            "type": "text"
          }
        ]
      },
      {
        "type": "heading",
        "level": 5,
        "children": [
          {
            "bold": true,
            "text": "Jogos de Aprendizado de Braille",
            "type": "text"
          }
        ]
      },
      {
        "type": "paragraph",
        "children": [
          {
            "text": "Transforme o aprendizado do Braille em uma experi├¬ncia divertida com os jogos do Liber. Escolha entre atividades como:",
            "type": "text"
          }
        ]
      },
      {
        "type": "paragraph",
        "children": [
          {
            "bold": true,
            "text": "Jogo da forca:",
            "type": "text"
          },
          {
            "text": " Adivinhe palavras antes de esgotar suas tentativas.",
            "type": "text"
          }
        ]
      },
      {
        "type": "paragraph",
        "children": [
          {
            "bold": true,
            "text": "Descobrindo capitais:",
            "type": "text"
          },
          {
            "text": " Identifique capitais de pa├¡ses e estados brasileiros.",
            "type": "text"
          }
        ]
      },
      {
        "type": "paragraph",
        "children": [
          {
            "bold": true,
            "text": "Jogo da tabuada:",
            "type": "text"
          },
          {
            "text": " Pratique multiplica├º├úo de forma interativa.",
            "type": "text"
          }
        ]
      },
      {
        "type": "paragraph",
        "children": [
          {
            "bold": true,
            "text": "Descobrindo sons:",
            "type": "text"
          },
          {
            "text": " Relacione sons com suas categorias correspondentes.",
            "type": "text"
          }
        ]
      },
      {
        "type": "paragraph",
        "children": [
          {
            "bold": true,
            "text": "Aprenda pontos Braille:",
            "type": "text"
          },
          {
            "text": " Descubra as letras, n├║meros e s├¡mbolos do Braille.",
            "type": "text"
          }
        ]
      },
      {
        "type": "paragraph",
        "children": [
          {
            "bold": true,
            "text": "Adivinhe a letra:",
            "type": "text"
          },
          {
            "text": " Desafie-se em diferentes n├¡veis para adivinhar caracteres Braille .",
            "type": "text"
          }
        ]
      }
    ],
    "caracteristicas_tecnicas": [
      {
        "type": "paragraph",
        "children": [
          {
            "text": "",
            "type": "text"
          }
        ]
      }
    ],
    "videos": null,
    "createdAt": "2025-10-15T12:36:18.747Z",
    "updatedAt": "2026-04-29T13:21:57.274Z",
    "publishedAt": "2026-04-29T13:21:57.962Z",
    "Fabricante": "Tecassistiva",
    "ordem": 1,
    "palavras_chave": [
      "Liber 2026",
      "Liber AI",
      "Computador Braille",
      "Linha Braille 40 C├®lulas",
      "Teclado Perkins",
      "Intelig├¬ncia Artificial",
      "OCR",
      "Digitaliza├º├úo de Texto",
      "Leitor de Tela",
      "Inclus├úo Escolar",
      "Cegueira",
      "Tecnologia Assistiva",
      "Tecassistiva",
      "Reconhecimento de Imagens"
    ],
    "documentos": [
      {
        "id": 184,
        "documentId": "ikzdv07fk52mdszry8zzv84b",
        "name": "catalogo_liber-2026-ai.pdf",
        "alternativeText": "Cat├ílogo Liber 2026.AI",
        "caption": null,
        "width": null,
        "height": null,
        "formats": null,
        "hash": "catalogo_liber_2026_ai_3e4612abab",
        "ext": ".pdf",
        "mime": "application/pdf",
        "size": 1044.94,
        "url": "https://innovative-friendship-159ff40007.media.strapiapp.com/catalogo_liber_2026_ai_3e4612abab.pdf",
        "previewUrl": null,
        "provider": "strapi-provider-upload-strapi-cloud",
        "provider_metadata": null,
        "createdAt": "2025-12-04T19:12:16.926Z",
        "updatedAt": "2025-12-04T19:12:16.926Z",
        "publishedAt": "2025-12-04T19:12:16.926Z"
      }
    ],
    "categorias": [
      {
        "id": 15,
        "documentId": "xj7zmz66qrjy84hrhm7utot2",
        "nome": "Cegueira",
        "slug": "cegueira",
        "createdAt": "2025-09-22T16:45:36.297Z",
        "updatedAt": "2025-12-01T16:27:58.728Z",
        "publishedAt": "2025-12-01T16:27:58.772Z",
        "ordem": 1
      }
    ],
    "subcategorias": [
      {
        "id": 140,
        "documentId": "mi0p1pi3ynfer6xzcww443fg",
        "nome": "Computador Braille",
        "slug": "computador-braille",
        "createdAt": "2025-10-17T19:17:50.794Z",
        "updatedAt": "2026-02-18T18:46:34.139Z",
        "publishedAt": "2026-02-18T18:46:34.195Z",
        "ordem": 6
      }
    ]
  }
}
Total de categorias: 4
=========================
­ƒöî Fetching API: https://innovative-friendship-159ff40007.strapiapp.com/api/categorias?sort=nome:asc&fields[0]=nome&fields[1]=slug&fields[2]=ordem&populate[subcategorias][fields][0]=nome&populate[subcategorias][fields][1]=slug&populate[subcategorias][fields][2]=ordem&pagination[limit]=100
­ƒöî Fetching API: https://innovative-friendship-159ff40007.strapiapp.com/api/depoimentos
­ƒöî Fetching API: https://innovative-friendship-159ff40007.strapiapp.com/api/categorias?sort=nome:asc&fields[0]=nome&fields[1]=slug&fields[2]=ordem&populate[subcategorias][fields][0]=nome&populate[subcategorias][fields][1]=slug&populate[subcategorias][fields][2]=ordem&pagination[limit]=100
­ƒöî Fetching API: https://innovative-friendship-159ff40007.strapiapp.com/api/depoimentos
­ƒôä Renderizando p├ígina de imers├úo: reglete
­ƒöî Fetching API: https://innovative-friendship-159ff40007.strapiapp.com/api/categorias?sort=nome:asc&fields[0]=nome&fields[1]=slug&fields[2]=ordem&populate[subcategorias][fields][0]=nome&populate[subcategorias][fields][1]=slug&populate[subcategorias][fields][2]=ordem&pagination[limit]=100
­ƒôä Renderizando p├ígina de imers├úo: reglete
­ƒöî Fetching API: https://innovative-friendship-159ff40007.strapiapp.com/api/categorias?sort=nome:asc&fields[0]=nome&fields[1]=slug&fields[2]=ordem&populate[subcategorias][fields][0]=nome&populate[subcategorias][fields][1]=slug&populate[subcategorias][fields][2]=ordem&pagination[limit]=100
Ô£à Imers├úo renderizada com sucesso: reglete
Ô£à Imers├úo renderizada com sucesso: reglete
­ƒôä Renderizando p├ígina de imers├úo: teclado-colmeia
­ƒöî Fetching API: https://innovative-friendship-159ff40007.strapiapp.com/api/categorias?sort=nome:asc&fields[0]=nome&fields[1]=slug&fields[2]=ordem&populate[subcategorias][fields][0]=nome&populate[subcategorias][fields][1]=slug&populate[subcategorias][fields][2]=ordem&pagination[limit]=100
­ƒôä Renderizando p├ígina de imers├úo: teclado-colmeia
­ƒöî Fetching API: https://innovative-friendship-159ff40007.strapiapp.com/api/categorias?sort=nome:asc&fields[0]=nome&fields[1]=slug&fields[2]=ordem&populate[subcategorias][fields][0]=nome&populate[subcategorias][fields][1]=slug&populate[subcategorias][fields][2]=ordem&pagination[limit]=100
Ô£à Imers├úo renderizada com sucesso: teclado-colmeia
Ô£à Imers├úo renderizada com sucesso: teclado-colmeia
­ƒôä Renderizando p├ígina de imers├úo: brincabraille
­ƒöî Fetching API: https://innovative-friendship-159ff40007.strapiapp.com/api/categorias?sort=nome:asc&fields[0]=nome&fields[1]=slug&fields[2]=ordem&populate[subcategorias][fields][0]=nome&populate[subcategorias][fields][1]=slug&populate[subcategorias][fields][2]=ordem&pagination[limit]=100
­ƒôä Renderizando p├ígina de imers├úo: brincabraille
­ƒöî Fetching API: https://innovative-friendship-159ff40007.strapiapp.com/api/categorias?sort=nome:asc&fields[0]=nome&fields[1]=slug&fields[2]=ordem&populate[subcategorias][fields][0]=nome&populate[subcategorias][fields][1]=slug&populate[subcategorias][fields][2]=ordem&pagination[limit]=100
Ô£à Imers├úo renderizada com sucesso: brincabraille
Ô£à Imers├úo renderizada com sucesso: brincabraille
   Generating static pages (76/153) 
­ƒôä Renderizando p├ígina de imers├úo: traveller
­ƒöî Fetching API: https://innovative-friendship-159ff40007.strapiapp.com/api/categorias?sort=nome:asc&fields[0]=nome&fields[1]=slug&fields[2]=ordem&populate[subcategorias][fields][0]=nome&populate[subcategorias][fields][1]=slug&populate[subcategorias][fields][2]=ordem&pagination[limit]=100
­ƒôä Renderizando p├ígina de imers├úo: traveller
­ƒöî Fetching API: https://innovative-friendship-159ff40007.strapiapp.com/api/categorias?sort=nome:asc&fields[0]=nome&fields[1]=slug&fields[2]=ordem&populate[subcategorias][fields][0]=nome&populate[subcategorias][fields][1]=slug&populate[subcategorias][fields][2]=ordem&pagination[limit]=100
Ô£à Imers├úo renderizada com sucesso: traveller
Ô£à Imers├úo renderizada com sucesso: traveller
­ƒôä Renderizando p├ígina de imers├úo: transformer
­ƒöî Fetching API: https://innovative-friendship-159ff40007.strapiapp.com/api/categorias?sort=nome:asc&fields[0]=nome&fields[1]=slug&fields[2]=ordem&populate[subcategorias][fields][0]=nome&populate[subcategorias][fields][1]=slug&populate[subcategorias][fields][2]=ordem&pagination[limit]=100
­ƒôä Renderizando p├ígina de imers├úo: transformer
­ƒöî Fetching API: https://innovative-friendship-159ff40007.strapiapp.com/api/categorias?sort=nome:asc&fields[0]=nome&fields[1]=slug&fields[2]=ordem&populate[subcategorias][fields][0]=nome&populate[subcategorias][fields][1]=slug&populate[subcategorias][fields][2]=ordem&pagination[limit]=100
Ô£à Imers├úo renderizada com sucesso: transformer
Ô£à Imers├úo renderizada com sucesso: transformer
­ƒôä Renderizando p├ígina de imers├úo: tutor
­ƒöî Fetching API: https://innovative-friendship-159ff40007.strapiapp.com/api/categorias?sort=nome:asc&fields[0]=nome&fields[1]=slug&fields[2]=ordem&populate[subcategorias][fields][0]=nome&populate[subcategorias][fields][1]=slug&populate[subcategorias][fields][2]=ordem&pagination[limit]=100
­ƒôä Renderizando p├ígina de imers├úo: tutor
­ƒöî Fetching API: https://innovative-friendship-159ff40007.strapiapp.com/api/categorias?sort=nome:asc&fields[0]=nome&fields[1]=slug&fields[2]=ordem&populate[subcategorias][fields][0]=nome&populate[subcategorias][fields][1]=slug&populate[subcategorias][fields][2]=ordem&pagination[limit]=100
Ô£à Imers├úo renderizada com sucesso: tutor
Ô£à Imers├úo renderizada com sucesso: tutor
­ƒôä Renderizando p├ígina de imers├úo: multiplano
­ƒöî Fetching API: https://innovative-friendship-159ff40007.strapiapp.com/api/categorias?sort=nome:asc&fields[0]=nome&fields[1]=slug&fields[2]=ordem&populate[subcategorias][fields][0]=nome&populate[subcategorias][fields][1]=slug&populate[subcategorias][fields][2]=ordem&pagination[limit]=100
­ƒôä Renderizando p├ígina de imers├úo: multiplano
­ƒöî Fetching API: https://innovative-friendship-159ff40007.strapiapp.com/api/categorias?sort=nome:asc&fields[0]=nome&fields[1]=slug&fields[2]=ordem&populate[subcategorias][fields][0]=nome&populate[subcategorias][fields][1]=slug&populate[subcategorias][fields][2]=ordem&pagination[limit]=100
Ô£à Imers├úo renderizada com sucesso: multiplano
Ô£à Imers├úo renderizada com sucesso: multiplano
­ƒôä Renderizando p├ígina de imers├úo: basic
­ƒöî Fetching API: https://innovative-friendship-159ff40007.strapiapp.com/api/categorias?sort=nome:asc&fields[0]=nome&fields[1]=slug&fields[2]=ordem&populate[subcategorias][fields][0]=nome&populate[subcategorias][fields][1]=slug&populate[subcategorias][fields][2]=ordem&pagination[limit]=100
­ƒôä Renderizando p├ígina de imers├úo: basic
­ƒöî Fetching API: https://innovative-friendship-159ff40007.strapiapp.com/api/categorias?sort=nome:asc&fields[0]=nome&fields[1]=slug&fields[2]=ordem&populate[subcategorias][fields][0]=nome&populate[subcategorias][fields][1]=slug&populate[subcategorias][fields][2]=ordem&pagination[limit]=100
Ô£à Imers├úo renderizada com sucesso: basic
Ô£à Imers├úo renderizada com sucesso: basic
­ƒôä Renderizando p├ígina de imers├úo: ruby7
­ƒöî Fetching API: https://innovative-friendship-159ff40007.strapiapp.com/api/categorias?sort=nome:asc&fields[0]=nome&fields[1]=slug&fields[2]=ordem&populate[subcategorias][fields][0]=nome&populate[subcategorias][fields][1]=slug&populate[subcategorias][fields][2]=ordem&pagination[limit]=100
­ƒôä Renderizando p├ígina de imers├úo: ruby7
­ƒöî Fetching API: https://innovative-friendship-159ff40007.strapiapp.com/api/categorias?sort=nome:asc&fields[0]=nome&fields[1]=slug&fields[2]=ordem&populate[subcategorias][fields][0]=nome&populate[subcategorias][fields][1]=slug&populate[subcategorias][fields][2]=ordem&pagination[limit]=100
­ƒôä Renderizando p├ígina de imers├úo: abafador-index
­ƒöî Fetching API: https://innovative-friendship-159ff40007.strapiapp.com/api/categorias?sort=nome:asc&fields[0]=nome&fields[1]=slug&fields[2]=ordem&populate[subcategorias][fields][0]=nome&populate[subcategorias][fields][1]=slug&populate[subcategorias][fields][2]=ordem&pagination[limit]=100
­ƒôä Renderizando p├ígina de imers├úo: abafador-index
­ƒöî Fetching API: https://innovative-friendship-159ff40007.strapiapp.com/api/categorias?sort=nome:asc&fields[0]=nome&fields[1]=slug&fields[2]=ordem&populate[subcategorias][fields][0]=nome&populate[subcategorias][fields][1]=slug&populate[subcategorias][fields][2]=ordem&pagination[limit]=100
Ô£à Imers├úo renderizada com sucesso: abafador-index
Ô£à Imers├úo renderizada com sucesso: abafador-index
­ƒôä Renderizando p├ígina de imers├úo: everest
­ƒöî Fetching API: https://innovative-friendship-159ff40007.strapiapp.com/api/categorias?sort=nome:asc&fields[0]=nome&fields[1]=slug&fields[2]=ordem&populate[subcategorias][fields][0]=nome&populate[subcategorias][fields][1]=slug&populate[subcategorias][fields][2]=ordem&pagination[limit]=100
­ƒôä Renderizando p├ígina de imers├úo: everest
­ƒöî Fetching API: https://innovative-friendship-159ff40007.strapiapp.com/api/categorias?sort=nome:asc&fields[0]=nome&fields[1]=slug&fields[2]=ordem&populate[subcategorias][fields][0]=nome&populate[subcategorias][fields][1]=slug&populate[subcategorias][fields][2]=ordem&pagination[limit]=100
Ô£à Imers├úo renderizada com sucesso: everest
Ô£à Imers├úo renderizada com sucesso: everest
­ƒôä Renderizando p├ígina de imers├úo: clearreader
­ƒöî Fetching API: https://innovative-friendship-159ff40007.strapiapp.com/api/categorias?sort=nome:asc&fields[0]=nome&fields[1]=slug&fields[2]=ordem&populate[subcategorias][fields][0]=nome&populate[subcategorias][fields][1]=slug&populate[subcategorias][fields][2]=ordem&pagination[limit]=100
­ƒôä Renderizando p├ígina de imers├úo: clearreader
­ƒöî Fetching API: https://innovative-friendship-159ff40007.strapiapp.com/api/categorias?sort=nome:asc&fields[0]=nome&fields[1]=slug&fields[2]=ordem&populate[subcategorias][fields][0]=nome&populate[subcategorias][fields][1]=slug&populate[subcategorias][fields][2]=ordem&pagination[limit]=100
Ô£à Imers├úo renderizada com sucesso: clearreader
Ô£à Imers├úo renderizada com sucesso: clearreader
­ƒôä Renderizando p├ígina de imers├úo: ruby10
­ƒöî Fetching API: https://innovative-friendship-159ff40007.strapiapp.com/api/categorias?sort=nome:asc&fields[0]=nome&fields[1]=slug&fields[2]=ordem&populate[subcategorias][fields][0]=nome&populate[subcategorias][fields][1]=slug&populate[subcategorias][fields][2]=ordem&pagination[limit]=100
­ƒôä Renderizando p├ígina de imers├úo: ruby10
­ƒöî Fetching API: https://innovative-friendship-159ff40007.strapiapp.com/api/categorias?sort=nome:asc&fields[0]=nome&fields[1]=slug&fields[2]=ordem&populate[subcategorias][fields][0]=nome&populate[subcategorias][fields][1]=slug&populate[subcategorias][fields][2]=ordem&pagination[limit]=100
Ô£à Imers├úo renderizada com sucesso: ruby10
Ô£à Imers├úo renderizada com sucesso: ruby10
­ƒôä Renderizando p├ígina de imers├úo: clearview
­ƒöî Fetching API: https://innovative-friendship-159ff40007.strapiapp.com/api/categorias?sort=nome:asc&fields[0]=nome&fields[1]=slug&fields[2]=ordem&populate[subcategorias][fields][0]=nome&populate[subcategorias][fields][1]=slug&populate[subcategorias][fields][2]=ordem&pagination[limit]=100
­ƒôä Renderizando p├ígina de imers├úo: clearview
­ƒöî Fetching API: https://innovative-friendship-159ff40007.strapiapp.com/api/categorias?sort=nome:asc&fields[0]=nome&fields[1]=slug&fields[2]=ordem&populate[subcategorias][fields][0]=nome&populate[subcategorias][fields][1]=slug&populate[subcategorias][fields][2]=ordem&pagination[limit]=100
Ô£à Imers├úo renderizada com sucesso: clearview
Ô£à Imers├úo renderizada com sucesso: clearview
­ƒôä Renderizando p├ígina de imers├úo: guia-assinatura
­ƒöî Fetching API: https://innovative-friendship-159ff40007.strapiapp.com/api/categorias?sort=nome:asc&fields[0]=nome&fields[1]=slug&fields[2]=ordem&populate[subcategorias][fields][0]=nome&populate[subcategorias][fields][1]=slug&populate[subcategorias][fields][2]=ordem&pagination[limit]=100
­ƒôä Renderizando p├ígina de imers├úo: guia-assinatura
­ƒöî Fetching API: https://innovative-friendship-159ff40007.strapiapp.com/api/categorias?sort=nome:asc&fields[0]=nome&fields[1]=slug&fields[2]=ordem&populate[subcategorias][fields][0]=nome&populate[subcategorias][fields][1]=slug&populate[subcategorias][fields][2]=ordem&pagination[limit]=100
Ô£à Imers├úo renderizada com sucesso: guia-assinatura
Ô£à Imers├úo renderizada com sucesso: guia-assinatura
­ƒôä Renderizando p├ígina de imers├úo: teca-pc-braille
­ƒöî Fetching API: https://innovative-friendship-159ff40007.strapiapp.com/api/categorias?sort=nome:asc&fields[0]=nome&fields[1]=slug&fields[2]=ordem&populate[subcategorias][fields][0]=nome&populate[subcategorias][fields][1]=slug&populate[subcategorias][fields][2]=ordem&pagination[limit]=100
­ƒôä Renderizando p├ígina de imers├úo: teca-pc-braille
­ƒöî Fetching API: https://innovative-friendship-159ff40007.strapiapp.com/api/categorias?sort=nome:asc&fields[0]=nome&fields[1]=slug&fields[2]=ordem&populate[subcategorias][fields][0]=nome&populate[subcategorias][fields][1]=slug&populate[subcategorias][fields][2]=ordem&pagination[limit]=100
Ô£à Imers├úo renderizada com sucesso: ruby7
Ô£à Imers├úo renderizada com sucesso: ruby7
­ƒôä Renderizando p├ígina de imers├úo: tecafuser
­ƒöî Fetching API: https://innovative-friendship-159ff40007.strapiapp.com/api/categorias?sort=nome:asc&fields[0]=nome&fields[1]=slug&fields[2]=ordem&populate[subcategorias][fields][0]=nome&populate[subcategorias][fields][1]=slug&populate[subcategorias][fields][2]=ordem&pagination[limit]=100
­ƒôä Renderizando p├ígina de imers├úo: tecafuser
­ƒöî Fetching API: https://innovative-friendship-159ff40007.strapiapp.com/api/categorias?sort=nome:asc&fields[0]=nome&fields[1]=slug&fields[2]=ordem&populate[subcategorias][fields][0]=nome&populate[subcategorias][fields][1]=slug&populate[subcategorias][fields][2]=ordem&pagination[limit]=100
­ƒôä Renderizando p├ígina de imers├úo: focus40
­ƒöî Fetching API: https://innovative-friendship-159ff40007.strapiapp.com/api/categorias?sort=nome:asc&fields[0]=nome&fields[1]=slug&fields[2]=ordem&populate[subcategorias][fields][0]=nome&populate[subcategorias][fields][1]=slug&populate[subcategorias][fields][2]=ordem&pagination[limit]=100
­ƒôä Renderizando p├ígina de imers├úo: focus40
­ƒöî Fetching API: https://innovative-friendship-159ff40007.strapiapp.com/api/categorias?sort=nome:asc&fields[0]=nome&fields[1]=slug&fields[2]=ordem&populate[subcategorias][fields][0]=nome&populate[subcategorias][fields][1]=slug&populate[subcategorias][fields][2]=ordem&pagination[limit]=100
Ô£à Imers├úo renderizada com sucesso: focus40
Ô£à Imers├úo renderizada com sucesso: focus40
node.exe : ÔØî ERRO: Imers├úo "teca-pc-braille" n├úo tem produto vinculado
No linha:1 caractere:1
+ & "C:\Program Files\nodejs/node.exe" "C:\Users\User\AppData\Roaming\n ...
+ ~~~~~~~~~~~~~~~~~~~~~~~~~~~~~~~~~~~~~~~~~~~~~~~~~~~~~~~~~~~~~~~~~~~~~
    + CategoryInfo          : NotSpecified: (ÔØî ERRO: Imers...oduto vinculado 
   :String) [], RemoteException
    + FullyQualifiedErrorId : NativeCommandError
 
ÔØî ERRO: Imers├úo "teca-pc-braille" n├úo tem produto vinculado
­ƒôä Renderizando p├ígina de imers├úo: liber-braille
­ƒöî Fetching API: https://innovative-friendship-159ff40007.strapiapp.com/api/categorias?sort=nome:asc&fields[0]=nome&fields[1]=slug&fields[2]=ordem&populate[subcategorias][fields][0]=nome&populate[subcategorias][fields][1]=slug&populate[subcategorias][fields][2]=ordem&pagination[limit]=100
­ƒôä Renderizando p├ígina de imers├úo: liber-braille
­ƒöî Fetching API: https://innovative-friendship-159ff40007.strapiapp.com/api/categorias?sort=nome:asc&fields[0]=nome&fields[1]=slug&fields[2]=ordem&populate[subcategorias][fields][0]=nome&populate[subcategorias][fields][1]=slug&populate[subcategorias][fields][2]=ordem&pagination[limit]=100
­ƒôä Renderizando p├ígina de imers├úo: liber-mais
­ƒöî Fetching API: https://innovative-friendship-159ff40007.strapiapp.com/api/categorias?sort=nome:asc&fields[0]=nome&fields[1]=slug&fields[2]=ordem&populate[subcategorias][fields][0]=nome&populate[subcategorias][fields][1]=slug&populate[subcategorias][fields][2]=ordem&pagination[limit]=100
­ƒôä Renderizando p├ígina de imers├úo: liber-mais
­ƒöî Fetching API: https://innovative-friendship-159ff40007.strapiapp.com/api/categorias?sort=nome:asc&fields[0]=nome&fields[1]=slug&fields[2]=ordem&populate[subcategorias][fields][0]=nome&populate[subcategorias][fields][1]=slug&populate[subcategorias][fields][2]=ordem&pagination[limit]=100
­ƒôä Renderizando p├ígina de imers├úo: leiafacil
­ƒöî Fetching API: https://innovative-friendship-159ff40007.strapiapp.com/api/categorias?sort=nome:asc&fields[0]=nome&fields[1]=slug&fields[2]=ordem&populate[subcategorias][fields][0]=nome&populate[subcategorias][fields][1]=slug&populate[subcategorias][fields][2]=ordem&pagination[limit]=100
­ƒôä Renderizando p├ígina de imers├úo: leiafacil
­ƒöî Fetching API: https://innovative-friendship-159ff40007.strapiapp.com/api/categorias?sort=nome:asc&fields[0]=nome&fields[1]=slug&fields[2]=ordem&populate[subcategorias][fields][0]=nome&populate[subcategorias][fields][1]=slug&populate[subcategorias][fields][2]=ordem&pagination[limit]=100
­ƒôä Renderizando p├ígina de imers├úo: rubyxl
­ƒöî Fetching API: https://innovative-friendship-159ff40007.strapiapp.com/api/categorias?sort=nome:asc&fields[0]=nome&fields[1]=slug&fields[2]=ordem&populate[subcategorias][fields][0]=nome&populate[subcategorias][fields][1]=slug&populate[subcategorias][fields][2]=ordem&pagination[limit]=100
­ƒôä Renderizando p├ígina de imers├úo: rubyxl
­ƒöî Fetching API: https://innovative-friendship-159ff40007.strapiapp.com/api/categorias?sort=nome:asc&fields[0]=nome&fields[1]=slug&fields[2]=ordem&populate[subcategorias][fields][0]=nome&populate[subcategorias][fields][1]=slug&populate[subcategorias][fields][2]=ordem&pagination[limit]=100
Ô£à Imers├úo renderizada com sucesso: rubyxl
Ô£à Imers├úo renderizada com sucesso: rubyxl
­ƒôä Renderizando p├ígina de imers├úo: tutor
­ƒöî Fetching API: https://innovative-friendship-159ff40007.strapiapp.com/api/categorias?sort=nome:asc&fields[0]=nome&fields[1]=slug&fields[2]=ordem&populate[subcategorias][fields][0]=nome&populate[subcategorias][fields][1]=slug&populate[subcategorias][fields][2]=ordem&pagination[limit]=100
­ƒôä Renderizando p├ígina de imers├úo: tutor
­ƒöî Fetching API: https://innovative-friendship-159ff40007.strapiapp.com/api/categorias?sort=nome:asc&fields[0]=nome&fields[1]=slug&fields[2]=ordem&populate[subcategorias][fields][0]=nome&populate[subcategorias][fields][1]=slug&populate[subcategorias][fields][2]=ordem&pagination[limit]=100
Ô£à Imers├úo renderizada com sucesso: tutor
Ô£à Imers├úo renderizada com sucesso: tutor
­ƒôä Renderizando p├ígina de imers├úo: reglete
­ƒöî Fetching API: https://innovative-friendship-159ff40007.strapiapp.com/api/categorias?sort=nome:asc&fields[0]=nome&fields[1]=slug&fields[2]=ordem&populate[subcategorias][fields][0]=nome&populate[subcategorias][fields][1]=slug&populate[subcategorias][fields][2]=ordem&pagination[limit]=100
­ƒôä Renderizando p├ígina de imers├úo: reglete
­ƒöî Fetching API: https://innovative-friendship-159ff40007.strapiapp.com/api/categorias?sort=nome:asc&fields[0]=nome&fields[1]=slug&fields[2]=ordem&populate[subcategorias][fields][0]=nome&populate[subcategorias][fields][1]=slug&populate[subcategorias][fields][2]=ordem&pagination[limit]=100
Ô£à Imers├úo renderizada com sucesso: reglete
Ô£à Imers├úo renderizada com sucesso: reglete
­ƒôä Renderizando p├ígina de imers├úo: brincabraille
­ƒöî Fetching API: https://innovative-friendship-159ff40007.strapiapp.com/api/categorias?sort=nome:asc&fields[0]=nome&fields[1]=slug&fields[2]=ordem&populate[subcategorias][fields][0]=nome&populate[subcategorias][fields][1]=slug&populate[subcategorias][fields][2]=ordem&pagination[limit]=100
­ƒôä Renderizando p├ígina de imers├úo: brincabraille
­ƒöî Fetching API: https://innovative-friendship-159ff40007.strapiapp.com/api/categorias?sort=nome:asc&fields[0]=nome&fields[1]=slug&fields[2]=ordem&populate[subcategorias][fields][0]=nome&populate[subcategorias][fields][1]=slug&populate[subcategorias][fields][2]=ordem&pagination[limit]=100
Ô£à Imers├úo renderizada com sucesso: brincabraille
Ô£à Imers├úo renderizada com sucesso: brincabraille
­ƒôä Renderizando p├ígina de imers├úo: teclado-colmeia
­ƒöî Fetching API: https://innovative-friendship-159ff40007.strapiapp.com/api/categorias?sort=nome:asc&fields[0]=nome&fields[1]=slug&fields[2]=ordem&populate[subcategorias][fields][0]=nome&populate[subcategorias][fields][1]=slug&populate[subcategorias][fields][2]=ordem&pagination[limit]=100
­ƒôä Renderizando p├ígina de imers├úo: teclado-colmeia
­ƒöî Fetching API: https://innovative-friendship-159ff40007.strapiapp.com/api/categorias?sort=nome:asc&fields[0]=nome&fields[1]=slug&fields[2]=ordem&populate[subcategorias][fields][0]=nome&populate[subcategorias][fields][1]=slug&populate[subcategorias][fields][2]=ordem&pagination[limit]=100
Ô£à Imers├úo renderizada com sucesso: teclado-colmeia
Ô£à Imers├úo renderizada com sucesso: teclado-colmeia
­ƒôä Renderizando p├ígina de imers├úo: multiplano
­ƒöî Fetching API: https://innovative-friendship-159ff40007.strapiapp.com/api/categorias?sort=nome:asc&fields[0]=nome&fields[1]=slug&fields[2]=ordem&populate[subcategorias][fields][0]=nome&populate[subcategorias][fields][1]=slug&populate[subcategorias][fields][2]=ordem&pagination[limit]=100
­ƒôä Renderizando p├ígina de imers├úo: multiplano
­ƒöî Fetching API: https://innovative-friendship-159ff40007.strapiapp.com/api/categorias?sort=nome:asc&fields[0]=nome&fields[1]=slug&fields[2]=ordem&populate[subcategorias][fields][0]=nome&populate[subcategorias][fields][1]=slug&populate[subcategorias][fields][2]=ordem&pagination[limit]=100
Ô£à Imers├úo renderizada com sucesso: multiplano
Ô£à Imers├úo renderizada com sucesso: multiplano
­ƒôä Renderizando p├ígina de imers├úo: basic
­ƒöî Fetching API: https://innovative-friendship-159ff40007.strapiapp.com/api/categorias?sort=nome:asc&fields[0]=nome&fields[1]=slug&fields[2]=ordem&populate[subcategorias][fields][0]=nome&populate[subcategorias][fields][1]=slug&populate[subcategorias][fields][2]=ordem&pagination[limit]=100
­ƒôä Renderizando p├ígina de imers├úo: basic
­ƒöî Fetching API: https://innovative-friendship-159ff40007.strapiapp.com/api/categorias?sort=nome:asc&fields[0]=nome&fields[1]=slug&fields[2]=ordem&populate[subcategorias][fields][0]=nome&populate[subcategorias][fields][1]=slug&populate[subcategorias][fields][2]=ordem&pagination[limit]=100
Ô£à Imers├úo renderizada com sucesso: basic
Ô£à Imers├úo renderizada com sucesso: basic
­ƒôä Renderizando p├ígina de imers├úo: traveller
­ƒöî Fetching API: https://innovative-friendship-159ff40007.strapiapp.com/api/categorias?sort=nome:asc&fields[0]=nome&fields[1]=slug&fields[2]=ordem&populate[subcategorias][fields][0]=nome&populate[subcategorias][fields][1]=slug&populate[subcategorias][fields][2]=ordem&pagination[limit]=100
­ƒôä Renderizando p├ígina de imers├úo: traveller
­ƒöî Fetching API: https://innovative-friendship-159ff40007.strapiapp.com/api/categorias?sort=nome:asc&fields[0]=nome&fields[1]=slug&fields[2]=ordem&populate[subcategorias][fields][0]=nome&populate[subcategorias][fields][1]=slug&populate[subcategorias][fields][2]=ordem&pagination[limit]=100
Ô£à Imers├úo renderizada com sucesso: traveller
Ô£à Imers├úo renderizada com sucesso: traveller
­ƒôä Renderizando p├ígina de imers├úo: clearreader
­ƒöî Fetching API: https://innovative-friendship-159ff40007.strapiapp.com/api/categorias?sort=nome:asc&fields[0]=nome&fields[1]=slug&fields[2]=ordem&populate[subcategorias][fields][0]=nome&populate[subcategorias][fields][1]=slug&populate[subcategorias][fields][2]=ordem&pagination[limit]=100
­ƒôä Renderizando p├ígina de imers├úo: clearreader
­ƒöî Fetching API: https://innovative-friendship-159ff40007.strapiapp.com/api/categorias?sort=nome:asc&fields[0]=nome&fields[1]=slug&fields[2]=ordem&populate[subcategorias][fields][0]=nome&populate[subcategorias][fields][1]=slug&populate[subcategorias][fields][2]=ordem&pagination[limit]=100
Ô£à Imers├úo renderizada com sucesso: clearreader
Ô£à Imers├úo renderizada com sucesso: clearreader
­ƒôä Renderizando p├ígina de imers├úo: transformer
­ƒöî Fetching API: https://innovative-friendship-159ff40007.strapiapp.com/api/categorias?sort=nome:asc&fields[0]=nome&fields[1]=slug&fields[2]=ordem&populate[subcategorias][fields][0]=nome&populate[subcategorias][fields][1]=slug&populate[subcategorias][fields][2]=ordem&pagination[limit]=100
­ƒôä Renderizando p├ígina de imers├úo: transformer
­ƒöî Fetching API: https://innovative-friendship-159ff40007.strapiapp.com/api/categorias?sort=nome:asc&fields[0]=nome&fields[1]=slug&fields[2]=ordem&populate[subcategorias][fields][0]=nome&populate[subcategorias][fields][1]=slug&populate[subcategorias][fields][2]=ordem&pagination[limit]=100
Ô£à Imers├úo renderizada com sucesso: transformer
Ô£à Imers├úo renderizada com sucesso: transformer
­ƒôä Renderizando p├ígina de imers├úo: everest
­ƒöî Fetching API: https://innovative-friendship-159ff40007.strapiapp.com/api/categorias?sort=nome:asc&fields[0]=nome&fields[1]=slug&fields[2]=ordem&populate[subcategorias][fields][0]=nome&populate[subcategorias][fields][1]=slug&populate[subcategorias][fields][2]=ordem&pagination[limit]=100
­ƒôä Renderizando p├ígina de imers├úo: everest
­ƒöî Fetching API: https://innovative-friendship-159ff40007.strapiapp.com/api/categorias?sort=nome:asc&fields[0]=nome&fields[1]=slug&fields[2]=ordem&populate[subcategorias][fields][0]=nome&populate[subcategorias][fields][1]=slug&populate[subcategorias][fields][2]=ordem&pagination[limit]=100
Ô£à Imers├úo renderizada com sucesso: everest
Ô£à Imers├úo renderizada com sucesso: everest
­ƒôä Renderizando p├ígina de imers├úo: abafador-index
­ƒöî Fetching API: https://innovative-friendship-159ff40007.strapiapp.com/api/categorias?sort=nome:asc&fields[0]=nome&fields[1]=slug&fields[2]=ordem&populate[subcategorias][fields][0]=nome&populate[subcategorias][fields][1]=slug&populate[subcategorias][fields][2]=ordem&pagination[limit]=100
­ƒôä Renderizando p├ígina de imers├úo: abafador-index
­ƒöî Fetching API: https://innovative-friendship-159ff40007.strapiapp.com/api/categorias?sort=nome:asc&fields[0]=nome&fields[1]=slug&fields[2]=ordem&populate[subcategorias][fields][0]=nome&populate[subcategorias][fields][1]=slug&populate[subcategorias][fields][2]=ordem&pagination[limit]=100
Ô£à Imers├úo renderizada com sucesso: abafador-index
Ô£à Imers├úo renderizada com sucesso: abafador-index
­ƒôä Renderizando p├ígina de imers├úo: ruby7
­ƒöî Fetching API: https://innovative-friendship-159ff40007.strapiapp.com/api/categorias?sort=nome:asc&fields[0]=nome&fields[1]=slug&fields[2]=ordem&populate[subcategorias][fields][0]=nome&populate[subcategorias][fields][1]=slug&populate[subcategorias][fields][2]=ordem&pagination[limit]=100
­ƒôä Renderizando p├ígina de imers├úo: ruby7
­ƒöî Fetching API: https://innovative-friendship-159ff40007.strapiapp.com/api/categorias?sort=nome:asc&fields[0]=nome&fields[1]=slug&fields[2]=ordem&populate[subcategorias][fields][0]=nome&populate[subcategorias][fields][1]=slug&populate[subcategorias][fields][2]=ordem&pagination[limit]=100
Ô£à Imers├úo renderizada com sucesso: ruby7
Ô£à Imers├úo renderizada com sucesso: ruby7
­ƒôä Renderizando p├ígina de imers├úo: teca-pc-braille
­ƒöî Fetching API: https://innovative-friendship-159ff40007.strapiapp.com/api/categorias?sort=nome:asc&fields[0]=nome&fields[1]=slug&fields[2]=ordem&populate[subcategorias][fields][0]=nome&populate[subcategorias][fields][1]=slug&populate[subcategorias][fields][2]=ordem&pagination[limit]=100
­ƒôä Renderizando p├ígina de imers├úo: teca-pc-braille
­ƒöî Fetching API: https://innovative-friendship-159ff40007.strapiapp.com/api/categorias?sort=nome:asc&fields[0]=nome&fields[1]=slug&fields[2]=ordem&populate[subcategorias][fields][0]=nome&populate[subcategorias][fields][1]=slug&populate[subcategorias][fields][2]=ordem&pagination[limit]=100
­ƒôä Renderizando p├ígina de imers├úo: clearview
­ƒöî Fetching API: https://innovative-friendship-159ff40007.strapiapp.com/api/categorias?sort=nome:asc&fields[0]=nome&fields[1]=slug&fields[2]=ordem&populate[subcategorias][fields][0]=nome&populate[subcategorias][fields][1]=slug&populate[subcategorias][fields][2]=ordem&pagination[limit]=100
­ƒôä Renderizando p├ígina de imers├úo: clearview
­ƒöî Fetching API: https://innovative-friendship-159ff40007.strapiapp.com/api/categorias?sort=nome:asc&fields[0]=nome&fields[1]=slug&fields[2]=ordem&populate[subcategorias][fields][0]=nome&populate[subcategorias][fields][1]=slug&populate[subcategorias][fields][2]=ordem&pagination[limit]=100
Ô£à Imers├úo renderizada com sucesso: clearview
Ô£à Imers├úo renderizada com sucesso: clearview
­ƒôä Renderizando p├ígina de imers├úo: guia-assinatura
­ƒöî Fetching API: https://innovative-friendship-159ff40007.strapiapp.com/api/categorias?sort=nome:asc&fields[0]=nome&fields[1]=slug&fields[2]=ordem&populate[subcategorias][fields][0]=nome&populate[subcategorias][fields][1]=slug&populate[subcategorias][fields][2]=ordem&pagination[limit]=100
­ƒôä Renderizando p├ígina de imers├úo: guia-assinatura
­ƒöî Fetching API: https://innovative-friendship-159ff40007.strapiapp.com/api/categorias?sort=nome:asc&fields[0]=nome&fields[1]=slug&fields[2]=ordem&populate[subcategorias][fields][0]=nome&populate[subcategorias][fields][1]=slug&populate[subcategorias][fields][2]=ordem&pagination[limit]=100
Ô£à Imers├úo renderizada com sucesso: guia-assinatura
Ô£à Imers├úo renderizada com sucesso: guia-assinatura
­ƒôä Renderizando p├ígina de imers├úo: ruby10
­ƒöî Fetching API: https://innovative-friendship-159ff40007.strapiapp.com/api/categorias?sort=nome:asc&fields[0]=nome&fields[1]=slug&fields[2]=ordem&populate[subcategorias][fields][0]=nome&populate[subcategorias][fields][1]=slug&populate[subcategorias][fields][2]=ordem&pagination[limit]=100
­ƒôä Renderizando p├ígina de imers├úo: ruby10
­ƒöî Fetching API: https://innovative-friendship-159ff40007.strapiapp.com/api/categorias?sort=nome:asc&fields[0]=nome&fields[1]=slug&fields[2]=ordem&populate[subcategorias][fields][0]=nome&populate[subcategorias][fields][1]=slug&populate[subcategorias][fields][2]=ordem&pagination[limit]=100
Ô£à Imers├úo renderizada com sucesso: ruby10
Ô£à Imers├úo renderizada com sucesso: ruby10
ÔØî ERRO: Imers├úo "teca-pc-braille" n├úo tem produto vinculado
ÔØî ERRO: Imers├úo "teca-pc-braille" n├úo tem produto vinculado
­ƒôä Renderizando p├ígina de imers├úo: focus40
­ƒöî Fetching API: https://innovative-friendship-159ff40007.strapiapp.com/api/categorias?sort=nome:asc&fields[0]=nome&fields[1]=slug&fields[2]=ordem&populate[subcategorias][fields][0]=nome&populate[subcategorias][fields][1]=slug&populate[subcategorias][fields][2]=ordem&pagination[limit]=100
­ƒôä Renderizando p├ígina de imers├úo: focus40
­ƒöî Fetching API: https://innovative-friendship-159ff40007.strapiapp.com/api/categorias?sort=nome:asc&fields[0]=nome&fields[1]=slug&fields[2]=ordem&populate[subcategorias][fields][0]=nome&populate[subcategorias][fields][1]=slug&populate[subcategorias][fields][2]=ordem&pagination[limit]=100
Ô£à Imers├úo renderizada com sucesso: focus40
Ô£à Imers├úo renderizada com sucesso: focus40
­ƒôä Renderizando p├ígina de imers├úo: tecafuser
­ƒöî Fetching API: https://innovative-friendship-159ff40007.strapiapp.com/api/categorias?sort=nome:asc&fields[0]=nome&fields[1]=slug&fields[2]=ordem&populate[subcategorias][fields][0]=nome&populate[subcategorias][fields][1]=slug&populate[subcategorias][fields][2]=ordem&pagination[limit]=100
­ƒôä Renderizando p├ígina de imers├úo: tecafuser
­ƒöî Fetching API: https://innovative-friendship-159ff40007.strapiapp.com/api/categorias?sort=nome:asc&fields[0]=nome&fields[1]=slug&fields[2]=ordem&populate[subcategorias][fields][0]=nome&populate[subcategorias][fields][1]=slug&populate[subcategorias][fields][2]=ordem&pagination[limit]=100
   Generating static pages (114/153) 
Ô£à Imers├úo renderizada com sucesso: liber-braille
Ô£à Imers├úo renderizada com sucesso: liber-braille
Ô£à Imers├úo renderizada com sucesso: leiafacil
Ô£à Imers├úo renderizada com sucesso: leiafacil
Ô£à Imers├úo renderizada com sucesso: liber-mais
Ô£à Imers├úo renderizada com sucesso: liber-mais
­ƒôä Renderizando p├ígina de imers├úo: liber-braille
­ƒöî Fetching API: https://innovative-friendship-159ff40007.strapiapp.com/api/categorias?sort=nome:asc&fields[0]=nome&fields[1]=slug&fields[2]=ordem&populate[subcategorias][fields][0]=nome&populate[subcategorias][fields][1]=slug&populate[subcategorias][fields][2]=ordem&pagination[limit]=100
­ƒôä Renderizando p├ígina de imers├úo: liber-braille
­ƒöî Fetching API: https://innovative-friendship-159ff40007.strapiapp.com/api/categorias?sort=nome:asc&fields[0]=nome&fields[1]=slug&fields[2]=ordem&populate[subcategorias][fields][0]=nome&populate[subcategorias][fields][1]=slug&populate[subcategorias][fields][2]=ordem&pagination[limit]=100
Ô£à Imers├úo renderizada com sucesso: liber-braille
Ô£à Imers├úo renderizada com sucesso: liber-braille
­ƒôä Renderizando p├ígina de imers├úo: liber-mais
­ƒöî Fetching API: https://innovative-friendship-159ff40007.strapiapp.com/api/categorias?sort=nome:asc&fields[0]=nome&fields[1]=slug&fields[2]=ordem&populate[subcategorias][fields][0]=nome&populate[subcategorias][fields][1]=slug&populate[subcategorias][fields][2]=ordem&pagination[limit]=100
­ƒôä Renderizando p├ígina de imers├úo: liber-mais
­ƒöî Fetching API: https://innovative-friendship-159ff40007.strapiapp.com/api/categorias?sort=nome:asc&fields[0]=nome&fields[1]=slug&fields[2]=ordem&populate[subcategorias][fields][0]=nome&populate[subcategorias][fields][1]=slug&populate[subcategorias][fields][2]=ordem&pagination[limit]=100
Ô£à Imers├úo renderizada com sucesso: liber-mais
Ô£à Imers├úo renderizada com sucesso: liber-mais
­ƒöî Fetching API: https://innovative-friendship-159ff40007.strapiapp.com/api/categorias?sort=nome:asc&fields[0]=nome&fields[1]=slug&fields[2]=ordem&populate[subcategorias][fields][0]=nome&populate[subcategorias][fields][1]=slug&populate[subcategorias][fields][2]=ordem&pagination[limit]=100
­ƒöî Fetching API: https://innovative-friendship-159ff40007.strapiapp.com/api/categorias?sort=nome:asc&fields[0]=nome&fields[1]=slug&fields[2]=ordem&populate[subcategorias][fields][0]=nome&populate[subcategorias][fields][1]=slug&populate[subcategorias][fields][2]=ordem&pagination[limit]=100
­ƒôä Renderizando p├ígina de imers├úo: leiafacil
­ƒöî Fetching API: https://innovative-friendship-159ff40007.strapiapp.com/api/categorias?sort=nome:asc&fields[0]=nome&fields[1]=slug&fields[2]=ordem&populate[subcategorias][fields][0]=nome&populate[subcategorias][fields][1]=slug&populate[subcategorias][fields][2]=ordem&pagination[limit]=100
­ƒôä Renderizando p├ígina de imers├úo: leiafacil
­ƒöî Fetching API: https://innovative-friendship-159ff40007.strapiapp.com/api/categorias?sort=nome:asc&fields[0]=nome&fields[1]=slug&fields[2]=ordem&populate[subcategorias][fields][0]=nome&populate[subcategorias][fields][1]=slug&populate[subcategorias][fields][2]=ordem&pagination[limit]=100
Ô£à Imers├úo renderizada com sucesso: leiafacil
Ô£à Imers├úo renderizada com sucesso: leiafacil
­ƒöî Fetching API: https://innovative-friendship-159ff40007.strapiapp.com/api/categorias?sort=nome:asc&fields[0]=nome&fields[1]=slug&fields[2]=ordem&populate[subcategorias][fields][0]=nome&populate[subcategorias][fields][1]=slug&populate[subcategorias][fields][2]=ordem&pagination[limit]=100
­ƒöî Fetching API: https://innovative-friendship-159ff40007.strapiapp.com/api/categorias?sort=nome:asc&fields[0]=nome&fields[1]=slug&fields[2]=ordem&populate[subcategorias][fields][0]=nome&populate[subcategorias][fields][1]=slug&populate[subcategorias][fields][2]=ordem&pagination[limit]=100
­ƒöî Fetching API: https://innovative-friendship-159ff40007.strapiapp.com/api/categorias?sort=nome:asc&fields[0]=nome&fields[1]=slug&fields[2]=ordem&populate[subcategorias][fields][0]=nome&populate[subcategorias][fields][1]=slug&populate[subcategorias][fields][2]=ordem&pagination[limit]=100
­ƒöî Fetching API: https://innovative-friendship-159ff40007.strapiapp.com/api/atas?sort=ordem%3Aasc&populate[item_ata][populate][relacao_produto][populate][imagem_principal][fields][0]=url&populate[item_ata][populate][relacao_produto][populate][imagem_principal][fields][1]=alternativeText&populate[item_ata][populate][relacao_produto][populate][imagem_principal][fields][2]=width&populate[item_ata][populate][relacao_produto][populate][imagem_principal][fields][3]=height&populate[documentos][fields][0]=url&populate[documentos][fields][1]=name&populate[documentos][fields][2]=ext&populate[documentos][fields][3]=size
­ƒöî Fetching API: https://innovative-friendship-159ff40007.strapiapp.com/api/categorias?sort=nome:asc&fields[0]=nome&fields[1]=slug&fields[2]=ordem&populate[subcategorias][fields][0]=nome&populate[subcategorias][fields][1]=slug&populate[subcategorias][fields][2]=ordem&pagination[limit]=100
­ƒöî Fetching API: https://innovative-friendship-159ff40007.strapiapp.com/api/atas?sort=ordem%3Aasc&populate[item_ata][populate][relacao_produto][populate][imagem_principal][fields][0]=url&populate[item_ata][populate][relacao_produto][populate][imagem_principal][fields][1]=alternativeText&populate[item_ata][populate][relacao_produto][populate][imagem_principal][fields][2]=width&populate[item_ata][populate][relacao_produto][populate][imagem_principal][fields][3]=height&populate[documentos][fields][0]=url&populate[documentos][fields][1]=name&populate[documentos][fields][2]=ext&populate[documentos][fields][3]=size
­ƒöî Fetching API: https://innovative-friendship-159ff40007.strapiapp.com/api/categorias?sort=nome:asc&fields[0]=nome&fields[1]=slug&fields[2]=ordem&populate[subcategorias][fields][0]=nome&populate[subcategorias][fields][1]=slug&populate[subcategorias][fields][2]=ordem&pagination[limit]=100
­ƒöî Fetching API: https://innovative-friendship-159ff40007.strapiapp.com/api/banner-sites?sort=ordem:asc&populate=imagem
­ƒöî Fetching API: https://innovative-friendship-159ff40007.strapiapp.com/api/produtos?filters[destaque][$eq]=true&fields[0]=nome&fields[1]=slug&fields[2]=descricao_curta&populate=imagem_principal
­ƒöî Fetching API: https://innovative-friendship-159ff40007.strapiapp.com/api/fabricantes?fields[0]=nome&fields[1]=slug&populate=logo&pagination[limit]=100&sort=ordem:asc
­ƒöî Fetching API: https://innovative-friendship-159ff40007.strapiapp.com/api/depoimentos
­ƒöî Fetching API: https://innovative-friendship-159ff40007.strapiapp.com/api/video-homes?fields[0]=titulo&fields[1]=link&populate=thumbnail&sort=ordem:asc
­ƒöî Fetching API: https://innovative-friendship-159ff40007.strapiapp.com/api/categorias?sort=nome:asc&fields[0]=nome&fields[1]=slug&fields[2]=ordem&populate[subcategorias][fields][0]=nome&populate[subcategorias][fields][1]=slug&populate[subcategorias][fields][2]=ordem&pagination[limit]=100
­ƒöî Fetching API: https://innovative-friendship-159ff40007.strapiapp.com/api/banner-sites?sort=ordem:asc&populate=imagem
­ƒöî Fetching API: https://innovative-friendship-159ff40007.strapiapp.com/api/produtos?filters[destaque][$eq]=true&fields[0]=nome&fields[1]=slug&fields[2]=descricao_curta&populate=imagem_principal
­ƒöî Fetching API: https://innovative-friendship-159ff40007.strapiapp.com/api/fabricantes?fields[0]=nome&fields[1]=slug&populate=logo&pagination[limit]=100&sort=ordem:asc
­ƒöî Fetching API: https://innovative-friendship-159ff40007.strapiapp.com/api/depoimentos
­ƒöî Fetching API: https://innovative-friendship-159ff40007.strapiapp.com/api/video-homes?fields[0]=titulo&fields[1]=link&populate=thumbnail&sort=ordem:asc
­ƒöî Fetching API: https://innovative-friendship-159ff40007.strapiapp.com/api/categorias?sort=nome:asc&fields[0]=nome&fields[1]=slug&fields[2]=ordem&populate[subcategorias][fields][0]=nome&populate[subcategorias][fields][1]=slug&populate[subcategorias][fields][2]=ordem&pagination[limit]=100
­ƒöî Fetching API: https://innovative-friendship-159ff40007.strapiapp.com/api/categorias?filters[slug][$eq]=cegueira&populate[produtos][populate]=*&populate[subcategorias][populate][produtos][populate]=*
­ƒöî Fetching API: https://innovative-friendship-159ff40007.strapiapp.com/api/produtos?filters[subcategorias][slug][$eq]=impressora-braille-folha-solta&populate=*&sort=ordem:asc
­ƒöî Fetching API: https://innovative-friendship-159ff40007.strapiapp.com/api/categorias?sort=nome:asc&fields[0]=nome&fields[1]=slug&fields[2]=ordem&populate[subcategorias][fields][0]=nome&populate[subcategorias][fields][1]=slug&populate[subcategorias][fields][2]=ordem&pagination[limit]=100
­ƒöî Fetching API: https://innovative-friendship-159ff40007.strapiapp.com/api/categorias?filters[slug][$eq]=cegueira&populate[produtos][populate]=*&populate[subcategorias][populate][produtos][populate]=*
­ƒöî Fetching API: https://innovative-friendship-159ff40007.strapiapp.com/api/categorias?sort=nome:asc&fields[0]=nome&fields[1]=slug&fields[2]=ordem&populate[subcategorias][fields][0]=nome&populate[subcategorias][fields][1]=slug&populate[subcategorias][fields][2]=ordem&pagination[limit]=100
­ƒöî Fetching API: https://innovative-friendship-159ff40007.strapiapp.com/api/categorias?filters[slug][$eq]=cegueira&populate[produtos][populate]=*&populate[subcategorias][populate][produtos][populate]=*
­ƒöî Fetching API: https://innovative-friendship-159ff40007.strapiapp.com/api/produtos?filters[subcategorias][slug][$eq]=impressora-braille-folha-solta&populate=*&sort=ordem:asc
­ƒöî Fetching API: https://innovative-friendship-159ff40007.strapiapp.com/api/categorias?sort=nome:asc&fields[0]=nome&fields[1]=slug&fields[2]=ordem&populate[subcategorias][fields][0]=nome&populate[subcategorias][fields][1]=slug&populate[subcategorias][fields][2]=ordem&pagination[limit]=100
­ƒöî Fetching API: https://innovative-friendship-159ff40007.strapiapp.com/api/categorias?filters[slug][$eq]=cegueira&populate[produtos][populate]=*&populate[subcategorias][populate][produtos][populate]=*
­ƒöî Fetching API: https://innovative-friendship-159ff40007.strapiapp.com/api/categorias?sort=nome:asc&fields[0]=nome&fields[1]=slug&fields[2]=ordem&populate[subcategorias][fields][0]=nome&populate[subcategorias][fields][1]=slug&populate[subcategorias][fields][2]=ordem&pagination[limit]=100
­ƒöî Fetching API: https://innovative-friendship-159ff40007.strapiapp.com/api/categorias?filters[slug][$eq]=cegueira&populate[produtos][populate]=*&populate[subcategorias][populate][produtos][populate]=*
­ƒöî Fetching API: https://innovative-friendship-159ff40007.strapiapp.com/api/produtos?filters[subcategorias][slug][$eq]=maquina-de-escrever-e-impressora-braille&populate=*&sort=ordem:asc
­ƒöî Fetching API: https://innovative-friendship-159ff40007.strapiapp.com/api/categorias?sort=nome:asc&fields[0]=nome&fields[1]=slug&fields[2]=ordem&populate[subcategorias][fields][0]=nome&populate[subcategorias][fields][1]=slug&populate[subcategorias][fields][2]=ordem&pagination[limit]=100
­ƒöî Fetching API: https://innovative-friendship-159ff40007.strapiapp.com/api/categorias?filters[slug][$eq]=cegueira&populate[produtos][populate]=*&populate[subcategorias][populate][produtos][populate]=*
­ƒöî Fetching API: https://innovative-friendship-159ff40007.strapiapp.com/api/categorias?sort=nome:asc&fields[0]=nome&fields[1]=slug&fields[2]=ordem&populate[subcategorias][fields][0]=nome&populate[subcategorias][fields][1]=slug&populate[subcategorias][fields][2]=ordem&pagination[limit]=100
­ƒöî Fetching API: https://innovative-friendship-159ff40007.strapiapp.com/api/categorias?filters[slug][$eq]=cegueira&populate[produtos][populate]=*&populate[subcategorias][populate][produtos][populate]=*
­ƒöî Fetching API: https://innovative-friendship-159ff40007.strapiapp.com/api/produtos?filters[subcategorias][slug][$eq]=maquina-de-escrever-e-impressora-braille&populate=*&sort=ordem:asc
­ƒöî Fetching API: https://innovative-friendship-159ff40007.strapiapp.com/api/categorias?sort=nome:asc&fields[0]=nome&fields[1]=slug&fields[2]=ordem&populate[subcategorias][fields][0]=nome&populate[subcategorias][fields][1]=slug&populate[subcategorias][fields][2]=ordem&pagination[limit]=100
­ƒöî Fetching API: https://innovative-friendship-159ff40007.strapiapp.com/api/categorias?filters[slug][$eq]=cegueira&populate[produtos][populate]=*&populate[subcategorias][populate][produtos][populate]=*
­ƒöî Fetching API: https://innovative-friendship-159ff40007.strapiapp.com/api/categorias?sort=nome:asc&fields[0]=nome&fields[1]=slug&fields[2]=ordem&populate[subcategorias][fields][0]=nome&populate[subcategorias][fields][1]=slug&populate[subcategorias][fields][2]=ordem&pagination[limit]=100
­ƒöî Fetching API: https://innovative-friendship-159ff40007.strapiapp.com/api/categorias?filters[slug][$eq]=cegueira&populate[produtos][populate]=*&populate[subcategorias][populate][produtos][populate]=*
­ƒöî Fetching API: https://innovative-friendship-159ff40007.strapiapp.com/api/produtos?filters[subcategorias][slug][$eq]=alfabetizacao-braille&populate=*&sort=ordem:asc
­ƒöî Fetching API: https://innovative-friendship-159ff40007.strapiapp.com/api/categorias?sort=nome:asc&fields[0]=nome&fields[1]=slug&fields[2]=ordem&populate[subcategorias][fields][0]=nome&populate[subcategorias][fields][1]=slug&populate[subcategorias][fields][2]=ordem&pagination[limit]=100
­ƒöî Fetching API: https://innovative-friendship-159ff40007.strapiapp.com/api/categorias?filters[slug][$eq]=cegueira&populate[produtos][populate]=*&populate[subcategorias][populate][produtos][populate]=*
­ƒöî Fetching API: https://innovative-friendship-159ff40007.strapiapp.com/api/categorias?sort=nome:asc&fields[0]=nome&fields[1]=slug&fields[2]=ordem&populate[subcategorias][fields][0]=nome&populate[subcategorias][fields][1]=slug&populate[subcategorias][fields][2]=ordem&pagination[limit]=100
­ƒöî Fetching API: https://innovative-friendship-159ff40007.strapiapp.com/api/categorias?filters[slug][$eq]=cegueira&populate[produtos][populate]=*&populate[subcategorias][populate][produtos][populate]=*
­ƒöî Fetching API: https://innovative-friendship-159ff40007.strapiapp.com/api/produtos?filters[subcategorias][slug][$eq]=alfabetizacao-braille&populate=*&sort=ordem:asc
­ƒöî Fetching API: https://innovative-friendship-159ff40007.strapiapp.com/api/categorias?sort=nome:asc&fields[0]=nome&fields[1]=slug&fields[2]=ordem&populate[subcategorias][fields][0]=nome&populate[subcategorias][fields][1]=slug&populate[subcategorias][fields][2]=ordem&pagination[limit]=100
­ƒöî Fetching API: https://innovative-friendship-159ff40007.strapiapp.com/api/categorias?filters[slug][$eq]=cegueira&populate[produtos][populate]=*&populate[subcategorias][populate][produtos][populate]=*
­ƒöî Fetching API: https://innovative-friendship-159ff40007.strapiapp.com/api/categorias?sort=nome:asc&fields[0]=nome&fields[1]=slug&fields[2]=ordem&populate[subcategorias][fields][0]=nome&populate[subcategorias][fields][1]=slug&populate[subcategorias][fields][2]=ordem&pagination[limit]=100
­ƒöî Fetching API: https://innovative-friendship-159ff40007.strapiapp.com/api/categorias?filters[slug][$eq]=cegueira&populate[produtos][populate]=*&populate[subcategorias][populate][produtos][populate]=*
­ƒöî Fetching API: https://innovative-friendship-159ff40007.strapiapp.com/api/produtos?filters[subcategorias][slug][$eq]=impressora-termica-de-relevos&populate=*&sort=ordem:asc
­ƒöî Fetching API: https://innovative-friendship-159ff40007.strapiapp.com/api/categorias?sort=nome:asc&fields[0]=nome&fields[1]=slug&fields[2]=ordem&populate[subcategorias][fields][0]=nome&populate[subcategorias][fields][1]=slug&populate[subcategorias][fields][2]=ordem&pagination[limit]=100
­ƒöî Fetching API: https://innovative-friendship-159ff40007.strapiapp.com/api/categorias?filters[slug][$eq]=cegueira&populate[produtos][populate]=*&populate[subcategorias][populate][produtos][populate]=*
­ƒöî Fetching API: https://innovative-friendship-159ff40007.strapiapp.com/api/categorias?sort=nome:asc&fields[0]=nome&fields[1]=slug&fields[2]=ordem&populate[subcategorias][fields][0]=nome&populate[subcategorias][fields][1]=slug&populate[subcategorias][fields][2]=ordem&pagination[limit]=100
­ƒöî Fetching API: https://innovative-friendship-159ff40007.strapiapp.com/api/categorias?filters[slug][$eq]=cegueira&populate[produtos][populate]=*&populate[subcategorias][populate][produtos][populate]=*
­ƒöî Fetching API: https://innovative-friendship-159ff40007.strapiapp.com/api/produtos?filters[subcategorias][slug][$eq]=impressora-termica-de-relevos&populate=*&sort=ordem:asc
­ƒöî Fetching API: https://innovative-friendship-159ff40007.strapiapp.com/api/categorias?sort=nome:asc&fields[0]=nome&fields[1]=slug&fields[2]=ordem&populate[subcategorias][fields][0]=nome&populate[subcategorias][fields][1]=slug&populate[subcategorias][fields][2]=ordem&pagination[limit]=100
­ƒöî Fetching API: https://innovative-friendship-159ff40007.strapiapp.com/api/categorias?filters[slug][$eq]=cegueira&populate[produtos][populate]=*&populate[subcategorias][populate][produtos][populate]=*
­ƒöî Fetching API: https://innovative-friendship-159ff40007.strapiapp.com/api/categorias?sort=nome:asc&fields[0]=nome&fields[1]=slug&fields[2]=ordem&populate[subcategorias][fields][0]=nome&populate[subcategorias][fields][1]=slug&populate[subcategorias][fields][2]=ordem&pagination[limit]=100
­ƒöî Fetching API: https://innovative-friendship-159ff40007.strapiapp.com/api/categorias?filters[slug][$eq]=cegueira&populate[produtos][populate]=*&populate[subcategorias][populate][produtos][populate]=*
­ƒöî Fetching API: https://innovative-friendship-159ff40007.strapiapp.com/api/produtos?filters[subcategorias][slug][$eq]=linha-braille&populate=*&sort=ordem:asc
­ƒöî Fetching API: https://innovative-friendship-159ff40007.strapiapp.com/api/categorias?sort=nome:asc&fields[0]=nome&fields[1]=slug&fields[2]=ordem&populate[subcategorias][fields][0]=nome&populate[subcategorias][fields][1]=slug&populate[subcategorias][fields][2]=ordem&pagination[limit]=100
­ƒöî Fetching API: https://innovative-friendship-159ff40007.strapiapp.com/api/categorias?filters[slug][$eq]=cegueira&populate[produtos][populate]=*&populate[subcategorias][populate][produtos][populate]=*
­ƒöî Fetching API: https://innovative-friendship-159ff40007.strapiapp.com/api/categorias?sort=nome:asc&fields[0]=nome&fields[1]=slug&fields[2]=ordem&populate[subcategorias][fields][0]=nome&populate[subcategorias][fields][1]=slug&populate[subcategorias][fields][2]=ordem&pagination[limit]=100
­ƒöî Fetching API: https://innovative-friendship-159ff40007.strapiapp.com/api/categorias?filters[slug][$eq]=cegueira&populate[produtos][populate]=*&populate[subcategorias][populate][produtos][populate]=*
­ƒöî Fetching API: https://innovative-friendship-159ff40007.strapiapp.com/api/produtos?filters[subcategorias][slug][$eq]=linha-braille&populate=*&sort=ordem:asc
­ƒöî Fetching API: https://innovative-friendship-159ff40007.strapiapp.com/api/categorias?sort=nome:asc&fields[0]=nome&fields[1]=slug&fields[2]=ordem&populate[subcategorias][fields][0]=nome&populate[subcategorias][fields][1]=slug&populate[subcategorias][fields][2]=ordem&pagination[limit]=100
­ƒöî Fetching API: https://innovative-friendship-159ff40007.strapiapp.com/api/categorias?filters[slug][$eq]=cegueira&populate[produtos][populate]=*&populate[subcategorias][populate][produtos][populate]=*
­ƒöî Fetching API: https://innovative-friendship-159ff40007.strapiapp.com/api/categorias?sort=nome:asc&fields[0]=nome&fields[1]=slug&fields[2]=ordem&populate[subcategorias][fields][0]=nome&populate[subcategorias][fields][1]=slug&populate[subcategorias][fields][2]=ordem&pagination[limit]=100
­ƒöî Fetching API: https://innovative-friendship-159ff40007.strapiapp.com/api/categorias?filters[slug][$eq]=cegueira&populate[produtos][populate]=*&populate[subcategorias][populate][produtos][populate]=*
­ƒöî Fetching API: https://innovative-friendship-159ff40007.strapiapp.com/api/produtos?filters[subcategorias][slug][$eq]=computador-braille&populate=*&sort=ordem:asc
­ƒöî Fetching API: https://innovative-friendship-159ff40007.strapiapp.com/api/categorias?sort=nome:asc&fields[0]=nome&fields[1]=slug&fields[2]=ordem&populate[subcategorias][fields][0]=nome&populate[subcategorias][fields][1]=slug&populate[subcategorias][fields][2]=ordem&pagination[limit]=100
­ƒöî Fetching API: https://innovative-friendship-159ff40007.strapiapp.com/api/categorias?filters[slug][$eq]=cegueira&populate[produtos][populate]=*&populate[subcategorias][populate][produtos][populate]=*
­ƒöî Fetching API: https://innovative-friendship-159ff40007.strapiapp.com/api/categorias?sort=nome:asc&fields[0]=nome&fields[1]=slug&fields[2]=ordem&populate[subcategorias][fields][0]=nome&populate[subcategorias][fields][1]=slug&populate[subcategorias][fields][2]=ordem&pagination[limit]=100
­ƒöî Fetching API: https://innovative-friendship-159ff40007.strapiapp.com/api/categorias?filters[slug][$eq]=cegueira&populate[produtos][populate]=*&populate[subcategorias][populate][produtos][populate]=*
­ƒöî Fetching API: https://innovative-friendship-159ff40007.strapiapp.com/api/produtos?filters[subcategorias][slug][$eq]=computador-braille&populate=*&sort=ordem:asc
­ƒöî Fetching API: https://innovative-friendship-159ff40007.strapiapp.com/api/categorias?sort=nome:asc&fields[0]=nome&fields[1]=slug&fields[2]=ordem&populate[subcategorias][fields][0]=nome&populate[subcategorias][fields][1]=slug&populate[subcategorias][fields][2]=ordem&pagination[limit]=100
­ƒöî Fetching API: https://innovative-friendship-159ff40007.strapiapp.com/api/categorias?filters[slug][$eq]=cegueira&populate[produtos][populate]=*&populate[subcategorias][populate][produtos][populate]=*
­ƒöî Fetching API: https://innovative-friendship-159ff40007.strapiapp.com/api/categorias?sort=nome:asc&fields[0]=nome&fields[1]=slug&fields[2]=ordem&populate[subcategorias][fields][0]=nome&populate[subcategorias][fields][1]=slug&populate[subcategorias][fields][2]=ordem&pagination[limit]=100
­ƒöî Fetching API: https://innovative-friendship-159ff40007.strapiapp.com/api/categorias?filters[slug][$eq]=cegueira&populate[produtos][populate]=*&populate[subcategorias][populate][produtos][populate]=*
­ƒöî Fetching API: https://innovative-friendship-159ff40007.strapiapp.com/api/produtos?filters[subcategorias][slug][$eq]=maquina-de-escrever-braille&populate=*&sort=ordem:asc
­ƒöî Fetching API: https://innovative-friendship-159ff40007.strapiapp.com/api/categorias?sort=nome:asc&fields[0]=nome&fields[1]=slug&fields[2]=ordem&populate[subcategorias][fields][0]=nome&populate[subcategorias][fields][1]=slug&populate[subcategorias][fields][2]=ordem&pagination[limit]=100
­ƒöî Fetching API: https://innovative-friendship-159ff40007.strapiapp.com/api/categorias?filters[slug][$eq]=cegueira&populate[produtos][populate]=*&populate[subcategorias][populate][produtos][populate]=*
­ƒöî Fetching API: https://innovative-friendship-159ff40007.strapiapp.com/api/categorias?sort=nome:asc&fields[0]=nome&fields[1]=slug&fields[2]=ordem&populate[subcategorias][fields][0]=nome&populate[subcategorias][fields][1]=slug&populate[subcategorias][fields][2]=ordem&pagination[limit]=100
­ƒöî Fetching API: https://innovative-friendship-159ff40007.strapiapp.com/api/categorias?filters[slug][$eq]=cegueira&populate[produtos][populate]=*&populate[subcategorias][populate][produtos][populate]=*
­ƒöî Fetching API: https://innovative-friendship-159ff40007.strapiapp.com/api/produtos?filters[subcategorias][slug][$eq]=maquina-de-escrever-braille&populate=*&sort=ordem:asc
­ƒöî Fetching API: https://innovative-friendship-159ff40007.strapiapp.com/api/categorias?sort=nome:asc&fields[0]=nome&fields[1]=slug&fields[2]=ordem&populate[subcategorias][fields][0]=nome&populate[subcategorias][fields][1]=slug&populate[subcategorias][fields][2]=ordem&pagination[limit]=100
­ƒöî Fetching API: https://innovative-friendship-159ff40007.strapiapp.com/api/categorias?filters[slug][$eq]=cegueira&populate[produtos][populate]=*&populate[subcategorias][populate][produtos][populate]=*
­ƒöî Fetching API: https://innovative-friendship-159ff40007.strapiapp.com/api/categorias?sort=nome:asc&fields[0]=nome&fields[1]=slug&fields[2]=ordem&populate[subcategorias][fields][0]=nome&populate[subcategorias][fields][1]=slug&populate[subcategorias][fields][2]=ordem&pagination[limit]=100
­ƒöî Fetching API: https://innovative-friendship-159ff40007.strapiapp.com/api/categorias?filters[slug][$eq]=cegueira&populate[produtos][populate]=*&populate[subcategorias][populate][produtos][populate]=*
­ƒöî Fetching API: https://innovative-friendship-159ff40007.strapiapp.com/api/produtos?filters[subcategorias][slug][$eq]=software-leitor&populate=*&sort=ordem:asc
­ƒöî Fetching API: https://innovative-friendship-159ff40007.strapiapp.com/api/categorias?sort=nome:asc&fields[0]=nome&fields[1]=slug&fields[2]=ordem&populate[subcategorias][fields][0]=nome&populate[subcategorias][fields][1]=slug&populate[subcategorias][fields][2]=ordem&pagination[limit]=100
­ƒöî Fetching API: https://innovative-friendship-159ff40007.strapiapp.com/api/categorias?filters[slug][$eq]=cegueira&populate[produtos][populate]=*&populate[subcategorias][populate][produtos][populate]=*
­ƒöî Fetching API: https://innovative-friendship-159ff40007.strapiapp.com/api/categorias?sort=nome:asc&fields[0]=nome&fields[1]=slug&fields[2]=ordem&populate[subcategorias][fields][0]=nome&populate[subcategorias][fields][1]=slug&populate[subcategorias][fields][2]=ordem&pagination[limit]=100
­ƒöî Fetching API: https://innovative-friendship-159ff40007.strapiapp.com/api/categorias?filters[slug][$eq]=cegueira&populate[produtos][populate]=*&populate[subcategorias][populate][produtos][populate]=*
­ƒöî Fetching API: https://innovative-friendship-159ff40007.strapiapp.com/api/produtos?filters[subcategorias][slug][$eq]=software-leitor&populate=*&sort=ordem:asc
­ƒöî Fetching API: https://innovative-friendship-159ff40007.strapiapp.com/api/categorias?sort=nome:asc&fields[0]=nome&fields[1]=slug&fields[2]=ordem&populate[subcategorias][fields][0]=nome&populate[subcategorias][fields][1]=slug&populate[subcategorias][fields][2]=ordem&pagination[limit]=100
­ƒöî Fetching API: https://innovative-friendship-159ff40007.strapiapp.com/api/categorias?filters[slug][$eq]=cegueira&populate[produtos][populate]=*&populate[subcategorias][populate][produtos][populate]=*
Ô£à Imers├úo renderizada com sucesso: tecafuser
Ô£à Imers├úo renderizada com sucesso: tecafuser
­ƒöî Fetching API: https://innovative-friendship-159ff40007.strapiapp.com/api/categorias?sort=nome:asc&fields[0]=nome&fields[1]=slug&fields[2]=ordem&populate[subcategorias][fields][0]=nome&populate[subcategorias][fields][1]=slug&populate[subcategorias][fields][2]=ordem&pagination[limit]=100
­ƒöî Fetching API: https://innovative-friendship-159ff40007.strapiapp.com/api/categorias?filters[slug][$eq]=cegueira&populate[produtos][populate]=*&populate[subcategorias][populate][produtos][populate]=*
­ƒöî Fetching API: https://innovative-friendship-159ff40007.strapiapp.com/api/produtos?filters[subcategorias][slug][$eq]=impressora-braille-formulario-continuo&populate=*&sort=ordem:asc
­ƒöî Fetching API: https://innovative-friendship-159ff40007.strapiapp.com/api/categorias?sort=nome:asc&fields[0]=nome&fields[1]=slug&fields[2]=ordem&populate[subcategorias][fields][0]=nome&populate[subcategorias][fields][1]=slug&populate[subcategorias][fields][2]=ordem&pagination[limit]=100
­ƒöî Fetching API: https://innovative-friendship-159ff40007.strapiapp.com/api/categorias?filters[slug][$eq]=cegueira&populate[produtos][populate]=*&populate[subcategorias][populate][produtos][populate]=*
­ƒöî Fetching API: https://innovative-friendship-159ff40007.strapiapp.com/api/categorias?sort=nome:asc&fields[0]=nome&fields[1]=slug&fields[2]=ordem&populate[subcategorias][fields][0]=nome&populate[subcategorias][fields][1]=slug&populate[subcategorias][fields][2]=ordem&pagination[limit]=100
­ƒöî Fetching API: https://innovative-friendship-159ff40007.strapiapp.com/api/categorias?filters[slug][$eq]=cegueira&populate[produtos][populate]=*&populate[subcategorias][populate][produtos][populate]=*
­ƒöî Fetching API: https://innovative-friendship-159ff40007.strapiapp.com/api/produtos?filters[subcategorias][slug][$eq]=impressora-braille-formulario-continuo&populate=*&sort=ordem:asc
­ƒöî Fetching API: https://innovative-friendship-159ff40007.strapiapp.com/api/categorias?sort=nome:asc&fields[0]=nome&fields[1]=slug&fields[2]=ordem&populate[subcategorias][fields][0]=nome&populate[subcategorias][fields][1]=slug&populate[subcategorias][fields][2]=ordem&pagination[limit]=100
­ƒöî Fetching API: https://innovative-friendship-159ff40007.strapiapp.com/api/categorias?filters[slug][$eq]=cegueira&populate[produtos][populate]=*&populate[subcategorias][populate][produtos][populate]=*
­ƒöî Fetching API: https://innovative-friendship-159ff40007.strapiapp.com/api/categorias?sort=nome:asc&fields[0]=nome&fields[1]=slug&fields[2]=ordem&populate[subcategorias][fields][0]=nome&populate[subcategorias][fields][1]=slug&populate[subcategorias][fields][2]=ordem&pagination[limit]=100
­ƒöî Fetching API: https://innovative-friendship-159ff40007.strapiapp.com/api/categorias?filters[slug][$eq]=cegueira&populate[produtos][populate]=*&populate[subcategorias][populate][produtos][populate]=*
­ƒöî Fetching API: https://innovative-friendship-159ff40007.strapiapp.com/api/produtos?filters[subcategorias][slug][$eq]=software-leitor-de-telas-e-ampliador&populate=*&sort=ordem:asc
­ƒöî Fetching API: https://innovative-friendship-159ff40007.strapiapp.com/api/categorias?sort=nome:asc&fields[0]=nome&fields[1]=slug&fields[2]=ordem&populate[subcategorias][fields][0]=nome&populate[subcategorias][fields][1]=slug&populate[subcategorias][fields][2]=ordem&pagination[limit]=100
­ƒöî Fetching API: https://innovative-friendship-159ff40007.strapiapp.com/api/categorias?filters[slug][$eq]=cegueira&populate[produtos][populate]=*&populate[subcategorias][populate][produtos][populate]=*
­ƒöî Fetching API: https://innovative-friendship-159ff40007.strapiapp.com/api/categorias?sort=nome:asc&fields[0]=nome&fields[1]=slug&fields[2]=ordem&populate[subcategorias][fields][0]=nome&populate[subcategorias][fields][1]=slug&populate[subcategorias][fields][2]=ordem&pagination[limit]=100
­ƒöî Fetching API: https://innovative-friendship-159ff40007.strapiapp.com/api/categorias?filters[slug][$eq]=cegueira&populate[produtos][populate]=*&populate[subcategorias][populate][produtos][populate]=*
­ƒöî Fetching API: https://innovative-friendship-159ff40007.strapiapp.com/api/produtos?filters[subcategorias][slug][$eq]=software-leitor-de-telas-e-ampliador&populate=*&sort=ordem:asc
­ƒöî Fetching API: https://innovative-friendship-159ff40007.strapiapp.com/api/categorias?sort=nome:asc&fields[0]=nome&fields[1]=slug&fields[2]=ordem&populate[subcategorias][fields][0]=nome&populate[subcategorias][fields][1]=slug&populate[subcategorias][fields][2]=ordem&pagination[limit]=100
­ƒöî Fetching API: https://innovative-friendship-159ff40007.strapiapp.com/api/categorias?filters[slug][$eq]=cegueira&populate[produtos][populate]=*&populate[subcategorias][populate][produtos][populate]=*
Ô£à Imers├úo renderizada com sucesso: tecafuser
Ô£à Imers├úo renderizada com sucesso: tecafuser
­ƒöî Fetching API: https://innovative-friendship-159ff40007.strapiapp.com/api/categorias?sort=nome:asc&fields[0]=nome&fields[1]=slug&fields[2]=ordem&populate[subcategorias][fields][0]=nome&populate[subcategorias][fields][1]=slug&populate[subcategorias][fields][2]=ordem&pagination[limit]=100
­ƒöî Fetching API: https://innovative-friendship-159ff40007.strapiapp.com/api/categorias?filters[slug][$eq]=cegueira&populate[produtos][populate]=*&populate[subcategorias][populate][produtos][populate]=*
­ƒöî Fetching API: https://innovative-friendship-159ff40007.strapiapp.com/api/produtos?filters[subcategorias][slug][$eq]=leitor-e-digitalizador-autonomo&populate=*&sort=ordem:asc
­ƒöî Fetching API: https://innovative-friendship-159ff40007.strapiapp.com/api/categorias?sort=nome:asc&fields[0]=nome&fields[1]=slug&fields[2]=ordem&populate[subcategorias][fields][0]=nome&populate[subcategorias][fields][1]=slug&populate[subcategorias][fields][2]=ordem&pagination[limit]=100
­ƒöî Fetching API: https://innovative-friendship-159ff40007.strapiapp.com/api/categorias?filters[slug][$eq]=cegueira&populate[produtos][populate]=*&populate[subcategorias][populate][produtos][populate]=*
­ƒöî Fetching API: https://innovative-friendship-159ff40007.strapiapp.com/api/categorias?sort=nome:asc&fields[0]=nome&fields[1]=slug&fields[2]=ordem&populate[subcategorias][fields][0]=nome&populate[subcategorias][fields][1]=slug&populate[subcategorias][fields][2]=ordem&pagination[limit]=100
­ƒöî Fetching API: https://innovative-friendship-159ff40007.strapiapp.com/api/categorias?filters[slug][$eq]=cegueira&populate[produtos][populate]=*&populate[subcategorias][populate][produtos][populate]=*
­ƒöî Fetching API: https://innovative-friendship-159ff40007.strapiapp.com/api/produtos?filters[subcategorias][slug][$eq]=leitor-e-digitalizador-autonomo&populate=*&sort=ordem:asc
­ƒöî Fetching API: https://innovative-friendship-159ff40007.strapiapp.com/api/categorias?sort=nome:asc&fields[0]=nome&fields[1]=slug&fields[2]=ordem&populate[subcategorias][fields][0]=nome&populate[subcategorias][fields][1]=slug&populate[subcategorias][fields][2]=ordem&pagination[limit]=100
­ƒöî Fetching API: https://innovative-friendship-159ff40007.strapiapp.com/api/categorias?filters[slug][$eq]=cegueira&populate[produtos][populate]=*&populate[subcategorias][populate][produtos][populate]=*
­ƒöî Fetching API: https://innovative-friendship-159ff40007.strapiapp.com/api/categorias?sort=nome:asc&fields[0]=nome&fields[1]=slug&fields[2]=ordem&populate[subcategorias][fields][0]=nome&populate[subcategorias][fields][1]=slug&populate[subcategorias][fields][2]=ordem&pagination[limit]=100
­ƒöî Fetching API: https://innovative-friendship-159ff40007.strapiapp.com/api/categorias?filters[slug][$eq]=cegueira&populate[produtos][populate]=*&populate[subcategorias][populate][produtos][populate]=*
­ƒöî Fetching API: https://innovative-friendship-159ff40007.strapiapp.com/api/produtos?filters[subcategorias][slug][$eq]=impressora-braille-grande-producao&populate=*&sort=ordem:asc
­ƒöî Fetching API: https://innovative-friendship-159ff40007.strapiapp.com/api/categorias?sort=nome:asc&fields[0]=nome&fields[1]=slug&fields[2]=ordem&populate[subcategorias][fields][0]=nome&populate[subcategorias][fields][1]=slug&populate[subcategorias][fields][2]=ordem&pagination[limit]=100
­ƒöî Fetching API: https://innovative-friendship-159ff40007.strapiapp.com/api/categorias?filters[slug][$eq]=cegueira&populate[produtos][populate]=*&populate[subcategorias][populate][produtos][populate]=*
­ƒöî Fetching API: https://innovative-friendship-159ff40007.strapiapp.com/api/categorias?sort=nome:asc&fields[0]=nome&fields[1]=slug&fields[2]=ordem&populate[subcategorias][fields][0]=nome&populate[subcategorias][fields][1]=slug&populate[subcategorias][fields][2]=ordem&pagination[limit]=100
­ƒöî Fetching API: https://innovative-friendship-159ff40007.strapiapp.com/api/categorias?filters[slug][$eq]=cegueira&populate[produtos][populate]=*&populate[subcategorias][populate][produtos][populate]=*
­ƒöî Fetching API: https://innovative-friendship-159ff40007.strapiapp.com/api/produtos?filters[subcategorias][slug][$eq]=impressora-braille-grande-producao&populate=*&sort=ordem:asc
­ƒöî Fetching API: https://innovative-friendship-159ff40007.strapiapp.com/api/categorias?sort=nome:asc&fields[0]=nome&fields[1]=slug&fields[2]=ordem&populate[subcategorias][fields][0]=nome&populate[subcategorias][fields][1]=slug&populate[subcategorias][fields][2]=ordem&pagination[limit]=100
­ƒöî Fetching API: https://innovative-friendship-159ff40007.strapiapp.com/api/categorias?filters[slug][$eq]=cegueira&populate[produtos][populate]=*&populate[subcategorias][populate][produtos][populate]=*
­ƒöî Fetching API: https://innovative-friendship-159ff40007.strapiapp.com/api/categorias?sort=nome:asc&fields[0]=nome&fields[1]=slug&fields[2]=ordem&populate[subcategorias][fields][0]=nome&populate[subcategorias][fields][1]=slug&populate[subcategorias][fields][2]=ordem&pagination[limit]=100
­ƒöî Fetching API: https://innovative-friendship-159ff40007.strapiapp.com/api/categorias?filters[slug][$eq]=deficiencia-motora-e-cognitiva&populate[produtos][populate]=*&populate[subcategorias][populate][produtos][populate]=*
­ƒöî Fetching API: https://innovative-friendship-159ff40007.strapiapp.com/api/produtos?filters[subcategorias][slug][$eq]=acionador-de-pressao&populate=*&sort=ordem:asc
­ƒöî Fetching API: https://innovative-friendship-159ff40007.strapiapp.com/api/categorias?sort=nome:asc&fields[0]=nome&fields[1]=slug&fields[2]=ordem&populate[subcategorias][fields][0]=nome&populate[subcategorias][fields][1]=slug&populate[subcategorias][fields][2]=ordem&pagination[limit]=100
­ƒöî Fetching API: https://innovative-friendship-159ff40007.strapiapp.com/api/categorias?filters[slug][$eq]=deficiencia-motora-e-cognitiva&populate[produtos][populate]=*&populate[subcategorias][populate][produtos][populate]=*
­ƒöî Fetching API: https://innovative-friendship-159ff40007.strapiapp.com/api/categorias?sort=nome:asc&fields[0]=nome&fields[1]=slug&fields[2]=ordem&populate[subcategorias][fields][0]=nome&populate[subcategorias][fields][1]=slug&populate[subcategorias][fields][2]=ordem&pagination[limit]=100
­ƒöî Fetching API: https://innovative-friendship-159ff40007.strapiapp.com/api/categorias?filters[slug][$eq]=deficiencia-motora-e-cognitiva&populate[produtos][populate]=*&populate[subcategorias][populate][produtos][populate]=*
­ƒöî Fetching API: https://innovative-friendship-159ff40007.strapiapp.com/api/produtos?filters[subcategorias][slug][$eq]=acionador-de-pressao&populate=*&sort=ordem:asc
­ƒöî Fetching API: https://innovative-friendship-159ff40007.strapiapp.com/api/categorias?sort=nome:asc&fields[0]=nome&fields[1]=slug&fields[2]=ordem&populate[subcategorias][fields][0]=nome&populate[subcategorias][fields][1]=slug&populate[subcategorias][fields][2]=ordem&pagination[limit]=100
­ƒöî Fetching API: https://innovative-friendship-159ff40007.strapiapp.com/api/categorias?filters[slug][$eq]=deficiencia-motora-e-cognitiva&populate[produtos][populate]=*&populate[subcategorias][populate][produtos][populate]=*
­ƒöî Fetching API: https://innovative-friendship-159ff40007.strapiapp.com/api/categorias?sort=nome:asc&fields[0]=nome&fields[1]=slug&fields[2]=ordem&populate[subcategorias][fields][0]=nome&populate[subcategorias][fields][1]=slug&populate[subcategorias][fields][2]=ordem&pagination[limit]=100
­ƒöî Fetching API: https://innovative-friendship-159ff40007.strapiapp.com/api/categorias?filters[slug][$eq]=ferramenta-pedagogica&populate[produtos][populate]=*&populate[subcategorias][populate][produtos][populate]=*
­ƒöî Fetching API: https://innovative-friendship-159ff40007.strapiapp.com/api/produtos?filters[subcategorias][slug][$eq]=multiplano&populate=*&sort=ordem:asc
­ƒöî Fetching API: https://innovative-friendship-159ff40007.strapiapp.com/api/categorias?sort=nome:asc&fields[0]=nome&fields[1]=slug&fields[2]=ordem&populate[subcategorias][fields][0]=nome&populate[subcategorias][fields][1]=slug&populate[subcategorias][fields][2]=ordem&pagination[limit]=100
­ƒöî Fetching API: https://innovative-friendship-159ff40007.strapiapp.com/api/categorias?filters[slug][$eq]=ferramenta-pedagogica&populate[produtos][populate]=*&populate[subcategorias][populate][produtos][populate]=*
­ƒöî Fetching API: https://innovative-friendship-159ff40007.strapiapp.com/api/categorias?sort=nome:asc&fields[0]=nome&fields[1]=slug&fields[2]=ordem&populate[subcategorias][fields][0]=nome&populate[subcategorias][fields][1]=slug&populate[subcategorias][fields][2]=ordem&pagination[limit]=100
­ƒöî Fetching API: https://innovative-friendship-159ff40007.strapiapp.com/api/categorias?filters[slug][$eq]=ferramenta-pedagogica&populate[produtos][populate]=*&populate[subcategorias][populate][produtos][populate]=*
­ƒöî Fetching API: https://innovative-friendship-159ff40007.strapiapp.com/api/produtos?filters[subcategorias][slug][$eq]=multiplano&populate=*&sort=ordem:asc
­ƒöî Fetching API: https://innovative-friendship-159ff40007.strapiapp.com/api/categorias?sort=nome:asc&fields[0]=nome&fields[1]=slug&fields[2]=ordem&populate[subcategorias][fields][0]=nome&populate[subcategorias][fields][1]=slug&populate[subcategorias][fields][2]=ordem&pagination[limit]=100
­ƒöî Fetching API: https://innovative-friendship-159ff40007.strapiapp.com/api/categorias?filters[slug][$eq]=ferramenta-pedagogica&populate[produtos][populate]=*&populate[subcategorias][populate][produtos][populate]=*
­ƒöî Fetching API: https://innovative-friendship-159ff40007.strapiapp.com/api/categorias?sort=nome:asc&fields[0]=nome&fields[1]=slug&fields[2]=ordem&populate[subcategorias][fields][0]=nome&populate[subcategorias][fields][1]=slug&populate[subcategorias][fields][2]=ordem&pagination[limit]=100
­ƒöî Fetching API: https://innovative-friendship-159ff40007.strapiapp.com/api/categorias?filters[slug][$eq]=baixa-visao&populate[produtos][populate]=*&populate[subcategorias][populate][produtos][populate]=*
­ƒöî Fetching API: https://innovative-friendship-159ff40007.strapiapp.com/api/produtos?filters[subcategorias][slug][$eq]=teclado-ampliado&populate=*&sort=ordem:asc
­ƒöî Fetching API: https://innovative-friendship-159ff40007.strapiapp.com/api/categorias?sort=nome:asc&fields[0]=nome&fields[1]=slug&fields[2]=ordem&populate[subcategorias][fields][0]=nome&populate[subcategorias][fields][1]=slug&populate[subcategorias][fields][2]=ordem&pagination[limit]=100
­ƒöî Fetching API: https://innovative-friendship-159ff40007.strapiapp.com/api/categorias?filters[slug][$eq]=baixa-visao&populate[produtos][populate]=*&populate[subcategorias][populate][produtos][populate]=*
­ƒöî Fetching API: https://innovative-friendship-159ff40007.strapiapp.com/api/categorias?sort=nome:asc&fields[0]=nome&fields[1]=slug&fields[2]=ordem&populate[subcategorias][fields][0]=nome&populate[subcategorias][fields][1]=slug&populate[subcategorias][fields][2]=ordem&pagination[limit]=100
­ƒöî Fetching API: https://innovative-friendship-159ff40007.strapiapp.com/api/categorias?filters[slug][$eq]=baixa-visao&populate[produtos][populate]=*&populate[subcategorias][populate][produtos][populate]=*
­ƒöî Fetching API: https://innovative-friendship-159ff40007.strapiapp.com/api/produtos?filters[subcategorias][slug][$eq]=teclado-ampliado&populate=*&sort=ordem:asc
­ƒöî Fetching API: https://innovative-friendship-159ff40007.strapiapp.com/api/categorias?sort=nome:asc&fields[0]=nome&fields[1]=slug&fields[2]=ordem&populate[subcategorias][fields][0]=nome&populate[subcategorias][fields][1]=slug&populate[subcategorias][fields][2]=ordem&pagination[limit]=100
­ƒöî Fetching API: https://innovative-friendship-159ff40007.strapiapp.com/api/categorias?filters[slug][$eq]=baixa-visao&populate[produtos][populate]=*&populate[subcategorias][populate][produtos][populate]=*
­ƒöî Fetching API: https://innovative-friendship-159ff40007.strapiapp.com/api/categorias?sort=nome:asc&fields[0]=nome&fields[1]=slug&fields[2]=ordem&populate[subcategorias][fields][0]=nome&populate[subcategorias][fields][1]=slug&populate[subcategorias][fields][2]=ordem&pagination[limit]=100
­ƒöî Fetching API: https://innovative-friendship-159ff40007.strapiapp.com/api/categorias?filters[slug][$eq]=deficiencia-motora-e-cognitiva&populate[produtos][populate]=*&populate[subcategorias][populate][produtos][populate]=*
­ƒöî Fetching API: https://innovative-friendship-159ff40007.strapiapp.com/api/produtos?filters[subcategorias][slug][$eq]=escaner-com-voz&populate=*&sort=ordem:asc
­ƒöî Fetching API: https://innovative-friendship-159ff40007.strapiapp.com/api/categorias?sort=nome:asc&fields[0]=nome&fields[1]=slug&fields[2]=ordem&populate[subcategorias][fields][0]=nome&populate[subcategorias][fields][1]=slug&populate[subcategorias][fields][2]=ordem&pagination[limit]=100
­ƒöî Fetching API: https://innovative-friendship-159ff40007.strapiapp.com/api/categorias?filters[slug][$eq]=deficiencia-motora-e-cognitiva&populate[produtos][populate]=*&populate[subcategorias][populate][produtos][populate]=*
­ƒöî Fetching API: https://innovative-friendship-159ff40007.strapiapp.com/api/categorias?sort=nome:asc&fields[0]=nome&fields[1]=slug&fields[2]=ordem&populate[subcategorias][fields][0]=nome&populate[subcategorias][fields][1]=slug&populate[subcategorias][fields][2]=ordem&pagination[limit]=100
­ƒöî Fetching API: https://innovative-friendship-159ff40007.strapiapp.com/api/categorias?filters[slug][$eq]=deficiencia-motora-e-cognitiva&populate[produtos][populate]=*&populate[subcategorias][populate][produtos][populate]=*
­ƒöî Fetching API: https://innovative-friendship-159ff40007.strapiapp.com/api/produtos?filters[subcategorias][slug][$eq]=escaner-com-voz&populate=*&sort=ordem:asc
­ƒöî Fetching API: https://innovative-friendship-159ff40007.strapiapp.com/api/categorias?sort=nome:asc&fields[0]=nome&fields[1]=slug&fields[2]=ordem&populate[subcategorias][fields][0]=nome&populate[subcategorias][fields][1]=slug&populate[subcategorias][fields][2]=ordem&pagination[limit]=100
­ƒöî Fetching API: https://innovative-friendship-159ff40007.strapiapp.com/api/categorias?filters[slug][$eq]=deficiencia-motora-e-cognitiva&populate[produtos][populate]=*&populate[subcategorias][populate][produtos][populate]=*
­ƒöî Fetching API: https://innovative-friendship-159ff40007.strapiapp.com/api/categorias?sort=nome:asc&fields[0]=nome&fields[1]=slug&fields[2]=ordem&populate[subcategorias][fields][0]=nome&populate[subcategorias][fields][1]=slug&populate[subcategorias][fields][2]=ordem&pagination[limit]=100
­ƒöî Fetching API: https://innovative-friendship-159ff40007.strapiapp.com/api/categorias?filters[slug][$eq]=baixa-visao&populate[produtos][populate]=*&populate[subcategorias][populate][produtos][populate]=*
­ƒöî Fetching API: https://innovative-friendship-159ff40007.strapiapp.com/api/produtos?filters[subcategorias][slug][$eq]=ampliador-e-leitor-portatil&populate=*&sort=ordem:asc
­ƒöî Fetching API: https://innovative-friendship-159ff40007.strapiapp.com/api/categorias?sort=nome:asc&fields[0]=nome&fields[1]=slug&fields[2]=ordem&populate[subcategorias][fields][0]=nome&populate[subcategorias][fields][1]=slug&populate[subcategorias][fields][2]=ordem&pagination[limit]=100
­ƒöî Fetching API: https://innovative-friendship-159ff40007.strapiapp.com/api/categorias?filters[slug][$eq]=baixa-visao&populate[produtos][populate]=*&populate[subcategorias][populate][produtos][populate]=*
­ƒöî Fetching API: https://innovative-friendship-159ff40007.strapiapp.com/api/categorias?sort=nome:asc&fields[0]=nome&fields[1]=slug&fields[2]=ordem&populate[subcategorias][fields][0]=nome&populate[subcategorias][fields][1]=slug&populate[subcategorias][fields][2]=ordem&pagination[limit]=100
­ƒöî Fetching API: https://innovative-friendship-159ff40007.strapiapp.com/api/categorias?filters[slug][$eq]=baixa-visao&populate[produtos][populate]=*&populate[subcategorias][populate][produtos][populate]=*
­ƒöî Fetching API: https://innovative-friendship-159ff40007.strapiapp.com/api/produtos?filters[subcategorias][slug][$eq]=ampliador-e-leitor-portatil&populate=*&sort=ordem:asc
­ƒöî Fetching API: https://innovative-friendship-159ff40007.strapiapp.com/api/categorias?sort=nome:asc&fields[0]=nome&fields[1]=slug&fields[2]=ordem&populate[subcategorias][fields][0]=nome&populate[subcategorias][fields][1]=slug&populate[subcategorias][fields][2]=ordem&pagination[limit]=100
­ƒöî Fetching API: https://innovative-friendship-159ff40007.strapiapp.com/api/categorias?filters[slug][$eq]=baixa-visao&populate[produtos][populate]=*&populate[subcategorias][populate][produtos][populate]=*
­ƒöî Fetching API: https://innovative-friendship-159ff40007.strapiapp.com/api/categorias?sort=nome:asc&fields[0]=nome&fields[1]=slug&fields[2]=ordem&populate[subcategorias][fields][0]=nome&populate[subcategorias][fields][1]=slug&populate[subcategorias][fields][2]=ordem&pagination[limit]=100
­ƒöî Fetching API: https://innovative-friendship-159ff40007.strapiapp.com/api/categorias?filters[slug][$eq]=deficiencia-motora-e-cognitiva&populate[produtos][populate]=*&populate[subcategorias][populate][produtos][populate]=*
­ƒöî Fetching API: https://innovative-friendship-159ff40007.strapiapp.com/api/produtos?filters[subcategorias][slug][$eq]=mouse-estacionario-com-esfera&populate=*&sort=ordem:asc
­ƒöî Fetching API: https://innovative-friendship-159ff40007.strapiapp.com/api/categorias?sort=nome:asc&fields[0]=nome&fields[1]=slug&fields[2]=ordem&populate[subcategorias][fields][0]=nome&populate[subcategorias][fields][1]=slug&populate[subcategorias][fields][2]=ordem&pagination[limit]=100
­ƒöî Fetching API: https://innovative-friendship-159ff40007.strapiapp.com/api/categorias?filters[slug][$eq]=deficiencia-motora-e-cognitiva&populate[produtos][populate]=*&populate[subcategorias][populate][produtos][populate]=*
­ƒöî Fetching API: https://innovative-friendship-159ff40007.strapiapp.com/api/categorias?sort=nome:asc&fields[0]=nome&fields[1]=slug&fields[2]=ordem&populate[subcategorias][fields][0]=nome&populate[subcategorias][fields][1]=slug&populate[subcategorias][fields][2]=ordem&pagination[limit]=100
­ƒöî Fetching API: https://innovative-friendship-159ff40007.strapiapp.com/api/categorias?filters[slug][$eq]=deficiencia-motora-e-cognitiva&populate[produtos][populate]=*&populate[subcategorias][populate][produtos][populate]=*
­ƒöî Fetching API: https://innovative-friendship-159ff40007.strapiapp.com/api/produtos?filters[subcategorias][slug][$eq]=mouse-estacionario-com-esfera&populate=*&sort=ordem:asc
­ƒöî Fetching API: https://innovative-friendship-159ff40007.strapiapp.com/api/categorias?sort=nome:asc&fields[0]=nome&fields[1]=slug&fields[2]=ordem&populate[subcategorias][fields][0]=nome&populate[subcategorias][fields][1]=slug&populate[subcategorias][fields][2]=ordem&pagination[limit]=100
­ƒöî Fetching API: https://innovative-friendship-159ff40007.strapiapp.com/api/categorias?filters[slug][$eq]=deficiencia-motora-e-cognitiva&populate[produtos][populate]=*&populate[subcategorias][populate][produtos][populate]=*
­ƒöî Fetching API: https://innovative-friendship-159ff40007.strapiapp.com/api/categorias?sort=nome:asc&fields[0]=nome&fields[1]=slug&fields[2]=ordem&populate[subcategorias][fields][0]=nome&populate[subcategorias][fields][1]=slug&populate[subcategorias][fields][2]=ordem&pagination[limit]=100
­ƒöî Fetching API: https://innovative-friendship-159ff40007.strapiapp.com/api/categorias?filters[slug][$eq]=baixa-visao&populate[produtos][populate]=*&populate[subcategorias][populate][produtos][populate]=*
­ƒöî Fetching API: https://innovative-friendship-159ff40007.strapiapp.com/api/produtos?filters[subcategorias][slug][$eq]=software-ampliador&populate=*&sort=ordem:asc
­ƒöî Fetching API: https://innovative-friendship-159ff40007.strapiapp.com/api/categorias?sort=nome:asc&fields[0]=nome&fields[1]=slug&fields[2]=ordem&populate[subcategorias][fields][0]=nome&populate[subcategorias][fields][1]=slug&populate[subcategorias][fields][2]=ordem&pagination[limit]=100
­ƒöî Fetching API: https://innovative-friendship-159ff40007.strapiapp.com/api/categorias?filters[slug][$eq]=baixa-visao&populate[produtos][populate]=*&populate[subcategorias][populate][produtos][populate]=*
­ƒöî Fetching API: https://innovative-friendship-159ff40007.strapiapp.com/api/categorias?sort=nome:asc&fields[0]=nome&fields[1]=slug&fields[2]=ordem&populate[subcategorias][fields][0]=nome&populate[subcategorias][fields][1]=slug&populate[subcategorias][fields][2]=ordem&pagination[limit]=100
­ƒöî Fetching API: https://innovative-friendship-159ff40007.strapiapp.com/api/categorias?filters[slug][$eq]=baixa-visao&populate[produtos][populate]=*&populate[subcategorias][populate][produtos][populate]=*
­ƒöî Fetching API: https://innovative-friendship-159ff40007.strapiapp.com/api/produtos?filters[subcategorias][slug][$eq]=software-ampliador&populate=*&sort=ordem:asc
­ƒöî Fetching API: https://innovative-friendship-159ff40007.strapiapp.com/api/categorias?sort=nome:asc&fields[0]=nome&fields[1]=slug&fields[2]=ordem&populate[subcategorias][fields][0]=nome&populate[subcategorias][fields][1]=slug&populate[subcategorias][fields][2]=ordem&pagination[limit]=100
­ƒöî Fetching API: https://innovative-friendship-159ff40007.strapiapp.com/api/categorias?filters[slug][$eq]=baixa-visao&populate[produtos][populate]=*&populate[subcategorias][populate][produtos][populate]=*
­ƒöî Fetching API: https://innovative-friendship-159ff40007.strapiapp.com/api/categorias?sort=nome:asc&fields[0]=nome&fields[1]=slug&fields[2]=ordem&populate[subcategorias][fields][0]=nome&populate[subcategorias][fields][1]=slug&populate[subcategorias][fields][2]=ordem&pagination[limit]=100
­ƒöî Fetching API: https://innovative-friendship-159ff40007.strapiapp.com/api/categorias?filters[slug][$eq]=baixa-visao&populate[produtos][populate]=*&populate[subcategorias][populate][produtos][populate]=*
­ƒöî Fetching API: https://innovative-friendship-159ff40007.strapiapp.com/api/produtos?filters[subcategorias][slug][$eq]=ampliador-eletronico-de-mesa&populate=*&sort=ordem:asc
­ƒöî Fetching API: https://innovative-friendship-159ff40007.strapiapp.com/api/categorias?sort=nome:asc&fields[0]=nome&fields[1]=slug&fields[2]=ordem&populate[subcategorias][fields][0]=nome&populate[subcategorias][fields][1]=slug&populate[subcategorias][fields][2]=ordem&pagination[limit]=100
­ƒöî Fetching API: https://innovative-friendship-159ff40007.strapiapp.com/api/categorias?filters[slug][$eq]=baixa-visao&populate[produtos][populate]=*&populate[subcategorias][populate][produtos][populate]=*
­ƒöî Fetching API: https://innovative-friendship-159ff40007.strapiapp.com/api/categorias?sort=nome:asc&fields[0]=nome&fields[1]=slug&fields[2]=ordem&populate[subcategorias][fields][0]=nome&populate[subcategorias][fields][1]=slug&populate[subcategorias][fields][2]=ordem&pagination[limit]=100
­ƒöî Fetching API: https://innovative-friendship-159ff40007.strapiapp.com/api/categorias?filters[slug][$eq]=baixa-visao&populate[produtos][populate]=*&populate[subcategorias][populate][produtos][populate]=*
­ƒöî Fetching API: https://innovative-friendship-159ff40007.strapiapp.com/api/produtos?filters[subcategorias][slug][$eq]=ampliador-eletronico-de-mesa&populate=*&sort=ordem:asc
­ƒöî Fetching API: https://innovative-friendship-159ff40007.strapiapp.com/api/categorias?sort=nome:asc&fields[0]=nome&fields[1]=slug&fields[2]=ordem&populate[subcategorias][fields][0]=nome&populate[subcategorias][fields][1]=slug&populate[subcategorias][fields][2]=ordem&pagination[limit]=100
­ƒöî Fetching API: https://innovative-friendship-159ff40007.strapiapp.com/api/categorias?filters[slug][$eq]=baixa-visao&populate[produtos][populate]=*&populate[subcategorias][populate][produtos][populate]=*
­ƒöî Fetching API: https://innovative-friendship-159ff40007.strapiapp.com/api/categorias?sort=nome:asc&fields[0]=nome&fields[1]=slug&fields[2]=ordem&populate[subcategorias][fields][0]=nome&populate[subcategorias][fields][1]=slug&populate[subcategorias][fields][2]=ordem&pagination[limit]=100
­ƒöî Fetching API: https://innovative-friendship-159ff40007.strapiapp.com/api/categorias?filters[slug][$eq]=baixa-visao&populate[produtos][populate]=*&populate[subcategorias][populate][produtos][populate]=*
­ƒöî Fetching API: https://innovative-friendship-159ff40007.strapiapp.com/api/produtos?filters[subcategorias][slug][$eq]=software-leitor-de-telas-e-ampliador&populate=*&sort=ordem:asc
­ƒöî Fetching API: https://innovative-friendship-159ff40007.strapiapp.com/api/categorias?sort=nome:asc&fields[0]=nome&fields[1]=slug&fields[2]=ordem&populate[subcategorias][fields][0]=nome&populate[subcategorias][fields][1]=slug&populate[subcategorias][fields][2]=ordem&pagination[limit]=100
­ƒöî Fetching API: https://innovative-friendship-159ff40007.strapiapp.com/api/categorias?filters[slug][$eq]=baixa-visao&populate[produtos][populate]=*&populate[subcategorias][populate][produtos][populate]=*
­ƒöî Fetching API: https://innovative-friendship-159ff40007.strapiapp.com/api/categorias?sort=nome:asc&fields[0]=nome&fields[1]=slug&fields[2]=ordem&populate[subcategorias][fields][0]=nome&populate[subcategorias][fields][1]=slug&populate[subcategorias][fields][2]=ordem&pagination[limit]=100
­ƒöî Fetching API: https://innovative-friendship-159ff40007.strapiapp.com/api/categorias?filters[slug][$eq]=baixa-visao&populate[produtos][populate]=*&populate[subcategorias][populate][produtos][populate]=*
­ƒöî Fetching API: https://innovative-friendship-159ff40007.strapiapp.com/api/produtos?filters[subcategorias][slug][$eq]=software-leitor-de-telas-e-ampliador&populate=*&sort=ordem:asc
­ƒöî Fetching API: https://innovative-friendship-159ff40007.strapiapp.com/api/categorias?sort=nome:asc&fields[0]=nome&fields[1]=slug&fields[2]=ordem&populate[subcategorias][fields][0]=nome&populate[subcategorias][fields][1]=slug&populate[subcategorias][fields][2]=ordem&pagination[limit]=100
­ƒöî Fetching API: https://innovative-friendship-159ff40007.strapiapp.com/api/categorias?filters[slug][$eq]=baixa-visao&populate[produtos][populate]=*&populate[subcategorias][populate][produtos][populate]=*
­ƒöî Fetching API: https://innovative-friendship-159ff40007.strapiapp.com/api/categorias?sort=nome:asc&fields[0]=nome&fields[1]=slug&fields[2]=ordem&populate[subcategorias][fields][0]=nome&populate[subcategorias][fields][1]=slug&populate[subcategorias][fields][2]=ordem&pagination[limit]=100
­ƒöî Fetching API: https://innovative-friendship-159ff40007.strapiapp.com/api/categorias?filters[slug][$eq]=baixa-visao&populate[produtos][populate]=*&populate[subcategorias][populate][produtos][populate]=*
­ƒöî Fetching API: https://innovative-friendship-159ff40007.strapiapp.com/api/produtos?filters[subcategorias][slug][$eq]=ampliador-eletronico-portatil&populate=*&sort=ordem:asc
­ƒöî Fetching API: https://innovative-friendship-159ff40007.strapiapp.com/api/categorias?sort=nome:asc&fields[0]=nome&fields[1]=slug&fields[2]=ordem&populate[subcategorias][fields][0]=nome&populate[subcategorias][fields][1]=slug&populate[subcategorias][fields][2]=ordem&pagination[limit]=100
­ƒöî Fetching API: https://innovative-friendship-159ff40007.strapiapp.com/api/categorias?filters[slug][$eq]=baixa-visao&populate[produtos][populate]=*&populate[subcategorias][populate][produtos][populate]=*
­ƒöî Fetching API: https://innovative-friendship-159ff40007.strapiapp.com/api/categorias?sort=nome:asc&fields[0]=nome&fields[1]=slug&fields[2]=ordem&populate[subcategorias][fields][0]=nome&populate[subcategorias][fields][1]=slug&populate[subcategorias][fields][2]=ordem&pagination[limit]=100
­ƒöî Fetching API: https://innovative-friendship-159ff40007.strapiapp.com/api/categorias?filters[slug][$eq]=baixa-visao&populate[produtos][populate]=*&populate[subcategorias][populate][produtos][populate]=*
­ƒöî Fetching API: https://innovative-friendship-159ff40007.strapiapp.com/api/produtos?filters[subcategorias][slug][$eq]=ampliador-eletronico-portatil&populate=*&sort=ordem:asc
­ƒöî Fetching API: https://innovative-friendship-159ff40007.strapiapp.com/api/categorias?sort=nome:asc&fields[0]=nome&fields[1]=slug&fields[2]=ordem&populate[subcategorias][fields][0]=nome&populate[subcategorias][fields][1]=slug&populate[subcategorias][fields][2]=ordem&pagination[limit]=100
­ƒöî Fetching API: https://innovative-friendship-159ff40007.strapiapp.com/api/categorias?filters[slug][$eq]=baixa-visao&populate[produtos][populate]=*&populate[subcategorias][populate][produtos][populate]=*
­ƒöî Fetching API: https://innovative-friendship-159ff40007.strapiapp.com/api/categorias?sort=nome:asc&fields[0]=nome&fields[1]=slug&fields[2]=ordem&populate[subcategorias][fields][0]=nome&populate[subcategorias][fields][1]=slug&populate[subcategorias][fields][2]=ordem&pagination[limit]=100
­ƒöî Fetching API: https://innovative-friendship-159ff40007.strapiapp.com/api/categorias?filters[slug][$eq]=baixa-visao&populate[produtos][populate]=*&populate[subcategorias][populate][produtos][populate]=*
­ƒöî Fetching API: https://innovative-friendship-159ff40007.strapiapp.com/api/produtos?filters[subcategorias][slug][$eq]=computador-inclusivo&populate=*&sort=ordem:asc
­ƒöî Fetching API: https://innovative-friendship-159ff40007.strapiapp.com/api/categorias?sort=nome:asc&fields[0]=nome&fields[1]=slug&fields[2]=ordem&populate[subcategorias][fields][0]=nome&populate[subcategorias][fields][1]=slug&populate[subcategorias][fields][2]=ordem&pagination[limit]=100
­ƒöî Fetching API: https://innovative-friendship-159ff40007.strapiapp.com/api/categorias?filters[slug][$eq]=baixa-visao&populate[produtos][populate]=*&populate[subcategorias][populate][produtos][populate]=*
­ƒöî Fetching API: https://innovative-friendship-159ff40007.strapiapp.com/api/categorias?sort=nome:asc&fields[0]=nome&fields[1]=slug&fields[2]=ordem&populate[subcategorias][fields][0]=nome&populate[subcategorias][fields][1]=slug&populate[subcategorias][fields][2]=ordem&pagination[limit]=100
­ƒöî Fetching API: https://innovative-friendship-159ff40007.strapiapp.com/api/categorias?filters[slug][$eq]=baixa-visao&populate[produtos][populate]=*&populate[subcategorias][populate][produtos][populate]=*
­ƒöî Fetching API: https://innovative-friendship-159ff40007.strapiapp.com/api/produtos?filters[subcategorias][slug][$eq]=computador-inclusivo&populate=*&sort=ordem:asc
­ƒöî Fetching API: https://innovative-friendship-159ff40007.strapiapp.com/api/categorias?sort=nome:asc&fields[0]=nome&fields[1]=slug&fields[2]=ordem&populate[subcategorias][fields][0]=nome&populate[subcategorias][fields][1]=slug&populate[subcategorias][fields][2]=ordem&pagination[limit]=100
­ƒöî Fetching API: https://innovative-friendship-159ff40007.strapiapp.com/api/categorias?filters[slug][$eq]=baixa-visao&populate[produtos][populate]=*&populate[subcategorias][populate][produtos][populate]=*
­ƒöî Fetching API: https://innovative-friendship-159ff40007.strapiapp.com/api/categorias?sort=nome:asc&fields[0]=nome&fields[1]=slug&fields[2]=ordem&populate[subcategorias][fields][0]=nome&populate[subcategorias][fields][1]=slug&populate[subcategorias][fields][2]=ordem&pagination[limit]=100
­ƒöî Fetching API: https://innovative-friendship-159ff40007.strapiapp.com/api/categorias?filters[slug][$eq]=cegueira&populate[produtos][populate]=*&populate[subcategorias][populate][produtos][populate]=*
­ƒöî Fetching API: https://innovative-friendship-159ff40007.strapiapp.com/api/categorias?sort=nome:asc&fields[0]=nome&fields[1]=slug&fields[2]=ordem&populate[subcategorias][fields][0]=nome&populate[subcategorias][fields][1]=slug&populate[subcategorias][fields][2]=ordem&pagination[limit]=100
­ƒöî Fetching API: https://innovative-friendship-159ff40007.strapiapp.com/api/categorias?filters[slug][$eq]=cegueira&populate[produtos][populate]=*&populate[subcategorias][populate][produtos][populate]=*
­ƒöî Fetching API: https://innovative-friendship-159ff40007.strapiapp.com/api/categorias?sort=nome:asc&fields[0]=nome&fields[1]=slug&fields[2]=ordem&populate[subcategorias][fields][0]=nome&populate[subcategorias][fields][1]=slug&populate[subcategorias][fields][2]=ordem&pagination[limit]=100
­ƒöî Fetching API: https://innovative-friendship-159ff40007.strapiapp.com/api/categorias?filters[slug][$eq]=cegueira&populate[produtos][populate]=*&populate[subcategorias][populate][produtos][populate]=*
­ƒöî Fetching API: https://innovative-friendship-159ff40007.strapiapp.com/api/categorias?sort=nome:asc&fields[0]=nome&fields[1]=slug&fields[2]=ordem&populate[subcategorias][fields][0]=nome&populate[subcategorias][fields][1]=slug&populate[subcategorias][fields][2]=ordem&pagination[limit]=100
­ƒöî Fetching API: https://innovative-friendship-159ff40007.strapiapp.com/api/categorias?filters[slug][$eq]=cegueira&populate[produtos][populate]=*&populate[subcategorias][populate][produtos][populate]=*
­ƒöî Fetching API: https://innovative-friendship-159ff40007.strapiapp.com/api/categorias?sort=nome:asc&fields[0]=nome&fields[1]=slug&fields[2]=ordem&populate[subcategorias][fields][0]=nome&populate[subcategorias][fields][1]=slug&populate[subcategorias][fields][2]=ordem&pagination[limit]=100
­ƒöî Fetching API: https://innovative-friendship-159ff40007.strapiapp.com/api/categorias?filters[slug][$eq]=deficiencia-motora-e-cognitiva&populate[produtos][populate]=*&populate[subcategorias][populate][produtos][populate]=*
­ƒöî Fetching API: https://innovative-friendship-159ff40007.strapiapp.com/api/categorias?sort=nome:asc&fields[0]=nome&fields[1]=slug&fields[2]=ordem&populate[subcategorias][fields][0]=nome&populate[subcategorias][fields][1]=slug&populate[subcategorias][fields][2]=ordem&pagination[limit]=100
­ƒöî Fetching API: https://innovative-friendship-159ff40007.strapiapp.com/api/categorias?filters[slug][$eq]=deficiencia-motora-e-cognitiva&populate[produtos][populate]=*&populate[subcategorias][populate][produtos][populate]=*
­ƒöî Fetching API: https://innovative-friendship-159ff40007.strapiapp.com/api/categorias?sort=nome:asc&fields[0]=nome&fields[1]=slug&fields[2]=ordem&populate[subcategorias][fields][0]=nome&populate[subcategorias][fields][1]=slug&populate[subcategorias][fields][2]=ordem&pagination[limit]=100
­ƒöî Fetching API: https://innovative-friendship-159ff40007.strapiapp.com/api/categorias?filters[slug][$eq]=deficiencia-motora-e-cognitiva&populate[produtos][populate]=*&populate[subcategorias][populate][produtos][populate]=*
­ƒöî Fetching API: https://innovative-friendship-159ff40007.strapiapp.com/api/categorias?sort=nome:asc&fields[0]=nome&fields[1]=slug&fields[2]=ordem&populate[subcategorias][fields][0]=nome&populate[subcategorias][fields][1]=slug&populate[subcategorias][fields][2]=ordem&pagination[limit]=100
­ƒöî Fetching API: https://innovative-friendship-159ff40007.strapiapp.com/api/categorias?filters[slug][$eq]=deficiencia-motora-e-cognitiva&populate[produtos][populate]=*&populate[subcategorias][populate][produtos][populate]=*
­ƒöî Fetching API: https://innovative-friendship-159ff40007.strapiapp.com/api/categorias?sort=nome:asc&fields[0]=nome&fields[1]=slug&fields[2]=ordem&populate[subcategorias][fields][0]=nome&populate[subcategorias][fields][1]=slug&populate[subcategorias][fields][2]=ordem&pagination[limit]=100
­ƒöî Fetching API: https://innovative-friendship-159ff40007.strapiapp.com/api/categorias?filters[slug][$eq]=ferramenta-pedagogica&populate[produtos][populate]=*&populate[subcategorias][populate][produtos][populate]=*
­ƒöî Fetching API: https://innovative-friendship-159ff40007.strapiapp.com/api/categorias?sort=nome:asc&fields[0]=nome&fields[1]=slug&fields[2]=ordem&populate[subcategorias][fields][0]=nome&populate[subcategorias][fields][1]=slug&populate[subcategorias][fields][2]=ordem&pagination[limit]=100
­ƒöî Fetching API: https://innovative-friendship-159ff40007.strapiapp.com/api/categorias?filters[slug][$eq]=ferramenta-pedagogica&populate[produtos][populate]=*&populate[subcategorias][populate][produtos][populate]=*
­ƒöî Fetching API: https://innovative-friendship-159ff40007.strapiapp.com/api/categorias?sort=nome:asc&fields[0]=nome&fields[1]=slug&fields[2]=ordem&populate[subcategorias][fields][0]=nome&populate[subcategorias][fields][1]=slug&populate[subcategorias][fields][2]=ordem&pagination[limit]=100
­ƒöî Fetching API: https://innovative-friendship-159ff40007.strapiapp.com/api/categorias?filters[slug][$eq]=ferramenta-pedagogica&populate[produtos][populate]=*&populate[subcategorias][populate][produtos][populate]=*
­ƒöî Fetching API: https://innovative-friendship-159ff40007.strapiapp.com/api/categorias?sort=nome:asc&fields[0]=nome&fields[1]=slug&fields[2]=ordem&populate[subcategorias][fields][0]=nome&populate[subcategorias][fields][1]=slug&populate[subcategorias][fields][2]=ordem&pagination[limit]=100
­ƒöî Fetching API: https://innovative-friendship-159ff40007.strapiapp.com/api/categorias?filters[slug][$eq]=ferramenta-pedagogica&populate[produtos][populate]=*&populate[subcategorias][populate][produtos][populate]=*
­ƒöî Fetching API: https://innovative-friendship-159ff40007.strapiapp.com/api/categorias?sort=nome:asc&fields[0]=nome&fields[1]=slug&fields[2]=ordem&populate[subcategorias][fields][0]=nome&populate[subcategorias][fields][1]=slug&populate[subcategorias][fields][2]=ordem&pagination[limit]=100
­ƒöî Fetching API: https://innovative-friendship-159ff40007.strapiapp.com/api/categorias?filters[slug][$eq]=baixa-visao&populate[produtos][populate]=*&populate[subcategorias][populate][produtos][populate]=*
­ƒöî Fetching API: https://innovative-friendship-159ff40007.strapiapp.com/api/categorias?sort=nome:asc&fields[0]=nome&fields[1]=slug&fields[2]=ordem&populate[subcategorias][fields][0]=nome&populate[subcategorias][fields][1]=slug&populate[subcategorias][fields][2]=ordem&pagination[limit]=100
­ƒöî Fetching API: https://innovative-friendship-159ff40007.strapiapp.com/api/categorias?filters[slug][$eq]=baixa-visao&populate[produtos][populate]=*&populate[subcategorias][populate][produtos][populate]=*
­ƒöî Fetching API: https://innovative-friendship-159ff40007.strapiapp.com/api/categorias?sort=nome:asc&fields[0]=nome&fields[1]=slug&fields[2]=ordem&populate[subcategorias][fields][0]=nome&populate[subcategorias][fields][1]=slug&populate[subcategorias][fields][2]=ordem&pagination[limit]=100
­ƒöî Fetching API: https://innovative-friendship-159ff40007.strapiapp.com/api/categorias?filters[slug][$eq]=baixa-visao&populate[produtos][populate]=*&populate[subcategorias][populate][produtos][populate]=*
­ƒöî Fetching API: https://innovative-friendship-159ff40007.strapiapp.com/api/categorias?sort=nome:asc&fields[0]=nome&fields[1]=slug&fields[2]=ordem&populate[subcategorias][fields][0]=nome&populate[subcategorias][fields][1]=slug&populate[subcategorias][fields][2]=ordem&pagination[limit]=100
­ƒöî Fetching API: https://innovative-friendship-159ff40007.strapiapp.com/api/categorias?filters[slug][$eq]=baixa-visao&populate[produtos][populate]=*&populate[subcategorias][populate][produtos][populate]=*
 Ô£ô Generating static pages (153/153)
   Finalizing page optimization ...
   Collecting build traces ...
­ƒöî Fetching API: https://innovative-friendship-159ff40007.strapiapp.com/api/categorias?sort=nome:asc&fields[0]=nome&fields[1]=slug&fields[2]=ordem&populate[subcategorias][fields][0]=nome&populate[subcategorias][fields][1]=slug&populate[subcategorias][fields][2]=ordem&pagination[limit]=100
­ƒöî Fetching API: https://innovative-friendship-159ff40007.strapiapp.com/api/categorias?sort=nome:asc&fields[0]=nome&fields[1]=slug&fields[2]=ordem&populate[subcategorias][fields][0]=nome&populate[subcategorias][fields][1]=slug&populate[subcategorias][fields][2]=ordem&pagination[limit]=100

Route (app)                                                         Size     First Load JS
Ôöî Ôùï /                                                               4.67 kB         137 kB
Ôö£ Ôùï /_not-found                                                     146 B          87.5 kB
Ôö£ Ôùï /ambientes                                                      195 B           101 kB
Ôö£ ÔùÅ /ambientes/[slug]                                               195 B           101 kB
Ôö£   Ôö£ /ambientes/ambiente-escolar
Ôö£   Ôö£ /ambientes/biblioteca-acessivel
Ôö£   Ôö£ /ambientes/instituto-federal
Ôö£   Ôöö /ambientes/universidade-federal
Ôö£ ÔùÅ /ambientes/[slug]/[subslug]                                     195 B           101 kB
Ôö£   Ôö£ /ambientes/ambiente-escolar/sala-de-aula
Ôö£   Ôö£ /ambientes/ambiente-escolar/sala-de-recurso-multifuncional
Ôö£   Ôö£ /ambientes/ambiente-escolar/biblioteca-escolar
Ôö£   Ôöö [+6 more paths]
Ôö£ Ôùï /atas-abertas                                                   5.62 kB         107 kB
Ôö£ Ôùï /busca                                                          3.36 kB         105 kB
Ôö£ Ôùï /comparativo-impressao                                          179 B          96.2 kB
Ôö£ Ôùï /contato                                                        2.37 kB         104 kB
Ôö£ Ôùï /em-construcao                                                  179 B          96.2 kB
Ôö£ ÔùÅ /imersao/[slug]                                                 195 B           101 kB
Ôö£   Ôö£ /imersao/rubyxl
Ôö£   Ôö£ /imersao/teclado-colmeia
Ôö£   Ôö£ /imersao/brincabraille
Ôö£   Ôöö [+19 more paths]
Ôö£ Ôùï /produtos                                                       3.21 kB         110 kB
Ôö£ ÔùÅ /produtos/[slug]                                                12.4 kB         145 kB
Ôö£   Ôö£ /produtos/liber
Ôö£   Ôö£ /produtos/liber-mais-2026
Ôö£   Ôö£ /produtos/everest
Ôö£   Ôöö [+38 more paths]
Ôö£ ÔùÅ /produtos/categorias/[slug]                                     2.71 kB         104 kB
Ôö£   Ôö£ /produtos/categorias/cegueira
Ôö£   Ôö£ /produtos/categorias/deficiencia-motora-e-cognitiva
Ôö£   Ôö£ /produtos/categorias/ferramenta-pedagogica
Ôö£   Ôöö /produtos/categorias/baixa-visao
Ôö£ ÔùÅ /produtos/categorias/[slug]/[subslug]                           1.33 kB         103 kB
Ôö£   Ôö£ /produtos/categorias/cegueira/impressora-braille-folha-solta
Ôö£   Ôö£ /produtos/categorias/cegueira/linha-braille
Ôö£   Ôö£ /produtos/categorias/cegueira/impressora-termica-de-relevos
Ôö£   Ôöö [+20 more paths]
Ôö£ ÔùÅ /produtos/fabricante/[slug]                                     1.33 kB         103 kB
Ôö£   Ôö£ /produtos/fabricante/tecassistiva
Ôö£   Ôö£ /produtos/fabricante/index-braille
Ôö£   Ôö£ /produtos/fabricante/freedom-scientific
Ôö£   Ôöö [+11 more paths]
Ôö£ ÔùÅ /produtos/imersao/[slug]                                        195 B           101 kB
Ôö£   Ôö£ /produtos/imersao/rubyxl
Ôö£   Ôö£ /produtos/imersao/teclado-colmeia
Ôö£   Ôö£ /produtos/imersao/brincabraille
Ôö£   Ôöö [+19 more paths]
Ôö£ Ôùï /suporte                                                        5.3 kB          112 kB
Ôö£ Ôùï /tecassistiva                                                   830 B           133 kB
Ôöö Ôùï /vantagens-index-basic                                          146 B          87.5 kB
+ First Load JS shared by all                                       87.3 kB
  Ôö£ chunks/117-8fc7c5043e269fde.js                                  31.7 kB
  Ôö£ chunks/fd9d1056-b311de498bb65cff.js                             53.6 kB
  Ôöö other shared chunks (total)                                     1.97 kB


Ôùï  (Static)  prerendered as static content
ÔùÅ  (SSG)     prerendered as static HTML (uses getStaticProps)

